Archive member included to satisfy reference by file (symbol)

c:/program files (x86)/atmel/studio/7.0/toolchain/avr8/avr8-gnu-toolchain/bin/../lib/gcc/avr/5.4.0/avrxmega7\libgcc.a(_divmodhi4.o)
                              main.o (__divmodhi4)
c:/program files (x86)/atmel/studio/7.0/toolchain/avr8/avr8-gnu-toolchain/bin/../lib/gcc/avr/5.4.0/avrxmega7\libgcc.a(_udivmodsi4.o)
                              UART.o (__udivmodsi4)
c:/program files (x86)/atmel/studio/7.0/toolchain/avr8/avr8-gnu-toolchain/bin/../lib/gcc/avr/5.4.0/avrxmega7\libgcc.a(_exit.o)
                              C:/Program Files (x86)/Atmel/Studio/7.0/Packs/atmel/XMEGAA_DFP/1.1.68/gcc/dev/atxmega128a1u/avrxmega7/crtatxmega128a1u.o (exit)
c:/program files (x86)/atmel/studio/7.0/toolchain/avr8/avr8-gnu-toolchain/bin/../lib/gcc/avr/5.4.0/avrxmega7\libgcc.a(_copy_data.o)
                              main.o (__do_copy_data)
c:/program files (x86)/atmel/studio/7.0/toolchain/avr8/avr8-gnu-toolchain/bin/../lib/gcc/avr/5.4.0/avrxmega7\libgcc.a(_mulhisi3.o)
                              main.o (__mulhisi3)
c:/program files (x86)/atmel/studio/7.0/toolchain/avr8/avr8-gnu-toolchain/bin/../lib/gcc/avr/5.4.0/avrxmega7\libgcc.a(_umulhisi3.o)
                              c:/program files (x86)/atmel/studio/7.0/toolchain/avr8/avr8-gnu-toolchain/bin/../lib/gcc/avr/5.4.0/avrxmega7\libgcc.a(_mulhisi3.o) (__umulhisi3)
c:/program files (x86)/atmel/studio/7.0/toolchain/avr8/avr8-gnu-toolchain/bin/../lib/gcc/avr/5.4.0/avrxmega7\libgcc.a(_usmulhisi3.o)
                              c:/program files (x86)/atmel/studio/7.0/toolchain/avr8/avr8-gnu-toolchain/bin/../lib/gcc/avr/5.4.0/avrxmega7\libgcc.a(_mulhisi3.o) (__usmulhisi3_tail)
c:/program files (x86)/atmel/studio/7.0/toolchain/avr8/avr8-gnu-toolchain/bin/../lib/gcc/avr/5.4.0/avrxmega7\libgcc.a(_udivmodhi4.o)
                              c:/program files (x86)/atmel/studio/7.0/toolchain/avr8/avr8-gnu-toolchain/bin/../lib/gcc/avr/5.4.0/avrxmega7\libgcc.a(_divmodhi4.o) (__udivmodhi4)

Memory Configuration

Name             Origin             Length             Attributes
text             0x00000000         0x00100000         xr
data             0x00802000         0x0000ffa0         rw !x
eeprom           0x00810000         0x00010000         rw !x
fuse             0x00820000         0x00000006         rw !x
lock             0x00830000         0x00000400         rw !x
signature        0x00840000         0x00000400         rw !x
user_signatures  0x00850000         0x00000400         rw !x
*default*        0x00000000         0xffffffff

Linker script and memory map

LOAD C:/Program Files (x86)/Atmel/Studio/7.0/Packs/atmel/XMEGAA_DFP/1.1.68/gcc/dev/atxmega128a1u/avrxmega7/crtatxmega128a1u.o
LOAD main.o
LOAD sp_driver.o
LOAD TWI.o
LOAD UART.o
START GROUP
LOAD c:/program files (x86)/atmel/studio/7.0/toolchain/avr8/avr8-gnu-toolchain/bin/../lib/gcc/avr/5.4.0/../../../../avr/lib/avrxmega7\libm.a
END GROUP
Address of section .BOOT set to 0x20000
Address of section .jmp_table set to 0x3f00
Address of section .application set to 0x4000
LOAD c:/program files (x86)/atmel/studio/7.0/toolchain/avr8/avr8-gnu-toolchain/bin/../lib/gcc/avr/5.4.0/avrxmega7\libgcc.a
LOAD c:/program files (x86)/atmel/studio/7.0/toolchain/avr8/avr8-gnu-toolchain/bin/../lib/gcc/avr/5.4.0/../../../../avr/lib/avrxmega7\libm.a
START GROUP
LOAD c:/program files (x86)/atmel/studio/7.0/toolchain/avr8/avr8-gnu-toolchain/bin/../lib/gcc/avr/5.4.0/avrxmega7\libgcc.a
LOAD c:/program files (x86)/atmel/studio/7.0/toolchain/avr8/avr8-gnu-toolchain/bin/../lib/gcc/avr/5.4.0/../../../../avr/lib/avrxmega7\libm.a
LOAD c:/program files (x86)/atmel/studio/7.0/toolchain/avr8/avr8-gnu-toolchain/bin/../lib/gcc/avr/5.4.0/../../../../avr/lib/avrxmega7\libc.a
LOAD C:/Program Files (x86)/Atmel/Studio/7.0/Packs/atmel/XMEGAA_DFP/1.1.68/gcc/dev/atxmega128a1u/avrxmega7\libatxmega128a1u.a
END GROUP
                0x00100000                __TEXT_REGION_LENGTH__ = DEFINED (__TEXT_REGION_LENGTH__)?__TEXT_REGION_LENGTH__:0x100000
                0x0000ffa0                __DATA_REGION_LENGTH__ = DEFINED (__DATA_REGION_LENGTH__)?__DATA_REGION_LENGTH__:0xffa0
                0x00010000                __EEPROM_REGION_LENGTH__ = DEFINED (__EEPROM_REGION_LENGTH__)?__EEPROM_REGION_LENGTH__:0x10000
                [0x00000006]                __FUSE_REGION_LENGTH__ = DEFINED (__FUSE_REGION_LENGTH__)?__FUSE_REGION_LENGTH__:0x400
                0x00000400                __LOCK_REGION_LENGTH__ = DEFINED (__LOCK_REGION_LENGTH__)?__LOCK_REGION_LENGTH__:0x400
                0x00000400                __SIGNATURE_REGION_LENGTH__ = DEFINED (__SIGNATURE_REGION_LENGTH__)?__SIGNATURE_REGION_LENGTH__:0x400
                0x00000400                __USER_SIGNATURE_REGION_LENGTH__ = DEFINED (__USER_SIGNATURE_REGION_LENGTH__)?__USER_SIGNATURE_REGION_LENGTH__:0x400

.hash
 *(.hash)

.dynsym
 *(.dynsym)

.dynstr
 *(.dynstr)

.gnu.version
 *(.gnu.version)

.gnu.version_d
 *(.gnu.version_d)

.gnu.version_r
 *(.gnu.version_r)

.rel.init
 *(.rel.init)

.rela.init
 *(.rela.init)

.rel.text
 *(.rel.text)
 *(.rel.text.*)
 *(.rel.gnu.linkonce.t*)

.rela.text
 *(.rela.text)
 *(.rela.text.*)
 *(.rela.gnu.linkonce.t*)

.rel.fini
 *(.rel.fini)

.rela.fini
 *(.rela.fini)

.rel.rodata
 *(.rel.rodata)
 *(.rel.rodata.*)
 *(.rel.gnu.linkonce.r*)

.rela.rodata
 *(.rela.rodata)
 *(.rela.rodata.*)
 *(.rela.gnu.linkonce.r*)

.rel.data
 *(.rel.data)
 *(.rel.data.*)
 *(.rel.gnu.linkonce.d*)

.rela.data
 *(.rela.data)
 *(.rela.data.*)
 *(.rela.gnu.linkonce.d*)

.rel.ctors
 *(.rel.ctors)

.rela.ctors
 *(.rela.ctors)

.rel.dtors
 *(.rel.dtors)

.rela.dtors
 *(.rela.dtors)

.rel.got
 *(.rel.got)

.rela.got
 *(.rela.got)

.rel.bss
 *(.rel.bss)

.rela.bss
 *(.rela.bss)

.rel.plt
 *(.rel.plt)

.rela.plt
 *(.rela.plt)

.text           0x00000000     0x1064
 *(.vectors)
 .vectors       0x00000000      0x1fc C:/Program Files (x86)/Atmel/Studio/7.0/Packs/atmel/XMEGAA_DFP/1.1.68/gcc/dev/atxmega128a1u/avrxmega7/crtatxmega128a1u.o
                0x00000000                __vector_default
                0x00000000                __vectors
 *(.vectors)
 *(.progmem.gcc*)
                0x000001fc                . = ALIGN (0x2)
                0x000001fc                __trampolines_start = .
 *(.trampolines)
 .trampolines   0x000001fc       0x44 linker stubs
 *(.trampolines*)
                0x00000240                __trampolines_end = .
 *libprintf_flt.a:*(.progmem.data)
 *libc.a:*(.progmem.data)
 *(.progmem*)
                0x00000240                . = ALIGN (0x2)
 *(.jumptables)
 *(.jumptables*)
 *(.lowtext)
 *(.lowtext*)
                0x00000240                __ctors_start = .
 *(.ctors)
                0x00000240                __ctors_end = .
                0x00000240                __dtors_start = .
 *(.dtors)
                0x00000240                __dtors_end = .
 SORT(*)(.ctors)
 SORT(*)(.dtors)
 *(.init0)
 .init0         0x00000240        0x0 C:/Program Files (x86)/Atmel/Studio/7.0/Packs/atmel/XMEGAA_DFP/1.1.68/gcc/dev/atxmega128a1u/avrxmega7/crtatxmega128a1u.o
                0x00000240                __init
 *(.init0)
 *(.init1)
 *(.init1)
 *(.init2)
 .init2         0x00000240       0x18 C:/Program Files (x86)/Atmel/Studio/7.0/Packs/atmel/XMEGAA_DFP/1.1.68/gcc/dev/atxmega128a1u/avrxmega7/crtatxmega128a1u.o
 *(.init2)
 *(.init3)
 *(.init3)
 *(.init4)
 .init4         0x00000258       0x1c c:/program files (x86)/atmel/studio/7.0/toolchain/avr8/avr8-gnu-toolchain/bin/../lib/gcc/avr/5.4.0/avrxmega7\libgcc.a(_copy_data.o)
                0x00000258                __do_copy_data
 *(.init4)
 *(.init5)
 *(.init5)
 *(.init6)
 *(.init6)
 *(.init7)
 *(.init7)
 *(.init8)
 *(.init8)
 *(.init9)
 .init9         0x00000274        0x8 C:/Program Files (x86)/Atmel/Studio/7.0/Packs/atmel/XMEGAA_DFP/1.1.68/gcc/dev/atxmega128a1u/avrxmega7/crtatxmega128a1u.o
 *(.init9)
 *(.text)
 .text          0x0000027c        0x4 C:/Program Files (x86)/Atmel/Studio/7.0/Packs/atmel/XMEGAA_DFP/1.1.68/gcc/dev/atxmega128a1u/avrxmega7/crtatxmega128a1u.o
                0x0000027c                __vector_38
                0x0000027c                __vector_104
                0x0000027c                __vector_22
                0x0000027c                __vector_63
                0x0000027c                __vector_28
                0x0000027c                __vector_67
                0x0000027c                __vector_1
                0x0000027c                __vector_119
                0x0000027c                __vector_32
                0x0000027c                __vector_75
                0x0000027c                __vector_71
                0x0000027c                __vector_91
                0x0000027c                __vector_34
                0x0000027c                __vector_62
                0x0000027c                __vector_77
                0x0000027c                __vector_102
                0x0000027c                __vector_24
                0x0000027c                __vector_12
                0x0000027c                __vector_55
                0x0000027c                __vector_69
                0x0000027c                __vector_81
                0x0000027c                __vector_90
                0x0000027c                __vector_46
                0x0000027c                __bad_interrupt
                0x0000027c                __vector_122
                0x0000027c                __vector_72
                0x0000027c                __vector_114
                0x0000027c                __vector_6
                0x0000027c                __vector_110
                0x0000027c                __vector_31
                0x0000027c                __vector_92
                0x0000027c                __vector_35
                0x0000027c                __vector_78
                0x0000027c                __vector_74
                0x0000027c                __vector_117
                0x0000027c                __vector_39
                0x0000027c                __vector_107
                0x0000027c                __vector_3
                0x0000027c                __vector_105
                0x0000027c                __vector_98
                0x0000027c                __vector_23
                0x0000027c                __vector_68
                0x0000027c                __vector_30
                0x0000027c                __vector_73
                0x0000027c                __vector_45
                0x0000027c                __vector_25
                0x0000027c                __vector_93
                0x0000027c                __vector_61
                0x0000027c                __vector_11
                0x0000027c                __vector_54
                0x0000027c                __vector_99
                0x0000027c                __vector_13
                0x0000027c                __vector_17
                0x0000027c                __vector_19
                0x0000027c                __vector_56
                0x0000027c                __vector_7
                0x0000027c                __vector_125
                0x0000027c                __vector_49
                0x0000027c                __vector_123
                0x0000027c                __vector_41
                0x0000027c                __vector_86
                0x0000027c                __vector_100
                0x0000027c                __vector_101
                0x0000027c                __vector_64
                0x0000027c                __vector_88
                0x0000027c                __vector_109
                0x0000027c                __vector_43
                0x0000027c                __vector_27
                0x0000027c                __vector_5
                0x0000027c                __vector_113
                0x0000027c                __vector_33
                0x0000027c                __vector_76
                0x0000027c                __vector_115
                0x0000027c                __vector_47
                0x0000027c                __vector_52
                0x0000027c                __vector_37
                0x0000027c                __vector_95
                0x0000027c                __vector_103
                0x0000027c                __vector_96
                0x0000027c                __vector_89
                0x0000027c                __vector_108
                0x0000027c                __vector_4
                0x0000027c                __vector_44
                0x0000027c                __vector_82
                0x0000027c                __vector_106
                0x0000027c                __vector_118
                0x0000027c                __vector_51
                0x0000027c                __vector_9
                0x0000027c                __vector_2
                0x0000027c                __vector_21
                0x0000027c                __vector_15
                0x0000027c                __vector_66
                0x0000027c                __vector_36
                0x0000027c                __vector_79
                0x0000027c                __vector_58
                0x0000027c                __vector_70
                0x0000027c                __vector_83
                0x0000027c                __vector_29
                0x0000027c                __vector_60
                0x0000027c                __vector_121
                0x0000027c                __vector_40
                0x0000027c                __vector_85
                0x0000027c                __vector_94
                0x0000027c                __vector_126
                0x0000027c                __vector_8
                0x0000027c                __vector_26
                0x0000027c                __vector_48
                0x0000027c                __vector_124
                0x0000027c                __vector_116
                0x0000027c                __vector_112
                0x0000027c                __vector_111
                0x0000027c                __vector_80
                0x0000027c                __vector_14
                0x0000027c                __vector_84
                0x0000027c                __vector_57
                0x0000027c                __vector_53
                0x0000027c                __vector_10
                0x0000027c                __vector_50
                0x0000027c                __vector_16
                0x0000027c                __vector_59
                0x0000027c                __vector_18
                0x0000027c                __vector_97
                0x0000027c                __vector_20
                0x0000027c                __vector_42
                0x0000027c                __vector_87
                0x0000027c                __vector_65
                0x0000027c                __vector_120
 .text          0x00000280        0x0 main.o
 .text          0x00000280      0x108 sp_driver.o
                0x00000280                SP_ReadByte
                0x0000028c                SP_ReadWord
                0x0000029a                SP_ReadCalibrationByte
                0x0000029e                SP_ReadUserSignatureByte
                0x000002a2                SP_ReadFuseByte
                0x000002b8                SP_WriteLockBits
                0x000002c0                SP_ReadLockBits
                0x000002c6                SP_EraseUserSignatureRow
                0x000002ce                SP_WriteUserSignatureRow
                0x000002d6                SP_EraseApplicationSection
                0x000002de                SP_EraseApplicationPage
                0x000002ea                SP_LoadFlashWord
                0x000002f4                SP_WriteApplicationPage
                0x00000300                SP_EraseWriteApplicationPage
                0x0000030c                SP_EraseFlashBuffer
                0x00000314                SP_EraseBootPage
                0x00000320                SP_WriteBootPage
                0x0000032c                SP_EraseWriteBootPage
                0x00000338                SP_ApplicationCRC
                0x0000033c                SP_BootCRC
                0x00000340                SP_LockSPM
                0x0000034e                SP_WaitForSPM
 .text          0x00000388        0x0 TWI.o
 .text          0x00000388        0x0 UART.o
 .text          0x00000388        0x0 c:/program files (x86)/atmel/studio/7.0/toolchain/avr8/avr8-gnu-toolchain/bin/../lib/gcc/avr/5.4.0/avrxmega7\libgcc.a(_divmodhi4.o)
 .text          0x00000388        0x0 c:/program files (x86)/atmel/studio/7.0/toolchain/avr8/avr8-gnu-toolchain/bin/../lib/gcc/avr/5.4.0/avrxmega7\libgcc.a(_udivmodsi4.o)
 .text          0x00000388        0x0 c:/program files (x86)/atmel/studio/7.0/toolchain/avr8/avr8-gnu-toolchain/bin/../lib/gcc/avr/5.4.0/avrxmega7\libgcc.a(_exit.o)
 .text          0x00000388        0x0 c:/program files (x86)/atmel/studio/7.0/toolchain/avr8/avr8-gnu-toolchain/bin/../lib/gcc/avr/5.4.0/avrxmega7\libgcc.a(_copy_data.o)
 .text          0x00000388        0x0 c:/program files (x86)/atmel/studio/7.0/toolchain/avr8/avr8-gnu-toolchain/bin/../lib/gcc/avr/5.4.0/avrxmega7\libgcc.a(_mulhisi3.o)
 .text          0x00000388        0x0 c:/program files (x86)/atmel/studio/7.0/toolchain/avr8/avr8-gnu-toolchain/bin/../lib/gcc/avr/5.4.0/avrxmega7\libgcc.a(_umulhisi3.o)
 .text          0x00000388        0x0 c:/program files (x86)/atmel/studio/7.0/toolchain/avr8/avr8-gnu-toolchain/bin/../lib/gcc/avr/5.4.0/avrxmega7\libgcc.a(_usmulhisi3.o)
 .text          0x00000388        0x0 c:/program files (x86)/atmel/studio/7.0/toolchain/avr8/avr8-gnu-toolchain/bin/../lib/gcc/avr/5.4.0/avrxmega7\libgcc.a(_udivmodhi4.o)
                0x00000388                . = ALIGN (0x2)
 *(.text.*)
 .text._Z6invertj
                0x00000388        0x8 main.o
                0x00000388                _Z6invertj
 .text._Z3addii
                0x00000390       0x54 main.o
                0x00000390                _Z3addii
 .text._Z8subtractii
                0x000003e4       0x56 main.o
                0x000003e4                _Z8subtractii
 .text._Z8multiplyii
                0x0000043a       0x32 main.o
                0x0000043a                _Z8multiplyii
 .text._Z6divideii
                0x0000046c        0x8 main.o
                0x0000046c                _Z6divideii
 .text._Z7isEqualii
                0x00000474        0xe main.o
                0x00000474                _Z7isEqualii
 .text._Z8isBiggerii
                0x00000482        0xe main.o
                0x00000482                _Z8isBiggerii
 .text._Z9isSmallerii
                0x00000490        0xe main.o
                0x00000490                _Z9isSmallerii
 .text._Z15isBiggerOrEqualii
                0x0000049e        0xe main.o
                0x0000049e                _Z15isBiggerOrEqualii
 .text._Z16isSmallerOrEqualii
                0x000004ac        0xe main.o
                0x000004ac                _Z16isSmallerOrEqualii
 .text._Z8logic_orbb
                0x000004ba        0xc main.o
                0x000004ba                _Z8logic_orbb
 .text._Z9logic_andbb
                0x000004c6        0x6 main.o
                0x000004c6                _Z9logic_andbb
 .text._Z9logic_xorbb
                0x000004cc        0x4 main.o
                0x000004cc                _Z9logic_xorbb
 .text._Z9ToggleLEDv
                0x000004d0        0xc main.o
                0x000004d0                _Z9ToggleLEDv
 .text._Z9delay1secv
                0x000004dc       0x14 main.o
                0x000004dc                _Z9delay1secv
 .text._Z8delay_msj
                0x000004f0       0x20 main.o
                0x000004f0                _Z8delay_msj
 .text._Z11printNumberj
                0x00000510       0x18 main.o
                0x00000510                _Z11printNumberj
 .text._Z11hexToNibblec
                0x00000528       0x28 main.o
                0x00000528                _Z11hexToNibblec
 .text._Z9hexToBytecc
                0x00000550       0x22 main.o
                0x00000550                _Z9hexToBytecc
 .text._Z11resetDevicev
                0x00000572        0xe main.o
                0x00000572                _Z11resetDevicev
 .text._Z12programFlashhjhPh
                0x00000580      0x14a main.o
                0x00000580                _Z12programFlashhjhPh
 .text._Z14programHexLinePc
                0x000006ca      0x19e main.o
                0x000006ca                _Z14programHexLinePc
 .text._Z17receiveHexFileUSBv
                0x00000868       0x5e main.o
                0x00000868                _Z17receiveHexFileUSBv
 .text._Z10getUsbBootv
                0x000008c6       0x78 main.o
                0x000008c6                _Z10getUsbBootv
 .text._Z17receiveHexFileI2Cv
                0x0000093e       0x60 main.o
                0x0000093e                _Z17receiveHexFileI2Cv
 .text.main     0x0000099e       0xd2 main.o
                0x0000099e                main
 .text._Z8TWI_initR10TWI_structh
                0x00000a70        0x8 TWI.o
                0x00000a70                _Z8TWI_initR10TWI_structh
 .text._Z19TWI_RecievedAddressR10TWI_struct
                0x00000a78       0x18 TWI.o
                0x00000a78                _Z19TWI_RecievedAddressR10TWI_struct
 .text._Z17TWI_ReceivePacketR10TWI_structPhh
                0x00000a90       0x92 TWI.o
                0x00000a90                _Z17TWI_ReceivePacketR10TWI_structPhh
 .text._Z10HexToASCIIh
                0x00000b22        0xe UART.o
                0x00000b22                _Z10HexToASCIIh
 .text._Z18USART_Set_BaudrateR12USART_structmm
                0x00000b30      0x226 UART.o
                0x00000b30                _Z18USART_Set_BaudrateR12USART_structmm
 .text._Z10USART_InitR12USART_structmmb
                0x00000d56       0x32 UART.o
                0x00000d56                _Z10USART_InitR12USART_structmmb
 .text._Z14USART_TransmitR12USART_structc
                0x00000d88        0xc UART.o
                0x00000d88                _Z14USART_TransmitR12USART_structc
 .text._Z13USART_ReceiveR12USART_struct
                0x00000d94        0xc UART.o
                0x00000d94                _Z13USART_ReceiveR12USART_struct
 .text._Z13USART_ReceiveR12USART_structjRb
                0x00000da0       0x3a UART.o
                0x00000da0                _Z13USART_ReceiveR12USART_structjRb
 .text._Z15USART_AvailableR12USART_struct
                0x00000dda        0xc UART.o
                0x00000dda                _Z15USART_AvailableR12USART_struct
 .text._Z20USART_TransmitStringR12USART_structPKc
                0x00000de6       0x38 UART.o
                0x00000de6                _Z20USART_TransmitStringR12USART_structPKc
 .text._Z14USART_TransmitR12USART_structPKch
                0x00000e1e       0x3e UART.o
                0x00000e1e                _Z14USART_TransmitR12USART_structPKch
 .text._Z18USART_Transmit_HexR12USART_structc
                0x00000e5c       0x3a UART.o
                0x00000e5c                _Z18USART_Transmit_HexR12USART_structc
 .text._Z21USART_Transmit_NumberR12USART_structi
                0x00000e96       0xee UART.o
                0x00000e96                _Z21USART_Transmit_NumberR12USART_structi
 .text._Z18USART_TransmitDoneR12USART_struct
                0x00000f84        0xc UART.o
                0x00000f84                _Z18USART_TransmitDoneR12USART_struct
 .text.libgcc.mul
                0x00000f90        0x0 c:/program files (x86)/atmel/studio/7.0/toolchain/avr8/avr8-gnu-toolchain/bin/../lib/gcc/avr/5.4.0/avrxmega7\libgcc.a(_divmodhi4.o)
 .text.libgcc.div
                0x00000f90       0x28 c:/program files (x86)/atmel/studio/7.0/toolchain/avr8/avr8-gnu-toolchain/bin/../lib/gcc/avr/5.4.0/avrxmega7\libgcc.a(_divmodhi4.o)
                0x00000f90                _div
                0x00000f90                __divmodhi4
 .text.libgcc   0x00000fb8        0x0 c:/program files (x86)/atmel/studio/7.0/toolchain/avr8/avr8-gnu-toolchain/bin/../lib/gcc/avr/5.4.0/avrxmega7\libgcc.a(_divmodhi4.o)
 .text.libgcc.prologue
                0x00000fb8        0x0 c:/program files (x86)/atmel/studio/7.0/toolchain/avr8/avr8-gnu-toolchain/bin/../lib/gcc/avr/5.4.0/avrxmega7\libgcc.a(_divmodhi4.o)
 .text.libgcc.builtins
                0x00000fb8        0x0 c:/program files (x86)/atmel/studio/7.0/toolchain/avr8/avr8-gnu-toolchain/bin/../lib/gcc/avr/5.4.0/avrxmega7\libgcc.a(_divmodhi4.o)
 .text.libgcc.fmul
                0x00000fb8        0x0 c:/program files (x86)/atmel/studio/7.0/toolchain/avr8/avr8-gnu-toolchain/bin/../lib/gcc/avr/5.4.0/avrxmega7\libgcc.a(_divmodhi4.o)
 .text.libgcc.fixed
                0x00000fb8        0x0 c:/program files (x86)/atmel/studio/7.0/toolchain/avr8/avr8-gnu-toolchain/bin/../lib/gcc/avr/5.4.0/avrxmega7\libgcc.a(_divmodhi4.o)
 .text.libgcc.mul
                0x00000fb8        0x0 c:/program files (x86)/atmel/studio/7.0/toolchain/avr8/avr8-gnu-toolchain/bin/../lib/gcc/avr/5.4.0/avrxmega7\libgcc.a(_udivmodsi4.o)
 .text.libgcc.div
                0x00000fb8       0x44 c:/program files (x86)/atmel/studio/7.0/toolchain/avr8/avr8-gnu-toolchain/bin/../lib/gcc/avr/5.4.0/avrxmega7\libgcc.a(_udivmodsi4.o)
                0x00000fb8                __udivmodsi4
 .text.libgcc   0x00000ffc        0x0 c:/program files (x86)/atmel/studio/7.0/toolchain/avr8/avr8-gnu-toolchain/bin/../lib/gcc/avr/5.4.0/avrxmega7\libgcc.a(_udivmodsi4.o)
 .text.libgcc.prologue
                0x00000ffc        0x0 c:/program files (x86)/atmel/studio/7.0/toolchain/avr8/avr8-gnu-toolchain/bin/../lib/gcc/avr/5.4.0/avrxmega7\libgcc.a(_udivmodsi4.o)
 .text.libgcc.builtins
                0x00000ffc        0x0 c:/program files (x86)/atmel/studio/7.0/toolchain/avr8/avr8-gnu-toolchain/bin/../lib/gcc/avr/5.4.0/avrxmega7\libgcc.a(_udivmodsi4.o)
 .text.libgcc.fmul
                0x00000ffc        0x0 c:/program files (x86)/atmel/studio/7.0/toolchain/avr8/avr8-gnu-toolchain/bin/../lib/gcc/avr/5.4.0/avrxmega7\libgcc.a(_udivmodsi4.o)
 .text.libgcc.fixed
                0x00000ffc        0x0 c:/program files (x86)/atmel/studio/7.0/toolchain/avr8/avr8-gnu-toolchain/bin/../lib/gcc/avr/5.4.0/avrxmega7\libgcc.a(_udivmodsi4.o)
 .text.libgcc.mul
                0x00000ffc        0x0 c:/program files (x86)/atmel/studio/7.0/toolchain/avr8/avr8-gnu-toolchain/bin/../lib/gcc/avr/5.4.0/avrxmega7\libgcc.a(_exit.o)
 .text.libgcc.div
                0x00000ffc        0x0 c:/program files (x86)/atmel/studio/7.0/toolchain/avr8/avr8-gnu-toolchain/bin/../lib/gcc/avr/5.4.0/avrxmega7\libgcc.a(_exit.o)
 .text.libgcc   0x00000ffc        0x0 c:/program files (x86)/atmel/studio/7.0/toolchain/avr8/avr8-gnu-toolchain/bin/../lib/gcc/avr/5.4.0/avrxmega7\libgcc.a(_exit.o)
 .text.libgcc.prologue
                0x00000ffc        0x0 c:/program files (x86)/atmel/studio/7.0/toolchain/avr8/avr8-gnu-toolchain/bin/../lib/gcc/avr/5.4.0/avrxmega7\libgcc.a(_exit.o)
 .text.libgcc.builtins
                0x00000ffc        0x0 c:/program files (x86)/atmel/studio/7.0/toolchain/avr8/avr8-gnu-toolchain/bin/../lib/gcc/avr/5.4.0/avrxmega7\libgcc.a(_exit.o)
 .text.libgcc.fmul
                0x00000ffc        0x0 c:/program files (x86)/atmel/studio/7.0/toolchain/avr8/avr8-gnu-toolchain/bin/../lib/gcc/avr/5.4.0/avrxmega7\libgcc.a(_exit.o)
 .text.libgcc.fixed
                0x00000ffc        0x0 c:/program files (x86)/atmel/studio/7.0/toolchain/avr8/avr8-gnu-toolchain/bin/../lib/gcc/avr/5.4.0/avrxmega7\libgcc.a(_exit.o)
 .text.libgcc.mul
                0x00000ffc        0x0 c:/program files (x86)/atmel/studio/7.0/toolchain/avr8/avr8-gnu-toolchain/bin/../lib/gcc/avr/5.4.0/avrxmega7\libgcc.a(_copy_data.o)
 .text.libgcc.div
                0x00000ffc        0x0 c:/program files (x86)/atmel/studio/7.0/toolchain/avr8/avr8-gnu-toolchain/bin/../lib/gcc/avr/5.4.0/avrxmega7\libgcc.a(_copy_data.o)
 .text.libgcc   0x00000ffc        0x0 c:/program files (x86)/atmel/studio/7.0/toolchain/avr8/avr8-gnu-toolchain/bin/../lib/gcc/avr/5.4.0/avrxmega7\libgcc.a(_copy_data.o)
 .text.libgcc.prologue
                0x00000ffc        0x0 c:/program files (x86)/atmel/studio/7.0/toolchain/avr8/avr8-gnu-toolchain/bin/../lib/gcc/avr/5.4.0/avrxmega7\libgcc.a(_copy_data.o)
 .text.libgcc.builtins
                0x00000ffc        0x0 c:/program files (x86)/atmel/studio/7.0/toolchain/avr8/avr8-gnu-toolchain/bin/../lib/gcc/avr/5.4.0/avrxmega7\libgcc.a(_copy_data.o)
 .text.libgcc.fmul
                0x00000ffc        0x0 c:/program files (x86)/atmel/studio/7.0/toolchain/avr8/avr8-gnu-toolchain/bin/../lib/gcc/avr/5.4.0/avrxmega7\libgcc.a(_copy_data.o)
 .text.libgcc.fixed
                0x00000ffc        0x0 c:/program files (x86)/atmel/studio/7.0/toolchain/avr8/avr8-gnu-toolchain/bin/../lib/gcc/avr/5.4.0/avrxmega7\libgcc.a(_copy_data.o)
 .text.libgcc.mul
                0x00000ffc       0x10 c:/program files (x86)/atmel/studio/7.0/toolchain/avr8/avr8-gnu-toolchain/bin/../lib/gcc/avr/5.4.0/avrxmega7\libgcc.a(_mulhisi3.o)
                0x00000ffc                __mulhisi3
 .text.libgcc.div
                0x0000100c        0x0 c:/program files (x86)/atmel/studio/7.0/toolchain/avr8/avr8-gnu-toolchain/bin/../lib/gcc/avr/5.4.0/avrxmega7\libgcc.a(_mulhisi3.o)
 .text.libgcc   0x0000100c        0x0 c:/program files (x86)/atmel/studio/7.0/toolchain/avr8/avr8-gnu-toolchain/bin/../lib/gcc/avr/5.4.0/avrxmega7\libgcc.a(_mulhisi3.o)
 .text.libgcc.prologue
                0x0000100c        0x0 c:/program files (x86)/atmel/studio/7.0/toolchain/avr8/avr8-gnu-toolchain/bin/../lib/gcc/avr/5.4.0/avrxmega7\libgcc.a(_mulhisi3.o)
 .text.libgcc.builtins
                0x0000100c        0x0 c:/program files (x86)/atmel/studio/7.0/toolchain/avr8/avr8-gnu-toolchain/bin/../lib/gcc/avr/5.4.0/avrxmega7\libgcc.a(_mulhisi3.o)
 .text.libgcc.fmul
                0x0000100c        0x0 c:/program files (x86)/atmel/studio/7.0/toolchain/avr8/avr8-gnu-toolchain/bin/../lib/gcc/avr/5.4.0/avrxmega7\libgcc.a(_mulhisi3.o)
 .text.libgcc.fixed
                0x0000100c        0x0 c:/program files (x86)/atmel/studio/7.0/toolchain/avr8/avr8-gnu-toolchain/bin/../lib/gcc/avr/5.4.0/avrxmega7\libgcc.a(_mulhisi3.o)
 .text.libgcc.mul
                0x0000100c       0x1e c:/program files (x86)/atmel/studio/7.0/toolchain/avr8/avr8-gnu-toolchain/bin/../lib/gcc/avr/5.4.0/avrxmega7\libgcc.a(_umulhisi3.o)
                0x0000100c                __umulhisi3
 .text.libgcc.div
                0x0000102a        0x0 c:/program files (x86)/atmel/studio/7.0/toolchain/avr8/avr8-gnu-toolchain/bin/../lib/gcc/avr/5.4.0/avrxmega7\libgcc.a(_umulhisi3.o)
 .text.libgcc   0x0000102a        0x0 c:/program files (x86)/atmel/studio/7.0/toolchain/avr8/avr8-gnu-toolchain/bin/../lib/gcc/avr/5.4.0/avrxmega7\libgcc.a(_umulhisi3.o)
 .text.libgcc.prologue
                0x0000102a        0x0 c:/program files (x86)/atmel/studio/7.0/toolchain/avr8/avr8-gnu-toolchain/bin/../lib/gcc/avr/5.4.0/avrxmega7\libgcc.a(_umulhisi3.o)
 .text.libgcc.builtins
                0x0000102a        0x0 c:/program files (x86)/atmel/studio/7.0/toolchain/avr8/avr8-gnu-toolchain/bin/../lib/gcc/avr/5.4.0/avrxmega7\libgcc.a(_umulhisi3.o)
 .text.libgcc.fmul
                0x0000102a        0x0 c:/program files (x86)/atmel/studio/7.0/toolchain/avr8/avr8-gnu-toolchain/bin/../lib/gcc/avr/5.4.0/avrxmega7\libgcc.a(_umulhisi3.o)
 .text.libgcc.fixed
                0x0000102a        0x0 c:/program files (x86)/atmel/studio/7.0/toolchain/avr8/avr8-gnu-toolchain/bin/../lib/gcc/avr/5.4.0/avrxmega7\libgcc.a(_umulhisi3.o)
 .text.libgcc.mul
                0x0000102a        0xe c:/program files (x86)/atmel/studio/7.0/toolchain/avr8/avr8-gnu-toolchain/bin/../lib/gcc/avr/5.4.0/avrxmega7\libgcc.a(_usmulhisi3.o)
                0x0000102a                __usmulhisi3
                0x0000102e                __usmulhisi3_tail
 .text.libgcc.div
                0x00001038        0x0 c:/program files (x86)/atmel/studio/7.0/toolchain/avr8/avr8-gnu-toolchain/bin/../lib/gcc/avr/5.4.0/avrxmega7\libgcc.a(_usmulhisi3.o)
 .text.libgcc   0x00001038        0x0 c:/program files (x86)/atmel/studio/7.0/toolchain/avr8/avr8-gnu-toolchain/bin/../lib/gcc/avr/5.4.0/avrxmega7\libgcc.a(_usmulhisi3.o)
 .text.libgcc.prologue
                0x00001038        0x0 c:/program files (x86)/atmel/studio/7.0/toolchain/avr8/avr8-gnu-toolchain/bin/../lib/gcc/avr/5.4.0/avrxmega7\libgcc.a(_usmulhisi3.o)
 .text.libgcc.builtins
                0x00001038        0x0 c:/program files (x86)/atmel/studio/7.0/toolchain/avr8/avr8-gnu-toolchain/bin/../lib/gcc/avr/5.4.0/avrxmega7\libgcc.a(_usmulhisi3.o)
 .text.libgcc.fmul
                0x00001038        0x0 c:/program files (x86)/atmel/studio/7.0/toolchain/avr8/avr8-gnu-toolchain/bin/../lib/gcc/avr/5.4.0/avrxmega7\libgcc.a(_usmulhisi3.o)
 .text.libgcc.fixed
                0x00001038        0x0 c:/program files (x86)/atmel/studio/7.0/toolchain/avr8/avr8-gnu-toolchain/bin/../lib/gcc/avr/5.4.0/avrxmega7\libgcc.a(_usmulhisi3.o)
 .text.libgcc.mul
                0x00001038        0x0 c:/program files (x86)/atmel/studio/7.0/toolchain/avr8/avr8-gnu-toolchain/bin/../lib/gcc/avr/5.4.0/avrxmega7\libgcc.a(_udivmodhi4.o)
 .text.libgcc.div
                0x00001038       0x28 c:/program files (x86)/atmel/studio/7.0/toolchain/avr8/avr8-gnu-toolchain/bin/../lib/gcc/avr/5.4.0/avrxmega7\libgcc.a(_udivmodhi4.o)
                0x00001038                __udivmodhi4
 .text.libgcc   0x00001060        0x0 c:/program files (x86)/atmel/studio/7.0/toolchain/avr8/avr8-gnu-toolchain/bin/../lib/gcc/avr/5.4.0/avrxmega7\libgcc.a(_udivmodhi4.o)
 .text.libgcc.prologue
                0x00001060        0x0 c:/program files (x86)/atmel/studio/7.0/toolchain/avr8/avr8-gnu-toolchain/bin/../lib/gcc/avr/5.4.0/avrxmega7\libgcc.a(_udivmodhi4.o)
 .text.libgcc.builtins
                0x00001060        0x0 c:/program files (x86)/atmel/studio/7.0/toolchain/avr8/avr8-gnu-toolchain/bin/../lib/gcc/avr/5.4.0/avrxmega7\libgcc.a(_udivmodhi4.o)
 .text.libgcc.fmul
                0x00001060        0x0 c:/program files (x86)/atmel/studio/7.0/toolchain/avr8/avr8-gnu-toolchain/bin/../lib/gcc/avr/5.4.0/avrxmega7\libgcc.a(_udivmodhi4.o)
 .text.libgcc.fixed
                0x00001060        0x0 c:/program files (x86)/atmel/studio/7.0/toolchain/avr8/avr8-gnu-toolchain/bin/../lib/gcc/avr/5.4.0/avrxmega7\libgcc.a(_udivmodhi4.o)
                0x00001060                . = ALIGN (0x2)
 *(.fini9)
 .fini9         0x00001060        0x0 c:/program files (x86)/atmel/studio/7.0/toolchain/avr8/avr8-gnu-toolchain/bin/../lib/gcc/avr/5.4.0/avrxmega7\libgcc.a(_exit.o)
                0x00001060                _exit
                0x00001060                exit
 *(.fini9)
 *(.fini8)
 *(.fini8)
 *(.fini7)
 *(.fini7)
 *(.fini6)
 *(.fini6)
 *(.fini5)
 *(.fini5)
 *(.fini4)
 *(.fini4)
 *(.fini3)
 *(.fini3)
 *(.fini2)
 *(.fini2)
 *(.fini1)
 *(.fini1)
 *(.fini0)
 .fini0         0x00001060        0x4 c:/program files (x86)/atmel/studio/7.0/toolchain/avr8/avr8-gnu-toolchain/bin/../lib/gcc/avr/5.4.0/avrxmega7\libgcc.a(_exit.o)
 *(.fini0)
                0x00001064                _etext = .

.data           0x00802000      0x168 load address 0x00001064
                0x00802000                PROVIDE (__data_start, .)
 *(.data)
 .data          0x00802000        0x0 C:/Program Files (x86)/Atmel/Studio/7.0/Packs/atmel/XMEGAA_DFP/1.1.68/gcc/dev/atxmega128a1u/avrxmega7/crtatxmega128a1u.o
 .data          0x00802000        0x0 main.o
 .data          0x00802000        0x0 sp_driver.o
 .data          0x00802000        0x0 TWI.o
 .data          0x00802000        0x0 UART.o
 .data          0x00802000        0x0 c:/program files (x86)/atmel/studio/7.0/toolchain/avr8/avr8-gnu-toolchain/bin/../lib/gcc/avr/5.4.0/avrxmega7\libgcc.a(_divmodhi4.o)
 .data          0x00802000        0x0 c:/program files (x86)/atmel/studio/7.0/toolchain/avr8/avr8-gnu-toolchain/bin/../lib/gcc/avr/5.4.0/avrxmega7\libgcc.a(_udivmodsi4.o)
 .data          0x00802000        0x0 c:/program files (x86)/atmel/studio/7.0/toolchain/avr8/avr8-gnu-toolchain/bin/../lib/gcc/avr/5.4.0/avrxmega7\libgcc.a(_exit.o)
 .data          0x00802000        0x0 c:/program files (x86)/atmel/studio/7.0/toolchain/avr8/avr8-gnu-toolchain/bin/../lib/gcc/avr/5.4.0/avrxmega7\libgcc.a(_copy_data.o)
 .data          0x00802000        0x0 c:/program files (x86)/atmel/studio/7.0/toolchain/avr8/avr8-gnu-toolchain/bin/../lib/gcc/avr/5.4.0/avrxmega7\libgcc.a(_mulhisi3.o)
 .data          0x00802000        0x0 c:/program files (x86)/atmel/studio/7.0/toolchain/avr8/avr8-gnu-toolchain/bin/../lib/gcc/avr/5.4.0/avrxmega7\libgcc.a(_umulhisi3.o)
 .data          0x00802000        0x0 c:/program files (x86)/atmel/studio/7.0/toolchain/avr8/avr8-gnu-toolchain/bin/../lib/gcc/avr/5.4.0/avrxmega7\libgcc.a(_usmulhisi3.o)
 .data          0x00802000        0x0 c:/program files (x86)/atmel/studio/7.0/toolchain/avr8/avr8-gnu-toolchain/bin/../lib/gcc/avr/5.4.0/avrxmega7\libgcc.a(_udivmodhi4.o)
 *(.data*)
 .data._ZZ12programFlashhjhPhE15previousAddress
                0x00802000        0x2 main.o
 .data._ZZ12programFlashhjhPhE9firstByte
                0x00802002        0x1 main.o
 *(.gnu.linkonce.d*)
 *(.rodata)
 *(.rodata*)
 .rodata.str1.1
                0x00802003      0x15b main.o
                                0x15e (size before relaxing)
 .rodata.str1.1
                0x0080215e        0x6 TWI.o
 .rodata.str1.1
                0x00802164        0x3 UART.o
 *(.gnu.linkonce.r*)
                0x00802168                . = ALIGN (0x2)
 *fill*         0x00802167        0x1 
                0x00802168                _edata = .
                0x00802168                PROVIDE (__data_end, .)

.bss            0x00802168        0x0
                [!provide]                PROVIDE (__bss_start, .)
 *(.bss)
 .bss           0x00802168        0x0 C:/Program Files (x86)/Atmel/Studio/7.0/Packs/atmel/XMEGAA_DFP/1.1.68/gcc/dev/atxmega128a1u/avrxmega7/crtatxmega128a1u.o
 .bss           0x00802168        0x0 main.o
 .bss           0x00802168        0x0 sp_driver.o
 .bss           0x00802168        0x0 TWI.o
 .bss           0x00802168        0x0 UART.o
 .bss           0x00802168        0x0 c:/program files (x86)/atmel/studio/7.0/toolchain/avr8/avr8-gnu-toolchain/bin/../lib/gcc/avr/5.4.0/avrxmega7\libgcc.a(_divmodhi4.o)
 .bss           0x00802168        0x0 c:/program files (x86)/atmel/studio/7.0/toolchain/avr8/avr8-gnu-toolchain/bin/../lib/gcc/avr/5.4.0/avrxmega7\libgcc.a(_udivmodsi4.o)
 .bss           0x00802168        0x0 c:/program files (x86)/atmel/studio/7.0/toolchain/avr8/avr8-gnu-toolchain/bin/../lib/gcc/avr/5.4.0/avrxmega7\libgcc.a(_exit.o)
 .bss           0x00802168        0x0 c:/program files (x86)/atmel/studio/7.0/toolchain/avr8/avr8-gnu-toolchain/bin/../lib/gcc/avr/5.4.0/avrxmega7\libgcc.a(_copy_data.o)
 .bss           0x00802168        0x0 c:/program files (x86)/atmel/studio/7.0/toolchain/avr8/avr8-gnu-toolchain/bin/../lib/gcc/avr/5.4.0/avrxmega7\libgcc.a(_mulhisi3.o)
 .bss           0x00802168        0x0 c:/program files (x86)/atmel/studio/7.0/toolchain/avr8/avr8-gnu-toolchain/bin/../lib/gcc/avr/5.4.0/avrxmega7\libgcc.a(_umulhisi3.o)
 .bss           0x00802168        0x0 c:/program files (x86)/atmel/studio/7.0/toolchain/avr8/avr8-gnu-toolchain/bin/../lib/gcc/avr/5.4.0/avrxmega7\libgcc.a(_usmulhisi3.o)
 .bss           0x00802168        0x0 c:/program files (x86)/atmel/studio/7.0/toolchain/avr8/avr8-gnu-toolchain/bin/../lib/gcc/avr/5.4.0/avrxmega7\libgcc.a(_udivmodhi4.o)
 *(.bss*)
 *(COMMON)
                [!provide]                PROVIDE (__bss_end, .)
                0x00001064                __data_load_start = LOADADDR (.data)
                0x000011cc                __data_load_end = (__data_load_start + SIZEOF (.data))

.noinit         0x00802168        0x0
                [!provide]                PROVIDE (__noinit_start, .)
 *(.noinit*)
                [!provide]                PROVIDE (__noinit_end, .)
                0x00802168                _end = .
                [!provide]                PROVIDE (__heap_start, .)

.eeprom         0x00810000        0x0
 *(.eeprom*)
                0x00810000                __eeprom_end = .

.fuse
 *(.fuse)
 *(.lfuse)
 *(.hfuse)
 *(.efuse)

.lock
 *(.lock*)

.signature
 *(.signature*)

.user_signatures
 *(.user_signatures*)

.stab
 *(.stab)

.stabstr
 *(.stabstr)

.stab.excl
 *(.stab.excl)

.stab.exclstr
 *(.stab.exclstr)

.stab.index
 *(.stab.index)

.stab.indexstr
 *(.stab.indexstr)

.comment        0x00000000       0x30
 *(.comment)
 .comment       0x00000000       0x30 main.o
                                 0x31 (size before relaxing)
 .comment       0x00000030       0x31 TWI.o
 .comment       0x00000030       0x31 UART.o

.note.gnu.avr.deviceinfo
                0x00000000       0x40
 .note.gnu.avr.deviceinfo
                0x00000000       0x40 C:/Program Files (x86)/Atmel/Studio/7.0/Packs/atmel/XMEGAA_DFP/1.1.68/gcc/dev/atxmega128a1u/avrxmega7/crtatxmega128a1u.o

.note.gnu.build-id
 *(.note.gnu.build-id)

.debug
 *(.debug)

.line
 *(.line)

.debug_srcinfo
 *(.debug_srcinfo)

.debug_sfnames
 *(.debug_sfnames)

.debug_aranges  0x00000000      0x1b8
 *(.debug_aranges)
 .debug_aranges
                0x00000000       0xe8 main.o
 .debug_aranges
                0x000000e8       0x28 sp_driver.o
 .debug_aranges
                0x00000110       0x30 TWI.o
 .debug_aranges
                0x00000140       0x78 UART.o

.debug_pubnames
 *(.debug_pubnames)

.debug_info     0x00000000     0x5e85
 *(.debug_info .gnu.linkonce.wi.*)
 .debug_info    0x00000000     0x3e5a C:/Program Files (x86)/Atmel/Studio/7.0/Packs/atmel/XMEGAA_DFP/1.1.68/gcc/dev/atxmega128a1u/avrxmega7/crtatxmega128a1u.o
 .debug_info    0x00003e5a     0x13f8 main.o
 .debug_info    0x00005252       0x89 sp_driver.o
 .debug_info    0x000052db      0x39a TWI.o
 .debug_info    0x00005675      0x810 UART.o

.debug_abbrev   0x00000000     0x4228
 *(.debug_abbrev)
 .debug_abbrev  0x00000000     0x3b0e C:/Program Files (x86)/Atmel/Studio/7.0/Packs/atmel/XMEGAA_DFP/1.1.68/gcc/dev/atxmega128a1u/avrxmega7/crtatxmega128a1u.o
 .debug_abbrev  0x00003b0e      0x3ad main.o
 .debug_abbrev  0x00003ebb       0x12 sp_driver.o
 .debug_abbrev  0x00003ecd      0x164 TWI.o
 .debug_abbrev  0x00004031      0x1f7 UART.o

.debug_line     0x00000000     0x1428
 *(.debug_line .debug_line.* .debug_line_end)
 .debug_line    0x00000000      0x3b5 C:/Program Files (x86)/Atmel/Studio/7.0/Packs/atmel/XMEGAA_DFP/1.1.68/gcc/dev/atxmega128a1u/avrxmega7/crtatxmega128a1u.o
 .debug_line    0x000003b5      0x75a main.o
 .debug_line    0x00000b0f      0x2eb sp_driver.o
 .debug_line    0x00000dfa      0x1c1 TWI.o
 .debug_line    0x00000fbb      0x46d UART.o

.debug_frame    0x00000000      0x49c
 *(.debug_frame)
 .debug_frame   0x00000000      0x2ac main.o
 .debug_frame   0x000002ac       0x64 TWI.o
 .debug_frame   0x00000310      0x18c UART.o

.debug_str      0x00000000     0x33ba
 *(.debug_str)
 .debug_str     0x00000000     0x2969 C:/Program Files (x86)/Atmel/Studio/7.0/Packs/atmel/XMEGAA_DFP/1.1.68/gcc/dev/atxmega128a1u/avrxmega7/crtatxmega128a1u.o
 .debug_str     0x00002969      0x8da main.o
                                0x94d (size before relaxing)
 .debug_str     0x00003243       0x44 TWI.o
                                0x3b6 (size before relaxing)
 .debug_str     0x00003287      0x133 UART.o
                                0x579 (size before relaxing)

.debug_loc      0x00000000     0x189d
 *(.debug_loc)
 .debug_loc     0x00000000      0xbca main.o
 .debug_loc     0x00000bca      0x1e6 TWI.o
 .debug_loc     0x00000db0      0xaed UART.o

.debug_macinfo
 *(.debug_macinfo)

.debug_weaknames
 *(.debug_weaknames)

.debug_funcnames
 *(.debug_funcnames)

.debug_typenames
 *(.debug_typenames)

.debug_varnames
 *(.debug_varnames)

.debug_pubtypes
 *(.debug_pubtypes)

.debug_ranges   0x00000000      0x198
 *(.debug_ranges)
 .debug_ranges  0x00000000       0xd8 main.o
 .debug_ranges  0x000000d8       0x20 sp_driver.o
 .debug_ranges  0x000000f8       0x38 TWI.o
 .debug_ranges  0x00000130       0x68 UART.o

.debug_macro
 *(.debug_macro)
OUTPUT(Bootloader test.elf elf32-avr)
LOAD linker stubs

.BOOT           0x00020000       0x14
 .BOOT          0x00020000       0x14 sp_driver.o

.jmp_table      0x00003f00       0x44
 .jmp_table     0x00003f00       0x44 main.o
                0x00003f00                jump_table

.application    0x00004000        0x0
