Archive member included to satisfy reference by file (symbol)

d:/program files (x86)/atmel/studio/7.0/toolchain/avr8/avr8-gnu-toolchain/bin/../lib/gcc/avr/5.4.0/../../../../avr/lib/avrxmega7\libm.a(addsf3.o)
                              FactoryControl/SorterArm.o (__addsf3)
d:/program files (x86)/atmel/studio/7.0/toolchain/avr8/avr8-gnu-toolchain/bin/../lib/gcc/avr/5.4.0/../../../../avr/lib/avrxmega7\libm.a(addsf3x.o)
                              d:/program files (x86)/atmel/studio/7.0/toolchain/avr8/avr8-gnu-toolchain/bin/../lib/gcc/avr/5.4.0/../../../../avr/lib/avrxmega7\libm.a(addsf3.o) (__addsf3x)
d:/program files (x86)/atmel/studio/7.0/toolchain/avr8/avr8-gnu-toolchain/bin/../lib/gcc/avr/5.4.0/../../../../avr/lib/avrxmega7\libm.a(divsf3.o)
                              FactoryControl/SorterArm.o (__divsf3)
d:/program files (x86)/atmel/studio/7.0/toolchain/avr8/avr8-gnu-toolchain/bin/../lib/gcc/avr/5.4.0/../../../../avr/lib/avrxmega7\libm.a(divsf3x.o)
                              d:/program files (x86)/atmel/studio/7.0/toolchain/avr8/avr8-gnu-toolchain/bin/../lib/gcc/avr/5.4.0/../../../../avr/lib/avrxmega7\libm.a(divsf3.o) (__divsf3x)
d:/program files (x86)/atmel/studio/7.0/toolchain/avr8/avr8-gnu-toolchain/bin/../lib/gcc/avr/5.4.0/../../../../avr/lib/avrxmega7\libm.a(fixunssfsi.o)
                              FactoryControl/SorterArm.o (__fixunssfsi)
d:/program files (x86)/atmel/studio/7.0/toolchain/avr8/avr8-gnu-toolchain/bin/../lib/gcc/avr/5.4.0/../../../../avr/lib/avrxmega7\libm.a(floatsisf.o)
                              FactoryControl/SorterArm.o (__floatunsisf)
d:/program files (x86)/atmel/studio/7.0/toolchain/avr8/avr8-gnu-toolchain/bin/../lib/gcc/avr/5.4.0/../../../../avr/lib/avrxmega7\libm.a(fp_inf.o)
                              d:/program files (x86)/atmel/studio/7.0/toolchain/avr8/avr8-gnu-toolchain/bin/../lib/gcc/avr/5.4.0/../../../../avr/lib/avrxmega7\libm.a(addsf3x.o) (__fp_inf)
d:/program files (x86)/atmel/studio/7.0/toolchain/avr8/avr8-gnu-toolchain/bin/../lib/gcc/avr/5.4.0/../../../../avr/lib/avrxmega7\libm.a(fp_nan.o)
                              d:/program files (x86)/atmel/studio/7.0/toolchain/avr8/avr8-gnu-toolchain/bin/../lib/gcc/avr/5.4.0/../../../../avr/lib/avrxmega7\libm.a(addsf3x.o) (__fp_nan)
d:/program files (x86)/atmel/studio/7.0/toolchain/avr8/avr8-gnu-toolchain/bin/../lib/gcc/avr/5.4.0/../../../../avr/lib/avrxmega7\libm.a(fp_pscA.o)
                              d:/program files (x86)/atmel/studio/7.0/toolchain/avr8/avr8-gnu-toolchain/bin/../lib/gcc/avr/5.4.0/../../../../avr/lib/avrxmega7\libm.a(addsf3x.o) (__fp_pscA)
d:/program files (x86)/atmel/studio/7.0/toolchain/avr8/avr8-gnu-toolchain/bin/../lib/gcc/avr/5.4.0/../../../../avr/lib/avrxmega7\libm.a(fp_pscB.o)
                              d:/program files (x86)/atmel/studio/7.0/toolchain/avr8/avr8-gnu-toolchain/bin/../lib/gcc/avr/5.4.0/../../../../avr/lib/avrxmega7\libm.a(addsf3x.o) (__fp_pscB)
d:/program files (x86)/atmel/studio/7.0/toolchain/avr8/avr8-gnu-toolchain/bin/../lib/gcc/avr/5.4.0/../../../../avr/lib/avrxmega7\libm.a(fp_round.o)
                              d:/program files (x86)/atmel/studio/7.0/toolchain/avr8/avr8-gnu-toolchain/bin/../lib/gcc/avr/5.4.0/../../../../avr/lib/avrxmega7\libm.a(addsf3.o) (__fp_round)
d:/program files (x86)/atmel/studio/7.0/toolchain/avr8/avr8-gnu-toolchain/bin/../lib/gcc/avr/5.4.0/../../../../avr/lib/avrxmega7\libm.a(fp_split3.o)
                              d:/program files (x86)/atmel/studio/7.0/toolchain/avr8/avr8-gnu-toolchain/bin/../lib/gcc/avr/5.4.0/../../../../avr/lib/avrxmega7\libm.a(addsf3x.o) (__fp_split3)
d:/program files (x86)/atmel/studio/7.0/toolchain/avr8/avr8-gnu-toolchain/bin/../lib/gcc/avr/5.4.0/../../../../avr/lib/avrxmega7\libm.a(fp_zero.o)
                              d:/program files (x86)/atmel/studio/7.0/toolchain/avr8/avr8-gnu-toolchain/bin/../lib/gcc/avr/5.4.0/../../../../avr/lib/avrxmega7\libm.a(addsf3x.o) (__fp_zero)
d:/program files (x86)/atmel/studio/7.0/toolchain/avr8/avr8-gnu-toolchain/bin/../lib/gcc/avr/5.4.0/avrxmega7\libgcc.a(_mulsi3.o)
                              FactoryControl/Kleursensor.o (__mulsi3)
d:/program files (x86)/atmel/studio/7.0/toolchain/avr8/avr8-gnu-toolchain/bin/../lib/gcc/avr/5.4.0/avrxmega7\libgcc.a(_udivmodhi4.o)
                              src/ASF/xmega/drivers/usb/usb_device.o (__udivmodhi4)
d:/program files (x86)/atmel/studio/7.0/toolchain/avr8/avr8-gnu-toolchain/bin/../lib/gcc/avr/5.4.0/avrxmega7\libgcc.a(_divmodhi4.o)
                              Blockly_Funtions.o (__divmodhi4)
d:/program files (x86)/atmel/studio/7.0/toolchain/avr8/avr8-gnu-toolchain/bin/../lib/gcc/avr/5.4.0/avrxmega7\libgcc.a(_udivmodsi4.o)
                              Communication/UART.o (__udivmodsi4)
d:/program files (x86)/atmel/studio/7.0/toolchain/avr8/avr8-gnu-toolchain/bin/../lib/gcc/avr/5.4.0/avrxmega7\libgcc.a(_divmodsi4.o)
                              FactoryControl/Kleursensor.o (__divmodsi4)
[...]
Memory Configuration

Name             Origin             Length             Attributes
text             0x00000000         0x00100000         xr
data             0x00802000         0x0000ffa0         rw !x
eeprom           0x00810000         0x00010000         rw !x
fuse             0x00820000         0x00000006         rw !x
lock             0x00830000         0x00000400         rw !x
signature        0x00840000         0x00000400         rw !x
user_signatures  0x00850000         0x00000400         rw !x
*default*        0x00000000         0xffffffff

Linker script and memory map

LOAD D:/Program Files (x86)/Atmel/Studio/7.0/Packs/atmel/XMEGAA_DFP/1.1.68/gcc/dev/atxmega128a1u/avrxmega7/crtatxmega128a1u.o
LOAD Blockly_Funtions.o
LOAD Bootloader/Convert.o
LOAD Bootloader/Programming.o
LOAD Bootloader/sp_driver.o
LOAD Communication/SPI.o
LOAD Communication/TWI.o
LOAD Communication/UART.o
LOAD Communication/USB_Functions.o
LOAD FactoryControl/Kleursensor.o
LOAD FactoryControl/pulseIn.o
LOAD FactoryControl/Elevator.o
LOAD FactoryControl/SorterArm.o
LOAD FactoryControl/Stepperdriver.o
LOAD main.o
LOAD src/ASF/common/services/usb/class/cdc/device/udi_cdc.o
LOAD src/ASF/common/services/usb/udc/udc.o
LOAD src/ASF/xmega/drivers/usb/usb_device.o
LOAD src/ASF/common/services/usb/class/cdc/device/udi_cdc_desc.o
LOAD src/ASF/common/services/sleepmgr/xmega/sleepmgr.o
LOAD src/ASF/common/services/clock/xmega/sysclk.o
LOAD src/ASF/xmega/drivers/nvm/nvm.o
LOAD src/ASF/xmega/drivers/nvm/nvm_asm.o
LOAD src/ASF/xmega/drivers/cpu/ccp.o
LOAD src/ASF/common/boards/user_board/init.o
LOAD src/main.o
START GROUP
LOAD d:/program files (x86)/atmel/studio/7.0/toolchain/avr8/avr8-gnu-toolchain/bin/../lib/gcc/avr/5.4.0/../../../../avr/lib/avrxmega7\libm.a
END GROUP
Address of section .BOOT set to 0x20000
Address of section .jmp_table set to 0x7e00
Address of section .application set to 0x8000
LOAD d:/program files (x86)/atmel/studio/7.0/toolchain/avr8/avr8-gnu-toolchain/bin/../lib/gcc/avr/5.4.0/avrxmega7\libgcc.a
LOAD d:/program files (x86)/atmel/studio/7.0/toolchain/avr8/avr8-gnu-toolchain/bin/../lib/gcc/avr/5.4.0/../../../../avr/lib/avrxmega7\libm.a
START GROUP
LOAD d:/program files (x86)/atmel/studio/7.0/toolchain/avr8/avr8-gnu-toolchain/bin/../lib/gcc/avr/5.4.0/avrxmega7\libgcc.a
LOAD d:/program files (x86)/atmel/studio/7.0/toolchain/avr8/avr8-gnu-toolchain/bin/../lib/gcc/avr/5.4.0/../../../../avr/lib/avrxmega7\libm.a
LOAD d:/program files (x86)/atmel/studio/7.0/toolchain/avr8/avr8-gnu-toolchain/bin/../lib/gcc/avr/5.4.0/../../../../avr/lib/avrxmega7\libc.a
LOAD D:/Program Files (x86)/Atmel/Studio/7.0/Packs/atmel/XMEGAA_DFP/1.1.68/gcc/dev/atxmega128a1u/avrxmega7\libatxmega128a1u.a
END GROUP
                0x00000000                __TEXT_REGION_ORIGIN__ = DEFINED (__TEXT_REGION_ORIGIN__)?__TEXT_REGION_ORIGIN__:0x0
                0x00802000                __DATA_REGION_ORIGIN__ = DEFINED (__DATA_REGION_ORIGIN__)?__DATA_REGION_ORIGIN__:0x802000
                0x00100000                __TEXT_REGION_LENGTH__ = DEFINED (__TEXT_REGION_LENGTH__)?__TEXT_REGION_LENGTH__:0x100000
                0x0000ffa0                __DATA_REGION_LENGTH__ = DEFINED (__DATA_REGION_LENGTH__)?__DATA_REGION_LENGTH__:0xffa0
                0x00010000                __EEPROM_REGION_LENGTH__ = DEFINED (__EEPROM_REGION_LENGTH__)?__EEPROM_REGION_LENGTH__:0x10000
                [0x00000006]                __FUSE_REGION_LENGTH__ = DEFINED (__FUSE_REGION_LENGTH__)?__FUSE_REGION_LENGTH__:0x400
                0x00000400                __LOCK_REGION_LENGTH__ = DEFINED (__LOCK_REGION_LENGTH__)?__LOCK_REGION_LENGTH__:0x400
                0x00000400                __SIGNATURE_REGION_LENGTH__ = DEFINED (__SIGNATURE_REGION_LENGTH__)?__SIGNATURE_REGION_LENGTH__:0x400
                0x00000400                __USER_SIGNATURE_REGION_LENGTH__ = DEFINED (__USER_SIGNATURE_REGION_LENGTH__)?__USER_SIGNATURE_REGION_LENGTH__:0x400

.hash
 *(.hash)

.dynsym
 *(.dynsym)

.dynstr
 *(.dynstr)

.gnu.version
 *(.gnu.version)

.gnu.version_d
 *(.gnu.version_d)

.gnu.version_r
 *(.gnu.version_r)

.rel.init
 *(.rel.init)

.rela.init
 *(.rela.init)

.rel.text
 *(.rel.text)
 *(.rel.text.*)
 *(.rel.gnu.linkonce.t*)

.rela.text
 *(.rela.text)
 *(.rela.text.*)
 *(.rela.gnu.linkonce.t*)

.rel.fini
 *(.rel.fini)

.rela.fini
 *(.rela.fini)

.rel.rodata
 *(.rel.rodata)
 *(.rel.rodata.*)
 *(.rel.gnu.linkonce.r*)

.rela.rodata
 *(.rela.rodata)
 *(.rela.rodata.*)
 *(.rela.gnu.linkonce.r*)

.rel.data
 *(.rel.data)
 *(.rel.data.*)
 *(.rel.gnu.linkonce.d*)

.rela.data
 *(.rela.data)
 *(.rela.data.*)
 *(.rela.gnu.linkonce.d*)

.rel.ctors
 *(.rel.ctors)

.rela.ctors
 *(.rela.ctors)

.rel.dtors
 *(.rel.dtors)

.rela.dtors
 *(.rela.dtors)

.rel.got
 *(.rel.got)

.rela.got
 *(.rela.got)

.rel.bss
 *(.rel.bss)

.rela.bss
 *(.rela.bss)

.rel.plt
 *(.rel.plt)

.rela.plt
 *(.rela.plt)

.text           0x00000000     0x69ea
 *(.vectors)
 .vectors       0x00000000      0x1fc D:/Program Files (x86)/Atmel/Studio/7.0/Packs/atmel/XMEGAA_DFP/1.1.68/gcc/dev/atxmega128a1u/avrxmega7/crtatxmega128a1u.o
                0x00000000                __vector_default
                0x00000000                __vectors
 *(.vectors)
 *(.progmem.gcc*)
 .progmem.gcc_sw_table.IO_ReadWrite
                0x000001fc       0x18 FactoryControl/Kleursensor.o
 .progmem.gcc_sw_table._Z12IO_ReadWritebh
                0x00000214       0x18 main.o
 .progmem.gcc_sw_table._Z15ReadSharpSensorh
                0x0000022c      0x188 main.o
 .progmem.gcc_sw_table.udd_ep_get_size
                0x000003b4        0xe src/ASF/xmega/drivers/usb/usb_device.o
                0x000003c2                . = ALIGN (0x2)
                0x000003c2                __trampolines_start = .
 *(.trampolines)
 .trampolines   0x000003c2      0x18c linker stubs
 *(.trampolines*)
                0x0000054e                __trampolines_end = .
 *libprintf_flt.a:*(.progmem.data)
 *libc.a:*(.progmem.data)
 *(.progmem*)
                0x0000054e                . = ALIGN (0x2)
 *(.jumptables)
 *(.jumptables*)
 *(.lowtext)
 *(.lowtext*)
                0x0000054e                __ctors_start = .
 *(.ctors)
 .ctors         0x0000054e        0x2 main.o
                0x00000550                __ctors_end = .
                0x00000550                __dtors_start = .
 *(.dtors)
                0x00000550                __dtors_end = .
 SORT(*)(.ctors)
 SORT(*)(.dtors)
 *(.init0)
 .init0         0x00000550        0x0 D:/Program Files (x86)/Atmel/Studio/7.0/Packs/atmel/XMEGAA_DFP/1.1.68/gcc/dev/atxmega128a1u/avrxmega7/crtatxmega128a1u.o
                0x00000550                __init
 *(.init0)
 *(.init1)
 *(.init1)
 *(.init2)
 .init2         0x00000550       0x18 D:/Program Files (x86)/Atmel/Studio/7.0/Packs/atmel/XMEGAA_DFP/1.1.68/gcc/dev/atxmega128a1u/avrxmega7/crtatxmega128a1u.o
 *(.init2)
 *(.init3)
 *(.init3)
 *(.init4)
 .init4         0x00000568       0x1c d:/program files (x86)/atmel/studio/7.0/toolchain/avr8/avr8-gnu-toolchain/bin/../lib/gcc/avr/5.4.0/avrxmega7\libgcc.a(_copy_data.o)
                0x00000568                __do_copy_data
 .init4         0x00000584       0x10 d:/program files (x86)/atmel/studio/7.0/toolchain/avr8/avr8-gnu-toolchain/bin/../lib/gcc/avr/5.4.0/avrxmega7\libgcc.a(_clear_bss.o)
                0x00000584                __do_clear_bss
 *(.init4)
 *(.init5)
 *(.init5)
 *(.init6)
 .init6         0x00000594       0x20 d:/program files (x86)/atmel/studio/7.0/toolchain/avr8/avr8-gnu-toolchain/bin/../lib/gcc/avr/5.4.0/avrxmega7\libgcc.a(_ctors.o)
                0x00000594                __do_global_ctors
 *(.init6)
 *(.init7)
 *(.init7)
 *(.init8)
 *(.init8)
 *(.init9)
 .init9         0x000005b4        0x8 D:/Program Files (x86)/Atmel/Studio/7.0/Packs/atmel/XMEGAA_DFP/1.1.68/gcc/dev/atxmega128a1u/avrxmega7/crtatxmega128a1u.o
 *(.init9)
 *(.text)
 .text          0x000005bc        0x4 D:/Program Files (x86)/Atmel/Studio/7.0/Packs/atmel/XMEGAA_DFP/1.1.68/gcc/dev/atxmega128a1u/avrxmega7/crtatxmega128a1u.o
                0x000005bc                __vector_38
                0x000005bc                __vector_104
                0x000005bc                __vector_63
                0x000005bc                __vector_28
                0x000005bc                __vector_67
                0x000005bc                __vector_1
                0x000005bc                __vector_119
                0x000005bc                __vector_32
                0x000005bc                __vector_71
                0x000005bc                __vector_91
                0x000005bc                __vector_34
                0x000005bc                __vector_62
                0x000005bc                __vector_77
                0x000005bc                __vector_102
                0x000005bc                __vector_24
                0x000005bc                __vector_55
                0x000005bc                __vector_69
                0x000005bc                __vector_81
                0x000005bc                __vector_90
                0x000005bc                __vector_46
                0x000005bc                __bad_interrupt
                0x000005bc                __vector_122
                0x000005bc                __vector_72
                0x000005bc                __vector_114
                0x000005bc                __vector_6
                0x000005bc                __vector_110
                0x000005bc                __vector_31
                0x000005bc                __vector_92
                0x000005bc                __vector_35
                0x000005bc                __vector_78
                0x000005bc                __vector_74
                0x000005bc                __vector_117
                0x000005bc                __vector_39
                0x000005bc                __vector_107
                0x000005bc                __vector_3
                0x000005bc                __vector_105
                0x000005bc                __vector_98
                0x000005bc                __vector_23
                0x000005bc                __vector_68
                0x000005bc                __vector_30
                0x000005bc                __vector_73
                0x000005bc                __vector_25
                0x000005bc                __vector_93
                0x000005bc                __vector_61
                0x000005bc                __vector_11
                0x000005bc                __vector_54
                0x000005bc                __vector_13
                0x000005bc                __vector_17
                0x000005bc                __vector_19
                0x000005bc                __vector_56
                0x000005bc                __vector_7
                0x000005bc                __vector_49
                0x000005bc                __vector_123
                0x000005bc                __vector_41
                0x000005bc                __vector_86
                0x000005bc                __vector_101
                0x000005bc                __vector_64
                0x000005bc                __vector_88
                0x000005bc                __vector_109
                0x000005bc                __vector_43
                0x000005bc                __vector_27
                0x000005bc                __vector_5
                0x000005bc                __vector_113
                0x000005bc                __vector_33
                0x000005bc                __vector_76
                0x000005bc                __vector_115
                0x000005bc                __vector_47
                0x000005bc                __vector_52
                0x000005bc                __vector_37
                0x000005bc                __vector_95
                0x000005bc                __vector_103
                0x000005bc                __vector_96
                0x000005bc                __vector_89
                0x000005bc                __vector_108
                0x000005bc                __vector_4
                0x000005bc                __vector_44
                0x000005bc                __vector_82
                0x000005bc                __vector_118
                0x000005bc                __vector_51
                0x000005bc                __vector_9
                0x000005bc                __vector_2
                0x000005bc                __vector_21
                0x000005bc                __vector_15
                0x000005bc                __vector_66
                0x000005bc                __vector_36
                0x000005bc                __vector_79
                0x000005bc                __vector_58
                0x000005bc                __vector_70
                0x000005bc                __vector_83
                0x000005bc                __vector_29
                0x000005bc                __vector_60
                0x000005bc                __vector_121
                0x000005bc                __vector_40
                0x000005bc                __vector_85
                0x000005bc                __vector_94
                0x000005bc                __vector_8
                0x000005bc                __vector_26
                0x000005bc                __vector_48
                0x000005bc                __vector_124
                0x000005bc                __vector_116
                0x000005bc                __vector_112
                0x000005bc                __vector_111
                0x000005bc                __vector_80
                0x000005bc                __vector_14
                0x000005bc                __vector_84
                0x000005bc                __vector_57
                0x000005bc                __vector_53
                0x000005bc                __vector_10
                0x000005bc                __vector_50
                0x000005bc                __vector_16
                0x000005bc                __vector_59
                0x000005bc                __vector_18
                0x000005bc                __vector_97
                0x000005bc                __vector_20
                0x000005bc                __vector_42
                0x000005bc                __vector_87
                0x000005bc                __vector_65
                0x000005bc                __vector_120
 .text          0x000005c0        0x0 Blockly_Funtions.o
 .text          0x000005c0        0x0 Bootloader/Convert.o
 .text          0x000005c0        0x0 Bootloader/Programming.o
 .text          0x000005c0      0x108 Bootloader/sp_driver.o
                0x000005c0                SP_ReadByte
                0x000005cc                SP_ReadWord
                0x000005da                SP_ReadCalibrationByte
                0x000005de                SP_ReadUserSignatureByte
                0x000005e2                SP_ReadFuseByte
                0x000005f8                SP_WriteLockBits
                0x00000600                SP_ReadLockBits
                0x00000606                SP_EraseUserSignatureRow
                0x0000060e                SP_WriteUserSignatureRow
                0x00000616                SP_EraseApplicationSection
                0x0000061e                SP_EraseApplicationPage
                0x0000062a                SP_LoadFlashWord
                0x00000634                SP_WriteApplicationPage
                0x00000640                SP_EraseWriteApplicationPage
                0x0000064c                SP_EraseFlashBuffer
                0x00000654                SP_EraseBootPage
                0x00000660                SP_WriteBootPage
                0x0000066c                SP_EraseWriteBootPage
                0x00000678                SP_ApplicationCRC
                0x0000067c                SP_BootCRC
                0x00000680                SP_LockSPM
                0x0000068e                SP_WaitForSPM
 .text          0x000006c8        0x0 Communication/SPI.o
 .text          0x000006c8        0x0 Communication/TWI.o
 .text          0x000006c8        0x0 Communication/UART.o
 .text          0x000006c8        0x0 Communication/USB_Functions.o
 .text          0x000006c8        0x0 FactoryControl/Kleursensor.o
 .text          0x000006c8        0x0 FactoryControl/pulseIn.o
 .text          0x000006c8        0x0 FactoryControl/Elevator.o
 .text          0x000006c8        0x0 FactoryControl/SorterArm.o
 .text          0x000006c8        0x0 FactoryControl/Stepperdriver.o
 .text          0x000006c8        0x0 main.o
 .text          0x000006c8        0x0 src/ASF/common/services/usb/class/cdc/device/udi_cdc.o
 .text          0x000006c8        0x0 src/ASF/common/services/usb/udc/udc.o
 .text          0x000006c8        0x0 src/ASF/xmega/drivers/usb/usb_device.o
 .text          0x000006c8        0x0 src/ASF/common/services/usb/class/cdc/device/udi_cdc_desc.o
 .text          0x000006c8        0x0 src/ASF/common/services/sleepmgr/xmega/sleepmgr.o
 .text          0x000006c8        0x0 src/ASF/common/services/clock/xmega/sysclk.o
 .text          0x000006c8        0x0 src/ASF/xmega/drivers/nvm/nvm.o
 .text          0x000006c8        0x0 src/ASF/xmega/drivers/nvm/nvm_asm.o
 .text          0x000006c8        0x0 src/ASF/xmega/drivers/cpu/ccp.o
 .text          0x000006c8        0x0 src/ASF/common/boards/user_board/init.o
 .text          0x000006c8        0x0 src/main.o
 .text          0x000006c8        0x0 d:/program files (x86)/atmel/studio/7.0/toolchain/avr8/avr8-gnu-toolchain/bin/../lib/gcc/avr/5.4.0/../../../../avr/lib/avrxmega7\libm.a(addsf3.o)
 .text          0x000006c8        0x0 d:/program files (x86)/atmel/studio/7.0/toolchain/avr8/avr8-gnu-toolchain/bin/../lib/gcc/avr/5.4.0/../../../../avr/lib/avrxmega7\libm.a(addsf3x.o)
 .text          0x000006c8        0x0 d:/program files (x86)/atmel/studio/7.0/toolchain/avr8/avr8-gnu-toolchain/bin/../lib/gcc/avr/5.4.0/../../../../avr/lib/avrxmega7\libm.a(divsf3.o)
 .text          0x000006c8        0x0 d:/program files (x86)/atmel/studio/7.0/toolchain/avr8/avr8-gnu-toolchain/bin/../lib/gcc/avr/5.4.0/../../../../avr/lib/avrxmega7\libm.a(divsf3x.o)
 .text          0x000006c8        0x0 d:/program files (x86)/atmel/studio/7.0/toolchain/avr8/avr8-gnu-toolchain/bin/../lib/gcc/avr/5.4.0/../../../../avr/lib/avrxmega7\libm.a(fixunssfsi.o)
 .text          0x000006c8        0x0 d:/program files (x86)/atmel/studio/7.0/toolchain/avr8/avr8-gnu-toolchain/bin/../lib/gcc/avr/5.4.0/../../../../avr/lib/avrxmega7\libm.a(floatsisf.o)
 .text          0x000006c8        0x0 d:/program files (x86)/atmel/studio/7.0/toolchain/avr8/avr8-gnu-toolchain/bin/../lib/gcc/avr/5.4.0/../../../../avr/lib/avrxmega7\libm.a(fp_inf.o)
 .text          0x000006c8        0x0 d:/program files (x86)/atmel/studio/7.0/toolchain/avr8/avr8-gnu-toolchain/bin/../lib/gcc/avr/5.4.0/../../../../avr/lib/avrxmega7\libm.a(fp_nan.o)
 .text          0x000006c8        0x0 d:/program files (x86)/atmel/studio/7.0/toolchain/avr8/avr8-gnu-toolchain/bin/../lib/gcc/avr/5.4.0/../../../../avr/lib/avrxmega7\libm.a(fp_pscA.o)
 .text          0x000006c8        0x0 d:/program files (x86)/atmel/studio/7.0/toolchain/avr8/avr8-gnu-toolchain/bin/../lib/gcc/avr/5.4.0/../../../../avr/lib/avrxmega7\libm.a(fp_pscB.o)
 .text          0x000006c8        0x0 d:/program files (x86)/atmel/studio/7.0/toolchain/avr8/avr8-gnu-toolchain/bin/../lib/gcc/avr/5.4.0/../../../../avr/lib/avrxmega7\libm.a(fp_round.o)
 .text          0x000006c8        0x0 d:/program files (x86)/atmel/studio/7.0/toolchain/avr8/avr8-gnu-toolchain/bin/../lib/gcc/avr/5.4.0/../../../../avr/lib/avrxmega7\libm.a(fp_split3.o)
 .text          0x000006c8        0x0 d:/program files (x86)/atmel/studio/7.0/toolchain/avr8/avr8-gnu-toolchain/bin/../lib/gcc/avr/5.4.0/../../../../avr/lib/avrxmega7\libm.a(fp_zero.o)
 .text          0x000006c8        0x0 d:/program files (x86)/atmel/studio/7.0/toolchain/avr8/avr8-gnu-toolchain/bin/../lib/gcc/avr/5.4.0/avrxmega7\libgcc.a(_mulsi3.o)
 .text          0x000006c8        0x0 d:/program files (x86)/atmel/studio/7.0/toolchain/avr8/avr8-gnu-toolchain/bin/../lib/gcc/avr/5.4.0/avrxmega7\libgcc.a(_udivmodhi4.o)
 .text          0x000006c8        0x0 d:/program files (x86)/atmel/studio/7.0/toolchain/avr8/avr8-gnu-toolchain/bin/../lib/gcc/avr/5.4.0/avrxmega7\libgcc.a(_divmodhi4.o)
 .text          0x000006c8        0x0 d:/program files (x86)/atmel/studio/7.0/toolchain/avr8/avr8-gnu-toolchain/bin/../lib/gcc/avr/5.4.0/avrxmega7\libgcc.a(_udivmodsi4.o)
 .text          0x000006c8        0x0 d:/program files (x86)/atmel/studio/7.0/toolchain/avr8/avr8-gnu-toolchain/bin/../lib/gcc/avr/5.4.0/avrxmega7\libgcc.a(_divmodsi4.o)
 .text          0x000006c8        0x0 d:/program files (x86)/atmel/studio/7.0/toolchain/avr8/avr8-gnu-toolchain/bin/../lib/gcc/avr/5.4.0/avrxmega7\libgcc.a(_negsi2.o)
 .text          0x000006c8        0x0 d:/program files (x86)/atmel/studio/7.0/toolchain/avr8/avr8-gnu-toolchain/bin/../lib/gcc/avr/5.4.0/avrxmega7\libgcc.a(_exit.o)
 .text          0x000006c8        0x0 d:/program files (x86)/atmel/studio/7.0/toolchain/avr8/avr8-gnu-toolchain/bin/../lib/gcc/avr/5.4.0/avrxmega7\libgcc.a(_tablejump2.o)
 .text          0x000006c8        0x0 d:/program files (x86)/atmel/studio/7.0/toolchain/avr8/avr8-gnu-toolchain/bin/../lib/gcc/avr/5.4.0/avrxmega7\libgcc.a(_copy_data.o)
 .text          0x000006c8        0x0 d:/program files (x86)/atmel/studio/7.0/toolchain/avr8/avr8-gnu-toolchain/bin/../lib/gcc/avr/5.4.0/avrxmega7\libgcc.a(_clear_bss.o)
 .text          0x000006c8        0x0 d:/program files (x86)/atmel/studio/7.0/toolchain/avr8/avr8-gnu-toolchain/bin/../lib/gcc/avr/5.4.0/avrxmega7\libgcc.a(_ctors.o)
 .text          0x000006c8        0x0 d:/program files (x86)/atmel/studio/7.0/toolchain/avr8/avr8-gnu-toolchain/bin/../lib/gcc/avr/5.4.0/avrxmega7\libgcc.a(_ctzhi2.o)
 .text          0x000006c8        0x0 d:/program files (x86)/atmel/studio/7.0/toolchain/avr8/avr8-gnu-toolchain/bin/../lib/gcc/avr/5.4.0/avrxmega7\libgcc.a(_mulhisi3.o)
 .text          0x000006c8        0x0 d:/program files (x86)/atmel/studio/7.0/toolchain/avr8/avr8-gnu-toolchain/bin/../lib/gcc/avr/5.4.0/avrxmega7\libgcc.a(_umulhisi3.o)
 .text          0x000006c8        0x0 d:/program files (x86)/atmel/studio/7.0/toolchain/avr8/avr8-gnu-toolchain/bin/../lib/gcc/avr/5.4.0/avrxmega7\libgcc.a(_usmulhisi3.o)
 .text          0x000006c8        0x0 d:/program files (x86)/atmel/studio/7.0/toolchain/avr8/avr8-gnu-toolchain/bin/../lib/gcc/avr/5.4.0/avrxmega7\libgcc.a(_muluhisi3.o)
 .text          0x000006c8        0x0 d:/program files (x86)/atmel/studio/7.0/toolchain/avr8/avr8-gnu-toolchain/bin/../lib/gcc/avr/5.4.0/avrxmega7\libgcc.a(_ashldi3.o)
 .text          0x000006c8        0x0 d:/program files (x86)/atmel/studio/7.0/toolchain/avr8/avr8-gnu-toolchain/bin/../lib/gcc/avr/5.4.0/avrxmega7\libgcc.a(_ashrdi3.o)
 .text          0x000006c8        0x0 d:/program files (x86)/atmel/studio/7.0/toolchain/avr8/avr8-gnu-toolchain/bin/../lib/gcc/avr/5.4.0/avrxmega7\libgcc.a(_ffshi2.o)
 .text          0x000006c8        0x0 d:/program files (x86)/atmel/studio/7.0/toolchain/avr8/avr8-gnu-toolchain/bin/../lib/gcc/avr/5.4.0/avrxmega7\libgcc.a(_loop_ffsqi2.o)
 .text          0x000006c8        0x0 d:/program files (x86)/atmel/studio/7.0/toolchain/avr8/avr8-gnu-toolchain/bin/../lib/gcc/avr/5.4.0/../../../../avr/lib/avrxmega7\libc.a(memcpy.o)
                0x000006c8                . = ALIGN (0x2)
 *(.text.*)
 .text._Z9delay1secv
                0x000006c8       0x14 Blockly_Funtions.o
                0x000006c8                _Z9delay1secv
 .text._Z8delay_msj
                0x000006dc       0x20 Blockly_Funtions.o
                0x000006dc                _Z8delay_msj
 .text._Z11printNumberj
                0x000006fc       0x18 Blockly_Funtions.o
                0x000006fc                _Z11printNumberj
 .text._Z6invertj
                0x00000714        0x8 Blockly_Funtions.o
                0x00000714                _Z6invertj
 .text._Z3addii
                0x0000071c       0x54 Blockly_Funtions.o
                0x0000071c                _Z3addii
 .text._Z8subtractii
                0x00000770       0x56 Blockly_Funtions.o
                0x00000770                _Z8subtractii
 .text._Z8multiplyii
                0x000007c6       0x32 Blockly_Funtions.o
                0x000007c6                _Z8multiplyii
 .text._Z6divideii
                0x000007f8        0x8 Blockly_Funtions.o
                0x000007f8                _Z6divideii
 .text._Z7isEqualii
                0x00000800        0xe Blockly_Funtions.o
                0x00000800                _Z7isEqualii
 .text._Z8isBiggerii
                0x0000080e        0xe Blockly_Funtions.o
                0x0000080e                _Z8isBiggerii
 .text._Z9isSmallerii
                0x0000081c        0xe Blockly_Funtions.o
                0x0000081c                _Z9isSmallerii
 .text._Z15isBiggerOrEqualii
                0x0000082a        0xe Blockly_Funtions.o
                0x0000082a                _Z15isBiggerOrEqualii
 .text._Z16isSmallerOrEqualii
                0x00000838        0xe Blockly_Funtions.o
                0x00000838                _Z16isSmallerOrEqualii
 .text._Z8logic_orbb
                0x00000846        0xc Blockly_Funtions.o
                0x00000846                _Z8logic_orbb
 .text._Z9logic_andbb
                0x00000852        0x6 Blockly_Funtions.o
                0x00000852                _Z9logic_andbb
 .text._Z9logic_xorbb
                0x00000858        0x4 Blockly_Funtions.o
                0x00000858                _Z9logic_xorbb
 .text._Z11hexToNibblec
                0x0000085c       0x28 Bootloader/Convert.o
                0x0000085c                _Z11hexToNibblec
 .text._Z9hexToBytecc
                0x00000884       0x22 Bootloader/Convert.o
                0x00000884                _Z9hexToBytecc
 .text._Z11resetDevicev
                0x000008a6        0xe Bootloader/Programming.o
                0x000008a6                _Z11resetDevicev
 .text._Z12programFlashhjhPh
                0x000008b4      0x130 Bootloader/Programming.o
                0x000008b4                _Z12programFlashhjhPh
 .text._Z14programHexLinePc
                0x000009e4      0x12a Bootloader/Programming.o
                0x000009e4                _Z14programHexLinePc
 .text._Z17receiveHexFileUSBv
                0x00000b0e       0x54 Bootloader/Programming.o
                0x00000b0e                _Z17receiveHexFileUSBv
 .text._Z10getUsbBootv
                0x00000b62       0x72 Bootloader/Programming.o
                0x00000b62                _Z10getUsbBootv
 .text._Z17receiveHexFileI2CPFvvE
                0x00000bd4       0x74 Bootloader/Programming.o
                0x00000bd4                _Z17receiveHexFileI2CPFvvE
 .text._Z8SPI_InitR10SPI_struct
                0x00000c48        0x8 Communication/SPI.o
                0x00000c48                _Z8SPI_InitR10SPI_struct
 .text._Z14SPI_TrancieverR10SPI_structh
                0x00000c50        0xe Communication/SPI.o
                0x00000c50                _Z14SPI_TrancieverR10SPI_structh
 .text._Z11SS_set_highR11PORT_structh
                0x00000c5e       0x1c Communication/SPI.o
                0x00000c5e                _Z11SS_set_highR11PORT_structh
 .text._Z10SS_set_lowR11PORT_structh
                0x00000c7a       0x1c Communication/SPI.o
                0x00000c7a                _Z10SS_set_lowR11PORT_structh
 .text._Z12SPI_CAN_ReadR10SPI_structhh
                0x00000c96       0x28 Communication/SPI.o
                0x00000c96                _Z12SPI_CAN_ReadR10SPI_structhh
 .text._Z13SPI_CAN_writeR10SPI_structhhh
                0x00000cbe       0x2e Communication/SPI.o
                0x00000cbe                _Z13SPI_CAN_writeR10SPI_structhhh
 .text._Z13TWI_HandleISRPFvvEPFvhER10TWI_struct
                0x00000cec       0x24 Communication/TWI.o
                0x00000cec                _Z13TWI_HandleISRPFvvEPFvhER10TWI_struct
 .text.__vector_12
                0x00000d10       0x7a Communication/TWI.o
                0x00000d10                __vector_12
 .text.__vector_75
                0x00000d8a       0x7a Communication/TWI.o
                0x00000d8a                __vector_75
 .text.__vector_45
                0x00000e04       0x7a Communication/TWI.o
                0x00000e04                __vector_45
 .text.__vector_106
                0x00000e7e       0x7a Communication/TWI.o
                0x00000e7e                __vector_106
 .text._Z8TWI_initR10TWI_struct
                0x00000ef8       0x14 Communication/TWI.o
                0x00000ef8                _Z8TWI_initR10TWI_struct
 .text._Z19TWI_RecievedAddressR10TWI_struct
                0x00000f0c       0x18 Communication/TWI.o
                0x00000f0c                _Z19TWI_RecievedAddressR10TWI_struct
 .text._Z17TWI_ReceivePacketR10TWI_structPhh
                0x00000f24       0x98 Communication/TWI.o
                0x00000f24                _Z17TWI_ReceivePacketR10TWI_structPhh
 .text._Z9TWI_WriteR10TWI_structh
                0x00000fbc       0x66 Communication/TWI.o
                0x00000fbc                _Z9TWI_WriteR10TWI_structh
 .text._Z13TWI_onRequestPFvvER10TWI_struct
                0x00001022       0x4c Communication/TWI.o
                0x00001022                _Z13TWI_onRequestPFvvER10TWI_struct
 .text._Z13TWI_onReceivePFvhER10TWI_struct
                0x0000106e       0x4c Communication/TWI.o
                0x0000106e                _Z13TWI_onReceivePFvhER10TWI_struct
 .text._Z10HexToASCIIh
                0x000010ba        0xe Communication/UART.o
                0x000010ba                _Z10HexToASCIIh
 .text._Z18USART_Set_BaudrateR12USART_structmm
                0x000010c8      0x226 Communication/UART.o
                0x000010c8                _Z18USART_Set_BaudrateR12USART_structmm
 .text._Z10USART_InitR12USART_structmmb
                0x000012ee       0x28 Communication/UART.o
                0x000012ee                _Z10USART_InitR12USART_structmmb
 .text._Z14USART_TransmitR12USART_structc
                0x00001316        0xc Communication/UART.o
                0x00001316                _Z14USART_TransmitR12USART_structc
 .text._Z13USART_ReceiveR12USART_struct
                0x00001322        0xc Communication/UART.o
                0x00001322                _Z13USART_ReceiveR12USART_struct
 .text._Z13USART_ReceiveR12USART_structjRb
                0x0000132e       0x38 Communication/UART.o
                0x0000132e                _Z13USART_ReceiveR12USART_structjRb
 .text._Z15USART_AvailableR12USART_struct
                0x00001366        0xc Communication/UART.o
                0x00001366                _Z15USART_AvailableR12USART_struct
 .text._Z20USART_TransmitStringR12USART_structPKc
                0x00001372       0x38 Communication/UART.o
                0x00001372                _Z20USART_TransmitStringR12USART_structPKc
 .text._Z14USART_TransmitR12USART_structPKch
                0x000013aa       0x3e Communication/UART.o
                0x000013aa                _Z14USART_TransmitR12USART_structPKch
 .text._Z18USART_Transmit_HexR12USART_structc
                0x000013e8       0x3a Communication/UART.o
                0x000013e8                _Z18USART_Transmit_HexR12USART_structc
 .text._Z21USART_Transmit_NumberR12USART_structi
                0x00001422       0xee Communication/UART.o
                0x00001422                _Z21USART_Transmit_NumberR12USART_structi
 .text._Z18USART_TransmitDoneR12USART_struct
                0x00001510        0xc Communication/UART.o
                0x00001510                _Z18USART_TransmitDoneR12USART_struct
 .text._Z12USB_Transmitc
                0x0000151c        0x8 Communication/USB_Functions.o
                0x0000151c                _Z12USB_Transmitc
 .text._Z11USB_Receivev
                0x00001524        0xe Communication/USB_Functions.o
                0x00001524                _Z11USB_Receivev
 .text._Z11USB_ReceivejRb
                0x00001532       0x4a Communication/USB_Functions.o
                0x00001532                _Z11USB_ReceivejRb
 .text._Z13USB_Availablev
                0x0000157c        0x6 Communication/USB_Functions.o
                0x0000157c                _Z13USB_Availablev
 .text._Z18USB_TransmitStringPKc
                0x00001582       0x2e Communication/USB_Functions.o
                0x00001582                _Z18USB_TransmitStringPKc
 .text._Z12USB_TransmitPKch
                0x000015b0       0x34 Communication/USB_Functions.o
                0x000015b0                _Z12USB_TransmitPKch
 .text._Z16USB_Transmit_Hexc
                0x000015e4       0x2c Communication/USB_Functions.o
                0x000015e4                _Z16USB_Transmit_Hexc
 .text._Z19USB_Transmit_Numberi
                0x00001610       0xe0 Communication/USB_Functions.o
                0x00001610                _Z19USB_Transmit_Numberi
 .text.IO_ReadWrite
                0x000016f0      0x182 FactoryControl/Kleursensor.o
                0x000016f0                IO_ReadWrite
 .text.SelectColour
                0x00001872        0x2 FactoryControl/Kleursensor.o
                0x00001872                SelectColour
 .text.CompareColours
                0x00001874        0xe FactoryControl/Kleursensor.o
                0x00001874                CompareColours
 .text.ReadOneColour
                0x00001882       0x5e FactoryControl/Kleursensor.o
                0x00001882                ReadOneColour
 .text.ValToColour
                0x000018e0       0x68 FactoryControl/Kleursensor.o
                0x000018e0                ValToColour
 .text.RoundColourVal
                0x00001948        0xc FactoryControl/Kleursensor.o
                0x00001948                RoundColourVal
 .text.FrequencyToColourVal
                0x00001954       0x62 FactoryControl/Kleursensor.o
                0x00001954                FrequencyToColourVal
 .text.ArrAvg   0x000019b6       0x4a FactoryControl/Kleursensor.o
                0x000019b6                ArrAvg
 .text.CompareStrings
                0x00001a00       0x1e FactoryControl/Kleursensor.o
                0x00001a00                CompareStrings
 .text.hex2int  0x00001a1e       0x72 FactoryControl/Kleursensor.o
                0x00001a1e                hex2int
 .text.ColourToRed
                0x00001a90       0x2c FactoryControl/Kleursensor.o
                0x00001a90                ColourToRed
 .text.ColourToGreen
                0x00001abc       0x2c FactoryControl/Kleursensor.o
                0x00001abc                ColourToGreen
 .text.ColourToBlue
                0x00001ae8       0x2c FactoryControl/Kleursensor.o
                0x00001ae8                ColourToBlue
 .text.ColourToIndex
                0x00001b14       0x34 FactoryControl/Kleursensor.o
                0x00001b14                ColourToIndex
 .text.ReadColourSensor
                0x00001b48       0x8e FactoryControl/Kleursensor.o
                0x00001b48                ReadColourSensor
 .text.map      0x00001bd6       0x82 FactoryControl/Kleursensor.o
                0x00001bd6                map
 .text.pulseIn  0x00001c58      0x16e FactoryControl/pulseIn.o
                0x00001c58                pulseIn
 .text.ElevatorReady
                0x00001dc6        0xa FactoryControl/Elevator.o
                0x00001dc6                ElevatorReady
 .text.KabelbaanReady
                0x00001dd0        0x8 FactoryControl/Elevator.o
                0x00001dd0                KabelbaanReady
 .text.LiftReady
                0x00001dd8        0xe FactoryControl/Elevator.o
                0x00001dd8                LiftReady
 .text.ResetLift
                0x00001de6       0x18 FactoryControl/Elevator.o
                0x00001de6                ResetLift
 .text.StopLift
                0x00001dfe       0x3c FactoryControl/Elevator.o
                0x00001dfe                StopLift
 .text.StopElevator
                0x00001e3a        0xa FactoryControl/Elevator.o
                0x00001e3a                StopElevator
 .text.StopKabelbaan
                0x00001e44        0xa FactoryControl/Elevator.o
                0x00001e44                StopKabelbaan
 .text.LiftISR  0x00001e4e       0x24 FactoryControl/Elevator.o
                0x00001e4e                LiftISR
 .text.EVSetPullUp
                0x00001e72       0x96 FactoryControl/Elevator.o
                0x00001e72                EVSetPullUp
 .text.EVSetInterrupt
                0x00001f08       0x8e FactoryControl/Elevator.o
                0x00001f08                EVSetInterrupt
 .text.ConfLift
                0x00001f96       0x66 FactoryControl/Elevator.o
                0x00001f96                ConfLift
 .text.MoveLift
                0x00001ffc       0x7c FactoryControl/Elevator.o
                0x00001ffc                MoveLift
 .text.MoveElevator
                0x00002078        0xa FactoryControl/Elevator.o
                0x00002078                MoveElevator
 .text.MoveKabelbaan
                0x00002082        0xa FactoryControl/Elevator.o
                0x00002082                MoveKabelbaan
 .text.SAPosition
                0x0000208c       0x46 FactoryControl/SorterArm.o
                0x0000208c                SAPosition
 .text.SorterArmPosition
                0x000020d2        0x8 FactoryControl/SorterArm.o
                0x000020d2                SorterArmPosition
 .text.LocatieIsBereikbaar
                0x000020da       0x4e FactoryControl/SorterArm.o
                0x000020da                LocatieIsBereikbaar
 .text.SetSAPosition
                0x00002128       0xfa FactoryControl/SorterArm.o
                0x00002128                SetSAPosition
 .text.LocatieIsBereikbaarSet
                0x00002222       0x66 FactoryControl/SorterArm.o
                0x00002222                LocatieIsBereikbaarSet
 .text.SASetPullDown
                0x00002288       0x96 FactoryControl/SorterArm.o
                0x00002288                SASetPullDown
 .text.SASetInterrupt
                0x0000231e       0x8e FactoryControl/SorterArm.o
                0x0000231e                SASetInterrupt
 .text.SetSATime
                0x000023ac       0xfa FactoryControl/SorterArm.o
                0x000023ac                SetSATime
 .text.MoveSorterArmFixed
                0x000024a6      0x162 FactoryControl/SorterArm.o
                0x000024a6                MoveSorterArmFixed
 .text.MoveSorterArm
                0x00002608        0xc FactoryControl/SorterArm.o
                0x00002608                MoveSorterArm
 .text.StopSA   0x00002614       0x46 FactoryControl/SorterArm.o
                0x00002614                StopSA
 .text.StopSorterArm
                0x0000265a        0xa FactoryControl/SorterArm.o
                0x0000265a                StopSorterArm
 .text.SATime   0x00002664       0x44 FactoryControl/SorterArm.o
                0x00002664                SATime
 .text.__vector_22
                0x000026a8       0xbe FactoryControl/SorterArm.o
                0x000026a8                __vector_22
 .text.SAReady  0x00002766       0x32 FactoryControl/SorterArm.o
                0x00002766                SAReady
 .text.SorterArmReady
                0x00002798        0xa FactoryControl/SorterArm.o
                0x00002798                SorterArmReady
 .text.initSATimer
                0x000027a2       0x20 FactoryControl/SorterArm.o
                0x000027a2                initSATimer
 .text.HomeSorterArm
                0x000027c2       0x40 FactoryControl/SorterArm.o
                0x000027c2                HomeSorterArm
 .text.MoveSADistance
                0x00002802       0xee FactoryControl/SorterArm.o
                0x00002802                MoveSADistance
 .text.MoveSorterArmDistance
                0x000028f0        0xa FactoryControl/SorterArm.o
                0x000028f0                MoveSorterArmDistance
 .text.MoveSAIndex
                0x000028fa       0x4c FactoryControl/SorterArm.o
                0x000028fa                MoveSAIndex
 .text.MoveSorterArmIndex
                0x00002946        0xa FactoryControl/SorterArm.o
                0x00002946                MoveSorterArmIndex
 .text.SorterArmISR
                0x00002950       0xbe FactoryControl/SorterArm.o
                0x00002950                SorterArmISR
 .text._Z20stepperWriteRegisterhPKchhR12USART_struct
                0x00002a0e       0xaa FactoryControl/Stepperdriver.o
                0x00002a0e                _Z20stepperWriteRegisterhPKchhR12USART_struct
 .text._Z22ChangeDirectionStepperbh
                0x00002ab8       0x30 FactoryControl/Stepperdriver.o
                0x00002ab8                _Z22ChangeDirectionStepperbh
 .text._Z8MoveBeltbj
                0x00002ae8       0xb0 FactoryControl/Stepperdriver.o
                0x00002ae8                _Z8MoveBeltbj
 .text._Z8StopBeltj
                0x00002b98       0x56 FactoryControl/Stepperdriver.o
                0x00002b98                _Z8StopBeltj
 .text._Z13MoveTurntablebj
                0x00002bee       0x72 FactoryControl/Stepperdriver.o
                0x00002bee                _Z13MoveTurntablebj
 .text._Z13StopTurntablej
                0x00002c60       0x36 FactoryControl/Stepperdriver.o
                0x00002c60                _Z13StopTurntablej
 .text._Z9ToggleLEDv
                0x00002c96        0xc main.o
                0x00002c96                _Z9ToggleLEDv
 .text._Z3LEDb  0x00002ca2       0x1c main.o
                0x00002ca2                _Z3LEDb
 .text._Z14requestStartedv
                0x00002cbe        0xe main.o
                0x00002cbe                _Z14requestStartedv
 .text._Z13requestResultv
                0x00002ccc        0xe main.o
                0x00002ccc                _Z13requestResultv
 .text.sysclk_enable_peripheral_clock
                0x00002cda      0x2c0 main.o
 .text._Z12IO_ReadWritebh
                0x00002f9a      0x182 main.o
                0x00002f9a                _Z12IO_ReadWritebh
 .text._Z11DigitalReadi
                0x0000311c        0xa main.o
                0x0000311c                _Z11DigitalReadi
 .text._Z17ReadSignatureBytej
                0x00003126       0x10 main.o
                0x00003126                _Z17ReadSignatureBytej
 .text._Z12I_AnalogReadR13ADC_CH_structh
                0x00003136       0x50 main.o
                0x00003136                _Z12I_AnalogReadR13ADC_CH_structh
 .text._Z12I_AnalogReadR10ADC_structh
                0x00003186        0x8 main.o
                0x00003186                _Z12I_AnalogReadR10ADC_structh
 .text._Z8ADC_InitR10ADC_struct
                0x0000318e       0x8e main.o
                0x0000318e                _Z8ADC_InitR10ADC_struct
 .text._Z15ReadSharpSensorh
                0x0000321c       0x5a main.o
                0x0000321c                _Z15ReadSharpSensorh
 .text._Z10AnalogReadi
                0x00003276        0xe main.o
                0x00003276                _Z10AnalogReadi
 .text._Z15passthrough_TWIv
                0x00003284       0xec main.o
                0x00003284                _Z15passthrough_TWIv
 .text._Z17I_OptocouplerReadh
                0x00003370       0xdc main.o
                0x00003370                _Z17I_OptocouplerReadh
 .text._Z15OptocouplerReadi
                0x0000344c        0x6 main.o
                0x0000344c                _Z15OptocouplerReadi
 .text._Z9set_relaybh
                0x00003452       0x94 main.o
                0x00003452                _Z9set_relaybh
 .text._Z8Solenoidhb
                0x000034e6        0xc main.o
                0x000034e6                _Z8Solenoidhb
 .text._Z13PulseSolenoidh
                0x000034f2       0x2a main.o
                0x000034f2                _Z13PulseSolenoidh
 .text.__vector_100
                0x0000351c       0x96 main.o
                0x0000351c                __vector_100
 .text.__vector_99
                0x000035b2       0x80 main.o
                0x000035b2                __vector_99
 .text.main     0x00003632      0x1c2 main.o
                0x00003632                main
 .text._GLOBAL__sub_I__Z12IO_ReadWritebh
                0x000037f4       0x12 main.o
 .text.udi_cdc_comm_enable
                0x00003806       0x56 src/ASF/common/services/usb/class/cdc/device/udi_cdc.o
                0x00003806                udi_cdc_comm_enable
 .text.udi_cdc_comm_disable
                0x0000385c        0xc src/ASF/common/services/usb/class/cdc/device/udi_cdc.o
                0x0000385c                udi_cdc_comm_disable
 .text.udi_cdc_data_disable
                0x00003868       0x14 src/ASF/common/services/usb/class/cdc/device/udi_cdc.o
                0x00003868                udi_cdc_data_disable
 .text.udi_cdc_data_setup
                0x0000387c        0x4 src/ASF/common/services/usb/class/cdc/device/udi_cdc.o
                0x0000387c                udi_cdc_data_setup
 .text.udi_cdc_getsetting
                0x00003880        0x4 src/ASF/common/services/usb/class/cdc/device/udi_cdc.o
                0x00003880                udi_cdc_getsetting
 .text.udi_cdc_comm_setup
                0x00003884       0x94 src/ASF/common/services/usb/class/cdc/device/udi_cdc.o
                0x00003884                udi_cdc_comm_setup
 .text.udi_cdc_line_coding_received
                0x00003918        0x2 src/ASF/common/services/usb/class/cdc/device/udi_cdc.o
 .text.udi_cdc_tx_send
                0x0000391a      0x164 src/ASF/common/services/usb/class/cdc/device/udi_cdc.o
 .text.udi_cdc_data_sent
                0x00003a7e       0x32 src/ASF/common/services/usb/class/cdc/device/udi_cdc.o
 .text.udi_cdc_data_sof_notify
                0x00003ab0        0x8 src/ASF/common/services/usb/class/cdc/device/udi_cdc.o
                0x00003ab0                udi_cdc_data_sof_notify
 .text.udi_cdc_ctrl_state_notify
                0x00003ab8       0x50 src/ASF/common/services/usb/class/cdc/device/udi_cdc.o
 .text.udi_cdc_ctrl_state_change
                0x00003b08       0x56 src/ASF/common/services/usb/class/cdc/device/udi_cdc.o
 .text.udi_cdc_serial_state_msg_sent
                0x00003b5e       0x2e src/ASF/common/services/usb/class/cdc/device/udi_cdc.o
 .text.udi_cdc_ctrl_signal_dcd
                0x00003b8c        0xe src/ASF/common/services/usb/class/cdc/device/udi_cdc.o
                0x00003b8c                udi_cdc_ctrl_signal_dcd
 .text.udi_cdc_ctrl_signal_dsr
                0x00003b9a        0xe src/ASF/common/services/usb/class/cdc/device/udi_cdc.o
                0x00003b9a                udi_cdc_ctrl_signal_dsr
 .text.udi_cdc_signal_framing_error
                0x00003ba8        0xe src/ASF/common/services/usb/class/cdc/device/udi_cdc.o
                0x00003ba8                udi_cdc_signal_framing_error
 .text.udi_cdc_signal_parity_error
                0x00003bb6        0xe src/ASF/common/services/usb/class/cdc/device/udi_cdc.o
                0x00003bb6                udi_cdc_signal_parity_error
 .text.udi_cdc_signal_overrun
                0x00003bc4        0xe src/ASF/common/services/usb/class/cdc/device/udi_cdc.o
                0x00003bc4                udi_cdc_signal_overrun
 .text.udi_cdc_multi_ctrl_signal_dcd
                0x00003bd2        0xa src/ASF/common/services/usb/class/cdc/device/udi_cdc.o
                0x00003bd2                udi_cdc_multi_ctrl_signal_dcd
 .text.udi_cdc_multi_ctrl_signal_dsr
                0x00003bdc        0xa src/ASF/common/services/usb/class/cdc/device/udi_cdc.o
                0x00003bdc                udi_cdc_multi_ctrl_signal_dsr
 .text.udi_cdc_multi_signal_framing_error
                0x00003be6        0xc src/ASF/common/services/usb/class/cdc/device/udi_cdc.o
                0x00003be6                udi_cdc_multi_signal_framing_error
 .text.udi_cdc_multi_signal_parity_error
                0x00003bf2        0xc src/ASF/common/services/usb/class/cdc/device/udi_cdc.o
                0x00003bf2                udi_cdc_multi_signal_parity_error
 .text.udi_cdc_multi_signal_overrun
                0x00003bfe        0xc src/ASF/common/services/usb/class/cdc/device/udi_cdc.o
                0x00003bfe                udi_cdc_multi_signal_overrun
 .text.udi_cdc_multi_get_nb_received_data
                0x00003c0a       0x3a src/ASF/common/services/usb/class/cdc/device/udi_cdc.o
                0x00003c0a                udi_cdc_multi_get_nb_received_data
 .text.udi_cdc_get_nb_received_data
                0x00003c44        0x8 src/ASF/common/services/usb/class/cdc/device/udi_cdc.o
                0x00003c44                udi_cdc_get_nb_received_data
 .text.udi_cdc_multi_is_rx_ready
                0x00003c4c       0x10 src/ASF/common/services/usb/class/cdc/device/udi_cdc.o
                0x00003c4c                udi_cdc_multi_is_rx_ready
 .text.udi_cdc_rx_start
                0x00003c5c       0x9c src/ASF/common/services/usb/class/cdc/device/udi_cdc.o
 .text.udi_cdc_data_enable
                0x00003cf8       0x68 src/ASF/common/services/usb/class/cdc/device/udi_cdc.o
                0x00003cf8                udi_cdc_data_enable
 .text.udi_cdc_data_received
                0x00003d60       0x62 src/ASF/common/services/usb/class/cdc/device/udi_cdc.o
 .text.udi_cdc_is_rx_ready
                0x00003dc2        0x8 src/ASF/common/services/usb/class/cdc/device/udi_cdc.o
                0x00003dc2                udi_cdc_is_rx_ready
 .text.udi_cdc_multi_getc
                0x00003dca       0xaa src/ASF/common/services/usb/class/cdc/device/udi_cdc.o
                0x00003dca                udi_cdc_multi_getc
 .text.udi_cdc_getc
                0x00003e74        0x8 src/ASF/common/services/usb/class/cdc/device/udi_cdc.o
                0x00003e74                udi_cdc_getc
 .text.udi_cdc_multi_read_buf
                0x00003e7c       0xd4 src/ASF/common/services/usb/class/cdc/device/udi_cdc.o
                0x00003e7c                udi_cdc_multi_read_buf
 .text.udi_cdc_read_no_polling
                0x00003f50       0xc6 src/ASF/common/services/usb/class/cdc/device/udi_cdc.o
                0x00003f50                udi_cdc_read_no_polling
 .text.udi_cdc_read_buf
                0x00004016        0xc src/ASF/common/services/usb/class/cdc/device/udi_cdc.o
                0x00004016                udi_cdc_read_buf
 .text.udi_cdc_multi_get_free_tx_buffer
                0x00004022       0x60 src/ASF/common/services/usb/class/cdc/device/udi_cdc.o
                0x00004022                udi_cdc_multi_get_free_tx_buffer
 .text.udi_cdc_get_free_tx_buffer
                0x00004082        0x8 src/ASF/common/services/usb/class/cdc/device/udi_cdc.o
                0x00004082                udi_cdc_get_free_tx_buffer
 .text.udi_cdc_multi_is_tx_ready
                0x0000408a       0x10 src/ASF/common/services/usb/class/cdc/device/udi_cdc.o
                0x0000408a                udi_cdc_multi_is_tx_ready
 .text.udi_cdc_is_tx_ready
                0x0000409a        0x8 src/ASF/common/services/usb/class/cdc/device/udi_cdc.o
                0x0000409a                udi_cdc_is_tx_ready
 .text.udi_cdc_multi_putc
                0x000040a2       0x9e src/ASF/common/services/usb/class/cdc/device/udi_cdc.o
                0x000040a2                udi_cdc_multi_putc
 .text.udi_cdc_putc
                0x00004140        0xa src/ASF/common/services/usb/class/cdc/device/udi_cdc.o
                0x00004140                udi_cdc_putc
 .text.udi_cdc_multi_write_buf
                0x0000414a       0xea src/ASF/common/services/usb/class/cdc/device/udi_cdc.o
                0x0000414a                udi_cdc_multi_write_buf
 .text.udi_cdc_write_buf
                0x00004234        0xc src/ASF/common/services/usb/class/cdc/device/udi_cdc.o
                0x00004234                udi_cdc_write_buf
 .text.udc_next_desc_in_iface
                0x00004240       0x6a src/ASF/common/services/usb/udc/udc.o
 .text.udc_valid_address
                0x000042aa        0xc src/ASF/common/services/usb/udc/udc.o
 .text.udc_update_iface_desc
                0x000042b6       0x74 src/ASF/common/services/usb/udc/udc.o
 .text.udc_iface_disable
                0x0000432a       0x8a src/ASF/common/services/usb/udc/udc.o
 .text.udc_iface_enable
                0x000043b4       0x6a src/ASF/common/services/usb/udc/udc.o
 .text.udc_get_interface_desc
                0x0000441e        0xa src/ASF/common/services/usb/udc/udc.o
                0x0000441e                udc_get_interface_desc
 .text.udc_start
                0x00004428        0x6 src/ASF/common/services/usb/udc/udc.o
                0x00004428                udc_start
 .text.udc_reset
                0x0000442e       0x50 src/ASF/common/services/usb/udc/udc.o
                0x0000442e                udc_reset
 .text.udc_stop
                0x0000447e        0xa src/ASF/common/services/usb/udc/udc.o
                0x0000447e                udc_stop
 .text.udc_sof_notify
                0x00004488       0x60 src/ASF/common/services/usb/udc/udc.o
                0x00004488                udc_sof_notify
 .text.udc_process_setup
                0x000044e8      0x540 src/ASF/common/services/usb/udc/udc.o
                0x000044e8                udc_process_setup
 .text.udd_sleep_mode
                0x00004a28       0x70 src/ASF/xmega/drivers/usb/usb_device.o
 .text.udd_ctrl_init
                0x00004a98       0x4a src/ASF/xmega/drivers/usb/usb_device.o
 .text.udd_ctrl_stall_data
                0x00004ae2       0x1c src/ASF/xmega/drivers/usb/usb_device.o
 .text.udd_ctrl_send_zlp_in
                0x00004afe       0x1c src/ASF/xmega/drivers/usb/usb_device.o
 .text.udd_ctrl_endofrequest
                0x00004b1a       0x10 src/ASF/xmega/drivers/usb/usb_device.o
 .text.udd_ctrl_in_sent
                0x00004b2a       0xdc src/ASF/xmega/drivers/usb/usb_device.o
 .text.udd_ep_get_size
                0x00004c06       0x52 src/ASF/xmega/drivers/usb/usb_device.o
 .text.udd_ep_get_job
                0x00004c58       0x36 src/ASF/xmega/drivers/usb/usb_device.o
 .text.udd_ctrl_interrupt_tc_setup
                0x00004c8e       0xee src/ASF/xmega/drivers/usb/usb_device.o
 .text.udd_ep_trans_complet
                0x00004d7c      0x2c6 src/ASF/xmega/drivers/usb/usb_device.o
 .text.udd_disable
                0x00005042       0x5c src/ASF/xmega/drivers/usb/usb_device.o
                0x00005042                udd_disable
 .text.udd_include_vbus_monitoring
                0x0000509e        0x4 src/ASF/xmega/drivers/usb/usb_device.o
                0x0000509e                udd_include_vbus_monitoring
 .text.udd_attach
                0x000050a2       0x5c src/ASF/xmega/drivers/usb/usb_device.o
                0x000050a2                udd_attach
 .text.udd_enable
                0x000050fe      0x10c src/ASF/xmega/drivers/usb/usb_device.o
                0x000050fe                udd_enable
 .text.udd_detach
                0x0000520a        0xc src/ASF/xmega/drivers/usb/usb_device.o
                0x0000520a                udd_detach
 .text.udd_is_high_speed
                0x00005216        0x4 src/ASF/xmega/drivers/usb/usb_device.o
                0x00005216                udd_is_high_speed
 .text.udd_set_address
                0x0000521a        0x6 src/ASF/xmega/drivers/usb/usb_device.o
                0x0000521a                udd_set_address
 .text.udd_getaddress
                0x00005220        0x6 src/ASF/xmega/drivers/usb/usb_device.o
                0x00005220                udd_getaddress
 .text.udd_get_frame_number
                0x00005226        0xa src/ASF/xmega/drivers/usb/usb_device.o
                0x00005226                udd_get_frame_number
 .text.udd_get_micro_frame_number
                0x00005230        0x6 src/ASF/xmega/drivers/usb/usb_device.o
                0x00005230                udd_get_micro_frame_number
 .text.udd_send_remotewakeup
                0x00005236       0x20 src/ASF/xmega/drivers/usb/usb_device.o
                0x00005236                udd_send_remotewakeup
 .text.udd_set_setup_payload
                0x00005256        0xe src/ASF/xmega/drivers/usb/usb_device.o
                0x00005256                udd_set_setup_payload
 .text.udd_ep_alloc
                0x00005264      0x122 src/ASF/xmega/drivers/usb/usb_device.o
                0x00005264                udd_ep_alloc
 .text.udd_ep_is_halted
                0x00005386       0x36 src/ASF/xmega/drivers/usb/usb_device.o
                0x00005386                udd_ep_is_halted
 .text.udd_ep_clear_halt
                0x000053bc       0x86 src/ASF/xmega/drivers/usb/usb_device.o
                0x000053bc                udd_ep_clear_halt
 .text.udd_ep_run
                0x00005442      0x19c src/ASF/xmega/drivers/usb/usb_device.o
                0x00005442                udd_ep_run
 .text.udd_ep_abort
                0x000055de       0xa0 src/ASF/xmega/drivers/usb/usb_device.o
                0x000055de                udd_ep_abort
 .text.udd_ep_free
                0x0000567e       0x3a src/ASF/xmega/drivers/usb/usb_device.o
                0x0000567e                udd_ep_free
 .text.udd_ep_set_halt
                0x000056b8       0x3c src/ASF/xmega/drivers/usb/usb_device.o
                0x000056b8                udd_ep_set_halt
 .text.udd_ep_wait_stall_clear
                0x000056f4       0x6a src/ASF/xmega/drivers/usb/usb_device.o
                0x000056f4                udd_ep_wait_stall_clear
 .text.__vector_125
                0x0000575e      0x19a src/ASF/xmega/drivers/usb/usb_device.o
                0x0000575e                __vector_125
 .text.__vector_126
                0x000058f8      0x214 src/ASF/xmega/drivers/usb/usb_device.o
                0x000058f8                __vector_126
 .text.udd_ep_is_valid
                0x00005b0c       0x14 src/ASF/xmega/drivers/usb/usb_device.o
                0x00005b0c                udd_ep_is_valid
 .text.sysclk_init
                0x00005b20       0xf6 src/ASF/common/services/clock/xmega/sysclk.o
                0x00005b20                sysclk_init
 .text.sysclk_enable_module
                0x00005c16       0x2c src/ASF/common/services/clock/xmega/sysclk.o
                0x00005c16                sysclk_enable_module
 .text.sysclk_disable_module
                0x00005c42       0x2a src/ASF/common/services/clock/xmega/sysclk.o
                0x00005c42                sysclk_disable_module
 .text.sysclk_enable_usb
                0x00005c6c       0x8e src/ASF/common/services/clock/xmega/sysclk.o
                0x00005c6c                sysclk_enable_usb
 .text.sysclk_disable_usb
                0x00005cfa       0x14 src/ASF/common/services/clock/xmega/sysclk.o
                0x00005cfa                sysclk_disable_usb
 .text.nvm_read_device_serial
                0x00005d0e       0x90 src/ASF/xmega/drivers/nvm/nvm.o
                0x00005d0e                nvm_read_device_serial
 .text.nvm_eeprom_read_byte
                0x00005d9e       0x22 src/ASF/xmega/drivers/nvm/nvm.o
                0x00005d9e                nvm_eeprom_read_byte
 .text.nvm_eeprom_read_buffer
                0x00005dc0       0x32 src/ASF/xmega/drivers/nvm/nvm.o
                0x00005dc0                nvm_eeprom_read_buffer
 .text.nvm_eeprom_flush_buffer
                0x00005df2       0x24 src/ASF/xmega/drivers/nvm/nvm.o
                0x00005df2                nvm_eeprom_flush_buffer
 .text.nvm_eeprom_load_byte_to_buffer
                0x00005e16       0x24 src/ASF/xmega/drivers/nvm/nvm.o
                0x00005e16                nvm_eeprom_load_byte_to_buffer
 .text.nvm_eeprom_write_byte
                0x00005e3a       0x50 src/ASF/xmega/drivers/nvm/nvm.o
                0x00005e3a                nvm_eeprom_write_byte
 .text.nvm_eeprom_load_page_to_buffer
                0x00005e8a       0x2e src/ASF/xmega/drivers/nvm/nvm.o
                0x00005e8a                nvm_eeprom_load_page_to_buffer
 .text.nvm_eeprom_atomic_write_page
                0x00005eb8       0x3c src/ASF/xmega/drivers/nvm/nvm.o
                0x00005eb8                nvm_eeprom_atomic_write_page
 .text.nvm_eeprom_erase_and_write_buffer
                0x00005ef4       0x86 src/ASF/xmega/drivers/nvm/nvm.o
                0x00005ef4                nvm_eeprom_erase_and_write_buffer
 .text.nvm_eeprom_split_write_page
                0x00005f7a       0x3c src/ASF/xmega/drivers/nvm/nvm.o
                0x00005f7a                nvm_eeprom_split_write_page
 .text.nvm_eeprom_fill_buffer_with_value
                0x00005fb6       0x2a src/ASF/xmega/drivers/nvm/nvm.o
                0x00005fb6                nvm_eeprom_fill_buffer_with_value
 .text.nvm_eeprom_erase_bytes_in_page
                0x00005fe0       0x3c src/ASF/xmega/drivers/nvm/nvm.o
                0x00005fe0                nvm_eeprom_erase_bytes_in_page
 .text.nvm_eeprom_erase_page
                0x0000601c       0x14 src/ASF/xmega/drivers/nvm/nvm.o
                0x0000601c                nvm_eeprom_erase_page
 .text.nvm_eeprom_erase_bytes_in_all_pages
                0x00006030       0x2e src/ASF/xmega/drivers/nvm/nvm.o
                0x00006030                nvm_eeprom_erase_bytes_in_all_pages
 .text.nvm_eeprom_erase_all
                0x0000605e        0xc src/ASF/xmega/drivers/nvm/nvm.o
                0x0000605e                nvm_eeprom_erase_all
 .text.nvm_issue_flash_range_crc
                0x0000606a       0x5a src/ASF/xmega/drivers/nvm/nvm.o
                0x0000606a                nvm_issue_flash_range_crc
 .text.nvm_flash_read_buffer
                0x000060c4       0x34 src/ASF/xmega/drivers/nvm/nvm.o
                0x000060c4                nvm_flash_read_buffer
 .text.nvm_user_sig_read_buffer
                0x000060f8       0x3c src/ASF/xmega/drivers/nvm/nvm.o
                0x000060f8                nvm_user_sig_read_buffer
 .text.nvm_user_sig_write_buffer
                0x00006134      0x14e src/ASF/xmega/drivers/nvm/nvm.o
                0x00006134                nvm_user_sig_write_buffer
 .text.nvm_flash_erase_and_write_buffer
                0x00006282      0x192 src/ASF/xmega/drivers/nvm/nvm.o
                0x00006282                nvm_flash_erase_and_write_buffer
 .text.nvm_fuses_read
                0x00006414       0x32 src/ASF/xmega/drivers/nvm/nvm.o
                0x00006414                nvm_fuses_read
 .text.nvm_read_byte
                0x00006446       0x14 src/ASF/xmega/drivers/nvm/nvm_asm.o
                0x00006446                nvm_read_byte
 .text.ccp_write_io
                0x0000645a        0xc src/ASF/xmega/drivers/cpu/ccp.o
                0x0000645a                ccp_write_io
 .text.board_init
                0x00006466       0x4e src/ASF/common/boards/user_board/init.o
                0x00006466                board_init
 .text.avr-libc.fplib
                0x000064b4        0xe d:/program files (x86)/atmel/studio/7.0/toolchain/avr8/avr8-gnu-toolchain/bin/../lib/gcc/avr/5.4.0/../../../../avr/lib/avrxmega7\libm.a(addsf3.o)
                0x000064b4                __subsf3
                0x000064b6                __addsf3
 .text.avr-libc.fplib
                0x000064c2       0xcc d:/program files (x86)/atmel/studio/7.0/toolchain/avr8/avr8-gnu-toolchain/bin/../lib/gcc/avr/5.4.0/../../../../avr/lib/avrxmega7\libm.a(addsf3x.o)
                0x000064e4                __addsf3x
 .text.avr-libc.fplib
                0x0000658e        0x8 d:/program files (x86)/atmel/studio/7.0/toolchain/avr8/avr8-gnu-toolchain/bin/../lib/gcc/avr/5.4.0/../../../../avr/lib/avrxmega7\libm.a(divsf3.o)
                0x0000658e                __divsf3
 .text.avr-libc.fplib
                0x00006596       0xdc d:/program files (x86)/atmel/studio/7.0/toolchain/avr8/avr8-gnu-toolchain/bin/../lib/gcc/avr/5.4.0/../../../../avr/lib/avrxmega7\libm.a(divsf3x.o)
                0x000065b6                __divsf3x
                0x000065bc                __divsf3_pse
 .text.avr-libc.fplib
                0x00006672       0x5e d:/program files (x86)/atmel/studio/7.0/toolchain/avr8/avr8-gnu-toolchain/bin/../lib/gcc/avr/5.4.0/../../../../avr/lib/avrxmega7\libm.a(fixunssfsi.o)
                0x00006672                __fixunssfsi
 .text.avr-libc.fplib
                0x000066d0       0x7a d:/program files (x86)/atmel/studio/7.0/toolchain/avr8/avr8-gnu-toolchain/bin/../lib/gcc/avr/5.4.0/../../../../avr/lib/avrxmega7\libm.a(floatsisf.o)
                0x000066d0                __floatunsisf
                0x000066d4                __floatsisf
 .text.avr-libc.fplib
                0x0000674a        0xc d:/program files (x86)/atmel/studio/7.0/toolchain/avr8/avr8-gnu-toolchain/bin/../lib/gcc/avr/5.4.0/../../../../avr/lib/avrxmega7\libm.a(fp_inf.o)
                0x0000674a                __fp_inf
 .text.avr-libc.fplib
                0x00006756        0x6 d:/program files (x86)/atmel/studio/7.0/toolchain/avr8/avr8-gnu-toolchain/bin/../lib/gcc/avr/5.4.0/../../../../avr/lib/avrxmega7\libm.a(fp_nan.o)
                0x00006756                __fp_nan
 .text.avr-libc.fplib
                0x0000675c        0xe d:/program files (x86)/atmel/studio/7.0/toolchain/avr8/avr8-gnu-toolchain/bin/../lib/gcc/avr/5.4.0/../../../../avr/lib/avrxmega7\libm.a(fp_pscA.o)
                0x0000675c                __fp_pscA
 .text.avr-libc.fplib
                0x0000676a        0xe d:/program files (x86)/atmel/studio/7.0/toolchain/avr8/avr8-gnu-toolchain/bin/../lib/gcc/avr/5.4.0/../../../../avr/lib/avrxmega7\libm.a(fp_pscB.o)
                0x0000676a                __fp_pscB
 .text.avr-libc.fplib
                0x00006778       0x22 d:/program files (x86)/atmel/studio/7.0/toolchain/avr8/avr8-gnu-toolchain/bin/../lib/gcc/avr/5.4.0/../../../../avr/lib/avrxmega7\libm.a(fp_round.o)
                0x00006778                __fp_round
 .text.avr-libc.fplib
                0x0000679a       0x44 d:/program files (x86)/atmel/studio/7.0/toolchain/avr8/avr8-gnu-toolchain/bin/../lib/gcc/avr/5.4.0/../../../../avr/lib/avrxmega7\libm.a(fp_split3.o)
                0x0000679a                __fp_split3
                0x000067aa                __fp_splitA
 .text.avr-libc.fplib
                0x000067de        0xe d:/program files (x86)/atmel/studio/7.0/toolchain/avr8/avr8-gnu-toolchain/bin/../lib/gcc/avr/5.4.0/../../../../avr/lib/avrxmega7\libm.a(fp_zero.o)
                0x000067de                __fp_zero
                0x000067e0                __fp_szero
 .text.libgcc.mul
                0x000067ec       0x20 d:/program files (x86)/atmel/studio/7.0/toolchain/avr8/avr8-gnu-toolchain/bin/../lib/gcc/avr/5.4.0/avrxmega7\libgcc.a(_mulsi3.o)
                0x000067ec                __mulsi3
 .text.libgcc.div
                0x0000680c        0x0 d:/program files (x86)/atmel/studio/7.0/toolchain/avr8/avr8-gnu-toolchain/bin/../lib/gcc/avr/5.4.0/avrxmega7\libgcc.a(_mulsi3.o)
 .text.libgcc   0x0000680c        0x0 d:/program files (x86)/atmel/studio/7.0/toolchain/avr8/avr8-gnu-toolchain/bin/../lib/gcc/avr/5.4.0/avrxmega7\libgcc.a(_mulsi3.o)
 .text.libgcc.prologue
                0x0000680c        0x0 d:/program files (x86)/atmel/studio/7.0/toolchain/avr8/avr8-gnu-toolchain/bin/../lib/gcc/avr/5.4.0/avrxmega7\libgcc.a(_mulsi3.o)
 .text.libgcc.builtins
                0x0000680c        0x0 d:/program files (x86)/atmel/studio/7.0/toolchain/avr8/avr8-gnu-toolchain/bin/../lib/gcc/avr/5.4.0/avrxmega7\libgcc.a(_mulsi3.o)
 .text.libgcc.fmul
                0x0000680c        0x0 d:/program files (x86)/atmel/studio/7.0/toolchain/avr8/avr8-gnu-toolchain/bin/../lib/gcc/avr/5.4.0/avrxmega7\libgcc.a(_mulsi3.o)
 .text.libgcc.fixed
                0x0000680c        0x0 d:/program files (x86)/atmel/studio/7.0/toolchain/avr8/avr8-gnu-toolchain/bin/../lib/gcc/avr/5.4.0/avrxmega7\libgcc.a(_mulsi3.o)
 .text.libgcc.mul
                0x0000680c        0x0 d:/program files (x86)/atmel/studio/7.0/toolchain/avr8/avr8-gnu-toolchain/bin/../lib/gcc/avr/5.4.0/avrxmega7\libgcc.a(_udivmodhi4.o)
 .text.libgcc.div
                0x0000680c       0x28 d:/program files (x86)/atmel/studio/7.0/toolchain/avr8/avr8-gnu-toolchain/bin/../lib/gcc/avr/5.4.0/avrxmega7\libgcc.a(_udivmodhi4.o)
                0x0000680c                __udivmodhi4
 .text.libgcc   0x00006834        0x0 d:/program files (x86)/atmel/studio/7.0/toolchain/avr8/avr8-gnu-toolchain/bin/../lib/gcc/avr/5.4.0/avrxmega7\libgcc.a(_udivmodhi4.o)
 .text.libgcc.prologue
                0x00006834        0x0 d:/program files (x86)/atmel/studio/7.0/toolchain/avr8/avr8-gnu-toolchain/bin/../lib/gcc/avr/5.4.0/avrxmega7\libgcc.a(_udivmodhi4.o)
 .text.libgcc.builtins
                0x00006834        0x0 d:/program files (x86)/atmel/studio/7.0/toolchain/avr8/avr8-gnu-toolchain/bin/../lib/gcc/avr/5.4.0/avrxmega7\libgcc.a(_udivmodhi4.o)
 .text.libgcc.fmul
                0x00006834        0x0 d:/program files (x86)/atmel/studio/7.0/toolchain/avr8/avr8-gnu-toolchain/bin/../lib/gcc/avr/5.4.0/avrxmega7\libgcc.a(_udivmodhi4.o)
 .text.libgcc.fixed
                0x00006834        0x0 d:/program files (x86)/atmel/studio/7.0/toolchain/avr8/avr8-gnu-toolchain/bin/../lib/gcc/avr/5.4.0/avrxmega7\libgcc.a(_udivmodhi4.o)
 .text.libgcc.mul
                0x00006834        0x0 d:/program files (x86)/atmel/studio/7.0/toolchain/avr8/avr8-gnu-toolchain/bin/../lib/gcc/avr/5.4.0/avrxmega7\libgcc.a(_divmodhi4.o)
 .text.libgcc.div
                0x00006834       0x28 d:/program files (x86)/atmel/studio/7.0/toolchain/avr8/avr8-gnu-toolchain/bin/../lib/gcc/avr/5.4.0/avrxmega7\libgcc.a(_divmodhi4.o)
                0x00006834                _div
                0x00006834                __divmodhi4
 .text.libgcc   0x0000685c        0x0 d:/program files (x86)/atmel/studio/7.0/toolchain/avr8/avr8-gnu-toolchain/bin/../lib/gcc/avr/5.4.0/avrxmega7\libgcc.a(_divmodhi4.o)
 .text.libgcc.prologue
                0x0000685c        0x0 d:/program files (x86)/atmel/studio/7.0/toolchain/avr8/avr8-gnu-toolchain/bin/../lib/gcc/avr/5.4.0/avrxmega7\libgcc.a(_divmodhi4.o)
 .text.libgcc.builtins
                0x0000685c        0x0 d:/program files (x86)/atmel/studio/7.0/toolchain/avr8/avr8-gnu-toolchain/bin/../lib/gcc/avr/5.4.0/avrxmega7\libgcc.a(_divmodhi4.o)
 .text.libgcc.fmul
                0x0000685c        0x0 d:/program files (x86)/atmel/studio/7.0/toolchain/avr8/avr8-gnu-toolchain/bin/../lib/gcc/avr/5.4.0/avrxmega7\libgcc.a(_divmodhi4.o)
 .text.libgcc.fixed
                0x0000685c        0x0 d:/program files (x86)/atmel/studio/7.0/toolchain/avr8/avr8-gnu-toolchain/bin/../lib/gcc/avr/5.4.0/avrxmega7\libgcc.a(_divmodhi4.o)
 .text.libgcc.mul
                0x0000685c        0x0 d:/program files (x86)/atmel/studio/7.0/toolchain/avr8/avr8-gnu-toolchain/bin/../lib/gcc/avr/5.4.0/avrxmega7\libgcc.a(_udivmodsi4.o)
 .text.libgcc.div
                0x0000685c       0x44 d:/program files (x86)/atmel/studio/7.0/toolchain/avr8/avr8-gnu-toolchain/bin/../lib/gcc/avr/5.4.0/avrxmega7\libgcc.a(_udivmodsi4.o)
                0x0000685c                __udivmodsi4
 .text.libgcc   0x000068a0        0x0 d:/program files (x86)/atmel/studio/7.0/toolchain/avr8/avr8-gnu-toolchain/bin/../lib/gcc/avr/5.4.0/avrxmega7\libgcc.a(_udivmodsi4.o)
 .text.libgcc.prologue
                0x000068a0        0x0 d:/program files (x86)/atmel/studio/7.0/toolchain/avr8/avr8-gnu-toolchain/bin/../lib/gcc/avr/5.4.0/avrxmega7\libgcc.a(_udivmodsi4.o)
 .text.libgcc.builtins
                0x000068a0        0x0 d:/program files (x86)/atmel/studio/7.0/toolchain/avr8/avr8-gnu-toolchain/bin/../lib/gcc/avr/5.4.0/avrxmega7\libgcc.a(_udivmodsi4.o)
 .text.libgcc.fmul
                0x000068a0        0x0 d:/program files (x86)/atmel/studio/7.0/toolchain/avr8/avr8-gnu-toolchain/bin/../lib/gcc/avr/5.4.0/avrxmega7\libgcc.a(_udivmodsi4.o)
 .text.libgcc.fixed
                0x000068a0        0x0 d:/program files (x86)/atmel/studio/7.0/toolchain/avr8/avr8-gnu-toolchain/bin/../lib/gcc/avr/5.4.0/avrxmega7\libgcc.a(_udivmodsi4.o)
 .text.libgcc.mul
                0x000068a0        0x0 d:/program files (x86)/atmel/studio/7.0/toolchain/avr8/avr8-gnu-toolchain/bin/../lib/gcc/avr/5.4.0/avrxmega7\libgcc.a(_divmodsi4.o)
 .text.libgcc.div
                0x000068a0       0x2e d:/program files (x86)/atmel/studio/7.0/toolchain/avr8/avr8-gnu-toolchain/bin/../lib/gcc/avr/5.4.0/avrxmega7\libgcc.a(_divmodsi4.o)
                0x000068a0                __divmodsi4
 .text.libgcc   0x000068ce        0x0 d:/program files (x86)/atmel/studio/7.0/toolchain/avr8/avr8-gnu-toolchain/bin/../lib/gcc/avr/5.4.0/avrxmega7\libgcc.a(_divmodsi4.o)
 .text.libgcc.prologue
                0x000068ce        0x0 d:/program files (x86)/atmel/studio/7.0/toolchain/avr8/avr8-gnu-toolchain/bin/../lib/gcc/avr/5.4.0/avrxmega7\libgcc.a(_divmodsi4.o)
 .text.libgcc.builtins
                0x000068ce        0x0 d:/program files (x86)/atmel/studio/7.0/toolchain/avr8/avr8-gnu-toolchain/bin/../lib/gcc/avr/5.4.0/avrxmega7\libgcc.a(_divmodsi4.o)
 .text.libgcc.fmul
                0x000068ce        0x0 d:/program files (x86)/atmel/studio/7.0/toolchain/avr8/avr8-gnu-toolchain/bin/../lib/gcc/avr/5.4.0/avrxmega7\libgcc.a(_divmodsi4.o)
 .text.libgcc.fixed
                0x000068ce        0x0 d:/program files (x86)/atmel/studio/7.0/toolchain/avr8/avr8-gnu-toolchain/bin/../lib/gcc/avr/5.4.0/avrxmega7\libgcc.a(_divmodsi4.o)
 .text.libgcc.mul
                0x000068ce        0x0 d:/program files (x86)/atmel/studio/7.0/toolchain/avr8/avr8-gnu-toolchain/bin/../lib/gcc/avr/5.4.0/avrxmega7\libgcc.a(_negsi2.o)
 .text.libgcc.div
                0x000068ce       0x10 d:/program files (x86)/atmel/studio/7.0/toolchain/avr8/avr8-gnu-toolchain/bin/../lib/gcc/avr/5.4.0/avrxmega7\libgcc.a(_negsi2.o)
                0x000068ce                __negsi2
 .text.libgcc   0x000068de        0x0 d:/program files (x86)/atmel/studio/7.0/toolchain/avr8/avr8-gnu-toolchain/bin/../lib/gcc/avr/5.4.0/avrxmega7\libgcc.a(_negsi2.o)
 .text.libgcc.prologue
                0x000068de        0x0 d:/program files (x86)/atmel/studio/7.0/toolchain/avr8/avr8-gnu-toolchain/bin/../lib/gcc/avr/5.4.0/avrxmega7\libgcc.a(_negsi2.o)
 .text.libgcc.builtins
                0x000068de        0x0 d:/program files (x86)/atmel/studio/7.0/toolchain/avr8/avr8-gnu-toolchain/bin/../lib/gcc/avr/5.4.0/avrxmega7\libgcc.a(_negsi2.o)
 .text.libgcc.fmul
                0x000068de        0x0 d:/program files (x86)/atmel/studio/7.0/toolchain/avr8/avr8-gnu-toolchain/bin/../lib/gcc/avr/5.4.0/avrxmega7\libgcc.a(_negsi2.o)
 .text.libgcc.fixed
                0x000068de        0x0 d:/program files (x86)/atmel/studio/7.0/toolchain/avr8/avr8-gnu-toolchain/bin/../lib/gcc/avr/5.4.0/avrxmega7\libgcc.a(_negsi2.o)
 .text.libgcc.mul
                0x000068de        0x0 d:/program files (x86)/atmel/studio/7.0/toolchain/avr8/avr8-gnu-toolchain/bin/../lib/gcc/avr/5.4.0/avrxmega7\libgcc.a(_exit.o)
 .text.libgcc.div
                0x000068de        0x0 d:/program files (x86)/atmel/studio/7.0/toolchain/avr8/avr8-gnu-toolchain/bin/../lib/gcc/avr/5.4.0/avrxmega7\libgcc.a(_exit.o)
 .text.libgcc   0x000068de        0x0 d:/program files (x86)/atmel/studio/7.0/toolchain/avr8/avr8-gnu-toolchain/bin/../lib/gcc/avr/5.4.0/avrxmega7\libgcc.a(_exit.o)
 .text.libgcc.prologue
                0x000068de        0x0 d:/program files (x86)/atmel/studio/7.0/toolchain/avr8/avr8-gnu-toolchain/bin/../lib/gcc/avr/5.4.0/avrxmega7\libgcc.a(_exit.o)
 .text.libgcc.builtins
                0x000068de        0x0 d:/program files (x86)/atmel/studio/7.0/toolchain/avr8/avr8-gnu-toolchain/bin/../lib/gcc/avr/5.4.0/avrxmega7\libgcc.a(_exit.o)
 .text.libgcc.fmul
                0x000068de        0x0 d:/program files (x86)/atmel/studio/7.0/toolchain/avr8/avr8-gnu-toolchain/bin/../lib/gcc/avr/5.4.0/avrxmega7\libgcc.a(_exit.o)
 .text.libgcc.fixed
                0x000068de        0x0 d:/program files (x86)/atmel/studio/7.0/toolchain/avr8/avr8-gnu-toolchain/bin/../lib/gcc/avr/5.4.0/avrxmega7\libgcc.a(_exit.o)
 .text.libgcc.mul
                0x000068de        0x0 d:/program files (x86)/atmel/studio/7.0/toolchain/avr8/avr8-gnu-toolchain/bin/../lib/gcc/avr/5.4.0/avrxmega7\libgcc.a(_tablejump2.o)
 .text.libgcc.div
                0x000068de        0x0 d:/program files (x86)/atmel/studio/7.0/toolchain/avr8/avr8-gnu-toolchain/bin/../lib/gcc/avr/5.4.0/avrxmega7\libgcc.a(_tablejump2.o)
 .text.libgcc   0x000068de       0x12 d:/program files (x86)/atmel/studio/7.0/toolchain/avr8/avr8-gnu-toolchain/bin/../lib/gcc/avr/5.4.0/avrxmega7\libgcc.a(_tablejump2.o)
                0x000068de                __tablejump2__
 .text.libgcc.prologue
                0x000068f0        0x0 d:/program files (x86)/atmel/studio/7.0/toolchain/avr8/avr8-gnu-toolchain/bin/../lib/gcc/avr/5.4.0/avrxmega7\libgcc.a(_tablejump2.o)
 .text.libgcc.builtins
                0x000068f0        0x0 d:/program files (x86)/atmel/studio/7.0/toolchain/avr8/avr8-gnu-toolchain/bin/../lib/gcc/avr/5.4.0/avrxmega7\libgcc.a(_tablejump2.o)
 .text.libgcc.fmul
                0x000068f0        0x0 d:/program files (x86)/atmel/studio/7.0/toolchain/avr8/avr8-gnu-toolchain/bin/../lib/gcc/avr/5.4.0/avrxmega7\libgcc.a(_tablejump2.o)
 .text.libgcc.fixed
                0x000068f0        0x0 d:/program files (x86)/atmel/studio/7.0/toolchain/avr8/avr8-gnu-toolchain/bin/../lib/gcc/avr/5.4.0/avrxmega7\libgcc.a(_tablejump2.o)
 .text.libgcc.mul
                0x000068f0        0x0 d:/program files (x86)/atmel/studio/7.0/toolchain/avr8/avr8-gnu-toolchain/bin/../lib/gcc/avr/5.4.0/avrxmega7\libgcc.a(_copy_data.o)
 .text.libgcc.div
                0x000068f0        0x0 d:/program files (x86)/atmel/studio/7.0/toolchain/avr8/avr8-gnu-toolchain/bin/../lib/gcc/avr/5.4.0/avrxmega7\libgcc.a(_copy_data.o)
 .text.libgcc   0x000068f0        0x0 d:/program files (x86)/atmel/studio/7.0/toolchain/avr8/avr8-gnu-toolchain/bin/../lib/gcc/avr/5.4.0/avrxmega7\libgcc.a(_copy_data.o)
 .text.libgcc.prologue
                0x000068f0        0x0 d:/program files (x86)/atmel/studio/7.0/toolchain/avr8/avr8-gnu-toolchain/bin/../lib/gcc/avr/5.4.0/avrxmega7\libgcc.a(_copy_data.o)
 .text.libgcc.builtins
                0x000068f0        0x0 d:/program files (x86)/atmel/studio/7.0/toolchain/avr8/avr8-gnu-toolchain/bin/../lib/gcc/avr/5.4.0/avrxmega7\libgcc.a(_copy_data.o)
 .text.libgcc.fmul
                0x000068f0        0x0 d:/program files (x86)/atmel/studio/7.0/toolchain/avr8/avr8-gnu-toolchain/bin/../lib/gcc/avr/5.4.0/avrxmega7\libgcc.a(_copy_data.o)
 .text.libgcc.fixed
                0x000068f0        0x0 d:/program files (x86)/atmel/studio/7.0/toolchain/avr8/avr8-gnu-toolchain/bin/../lib/gcc/avr/5.4.0/avrxmega7\libgcc.a(_copy_data.o)
 .text.libgcc.mul
                0x000068f0        0x0 d:/program files (x86)/atmel/studio/7.0/toolchain/avr8/avr8-gnu-toolchain/bin/../lib/gcc/avr/5.4.0/avrxmega7\libgcc.a(_clear_bss.o)
 .text.libgcc.div
                0x000068f0        0x0 d:/program files (x86)/atmel/studio/7.0/toolchain/avr8/avr8-gnu-toolchain/bin/../lib/gcc/avr/5.4.0/avrxmega7\libgcc.a(_clear_bss.o)
 .text.libgcc   0x000068f0        0x0 d:/program files (x86)/atmel/studio/7.0/toolchain/avr8/avr8-gnu-toolchain/bin/../lib/gcc/avr/5.4.0/avrxmega7\libgcc.a(_clear_bss.o)
 .text.libgcc.prologue
                0x000068f0        0x0 d:/program files (x86)/atmel/studio/7.0/toolchain/avr8/avr8-gnu-toolchain/bin/../lib/gcc/avr/5.4.0/avrxmega7\libgcc.a(_clear_bss.o)
 .text.libgcc.builtins
                0x000068f0        0x0 d:/program files (x86)/atmel/studio/7.0/toolchain/avr8/avr8-gnu-toolchain/bin/../lib/gcc/avr/5.4.0/avrxmega7\libgcc.a(_clear_bss.o)
 .text.libgcc.fmul
                0x000068f0        0x0 d:/program files (x86)/atmel/studio/7.0/toolchain/avr8/avr8-gnu-toolchain/bin/../lib/gcc/avr/5.4.0/avrxmega7\libgcc.a(_clear_bss.o)
 .text.libgcc.fixed
                0x000068f0        0x0 d:/program files (x86)/atmel/studio/7.0/toolchain/avr8/avr8-gnu-toolchain/bin/../lib/gcc/avr/5.4.0/avrxmega7\libgcc.a(_clear_bss.o)
 .text.libgcc.mul
                0x000068f0        0x0 d:/program files (x86)/atmel/studio/7.0/toolchain/avr8/avr8-gnu-toolchain/bin/../lib/gcc/avr/5.4.0/avrxmega7\libgcc.a(_ctors.o)
 .text.libgcc.div
                0x000068f0        0x0 d:/program files (x86)/atmel/studio/7.0/toolchain/avr8/avr8-gnu-toolchain/bin/../lib/gcc/avr/5.4.0/avrxmega7\libgcc.a(_ctors.o)
 .text.libgcc   0x000068f0        0x0 d:/program files (x86)/atmel/studio/7.0/toolchain/avr8/avr8-gnu-toolchain/bin/../lib/gcc/avr/5.4.0/avrxmega7\libgcc.a(_ctors.o)
 .text.libgcc.prologue
                0x000068f0        0x0 d:/program files (x86)/atmel/studio/7.0/toolchain/avr8/avr8-gnu-toolchain/bin/../lib/gcc/avr/5.4.0/avrxmega7\libgcc.a(_ctors.o)
 .text.libgcc.builtins
                0x000068f0        0x0 d:/program files (x86)/atmel/studio/7.0/toolchain/avr8/avr8-gnu-toolchain/bin/../lib/gcc/avr/5.4.0/avrxmega7\libgcc.a(_ctors.o)
 .text.libgcc.fmul
                0x000068f0        0x0 d:/program files (x86)/atmel/studio/7.0/toolchain/avr8/avr8-gnu-toolchain/bin/../lib/gcc/avr/5.4.0/avrxmega7\libgcc.a(_ctors.o)
 .text.libgcc.fixed
                0x000068f0        0x0 d:/program files (x86)/atmel/studio/7.0/toolchain/avr8/avr8-gnu-toolchain/bin/../lib/gcc/avr/5.4.0/avrxmega7\libgcc.a(_ctors.o)
 .text.libgcc.mul
                0x000068f0        0x0 d:/program files (x86)/atmel/studio/7.0/toolchain/avr8/avr8-gnu-toolchain/bin/../lib/gcc/avr/5.4.0/avrxmega7\libgcc.a(_ctzhi2.o)
 .text.libgcc.div
                0x000068f0        0x0 d:/program files (x86)/atmel/studio/7.0/toolchain/avr8/avr8-gnu-toolchain/bin/../lib/gcc/avr/5.4.0/avrxmega7\libgcc.a(_ctzhi2.o)
 .text.libgcc   0x000068f0        0x0 d:/program files (x86)/atmel/studio/7.0/toolchain/avr8/avr8-gnu-toolchain/bin/../lib/gcc/avr/5.4.0/avrxmega7\libgcc.a(_ctzhi2.o)
 .text.libgcc.prologue
                0x000068f0        0x0 d:/program files (x86)/atmel/studio/7.0/toolchain/avr8/avr8-gnu-toolchain/bin/../lib/gcc/avr/5.4.0/avrxmega7\libgcc.a(_ctzhi2.o)
 .text.libgcc.builtins
                0x000068f0        0x8 d:/program files (x86)/atmel/studio/7.0/toolchain/avr8/avr8-gnu-toolchain/bin/../lib/gcc/avr/5.4.0/avrxmega7\libgcc.a(_ctzhi2.o)
                0x000068f0                __ctzhi2
 .text.libgcc.fmul
                0x000068f8        0x0 d:/program files (x86)/atmel/studio/7.0/toolchain/avr8/avr8-gnu-toolchain/bin/../lib/gcc/avr/5.4.0/avrxmega7\libgcc.a(_ctzhi2.o)
 .text.libgcc.fixed
                0x000068f8        0x0 d:/program files (x86)/atmel/studio/7.0/toolchain/avr8/avr8-gnu-toolchain/bin/../lib/gcc/avr/5.4.0/avrxmega7\libgcc.a(_ctzhi2.o)
 .text.libgcc.mul
                0x000068f8       0x10 d:/program files (x86)/atmel/studio/7.0/toolchain/avr8/avr8-gnu-toolchain/bin/../lib/gcc/avr/5.4.0/avrxmega7\libgcc.a(_mulhisi3.o)
                0x000068f8                __mulhisi3
 .text.libgcc.div
                0x00006908        0x0 d:/program files (x86)/atmel/studio/7.0/toolchain/avr8/avr8-gnu-toolchain/bin/../lib/gcc/avr/5.4.0/avrxmega7\libgcc.a(_mulhisi3.o)
 .text.libgcc   0x00006908        0x0 d:/program files (x86)/atmel/studio/7.0/toolchain/avr8/avr8-gnu-toolchain/bin/../lib/gcc/avr/5.4.0/avrxmega7\libgcc.a(_mulhisi3.o)
 .text.libgcc.prologue
                0x00006908        0x0 d:/program files (x86)/atmel/studio/7.0/toolchain/avr8/avr8-gnu-toolchain/bin/../lib/gcc/avr/5.4.0/avrxmega7\libgcc.a(_mulhisi3.o)
 .text.libgcc.builtins
                0x00006908        0x0 d:/program files (x86)/atmel/studio/7.0/toolchain/avr8/avr8-gnu-toolchain/bin/../lib/gcc/avr/5.4.0/avrxmega7\libgcc.a(_mulhisi3.o)
 .text.libgcc.fmul
                0x00006908        0x0 d:/program files (x86)/atmel/studio/7.0/toolchain/avr8/avr8-gnu-toolchain/bin/../lib/gcc/avr/5.4.0/avrxmega7\libgcc.a(_mulhisi3.o)
 .text.libgcc.fixed
                0x00006908        0x0 d:/program files (x86)/atmel/studio/7.0/toolchain/avr8/avr8-gnu-toolchain/bin/../lib/gcc/avr/5.4.0/avrxmega7\libgcc.a(_mulhisi3.o)
 .text.libgcc.mul
                0x00006908       0x1e d:/program files (x86)/atmel/studio/7.0/toolchain/avr8/avr8-gnu-toolchain/bin/../lib/gcc/avr/5.4.0/avrxmega7\libgcc.a(_umulhisi3.o)
                0x00006908                __umulhisi3
 .text.libgcc.div
                0x00006926        0x0 d:/program files (x86)/atmel/studio/7.0/toolchain/avr8/avr8-gnu-toolchain/bin/../lib/gcc/avr/5.4.0/avrxmega7\libgcc.a(_umulhisi3.o)
 .text.libgcc   0x00006926        0x0 d:/program files (x86)/atmel/studio/7.0/toolchain/avr8/avr8-gnu-toolchain/bin/../lib/gcc/avr/5.4.0/avrxmega7\libgcc.a(_umulhisi3.o)
 .text.libgcc.prologue
                0x00006926        0x0 d:/program files (x86)/atmel/studio/7.0/toolchain/avr8/avr8-gnu-toolchain/bin/../lib/gcc/avr/5.4.0/avrxmega7\libgcc.a(_umulhisi3.o)
 .text.libgcc.builtins
                0x00006926        0x0 d:/program files (x86)/atmel/studio/7.0/toolchain/avr8/avr8-gnu-toolchain/bin/../lib/gcc/avr/5.4.0/avrxmega7\libgcc.a(_umulhisi3.o)
 .text.libgcc.fmul
                0x00006926        0x0 d:/program files (x86)/atmel/studio/7.0/toolchain/avr8/avr8-gnu-toolchain/bin/../lib/gcc/avr/5.4.0/avrxmega7\libgcc.a(_umulhisi3.o)
 .text.libgcc.fixed
                0x00006926        0x0 d:/program files (x86)/atmel/studio/7.0/toolchain/avr8/avr8-gnu-toolchain/bin/../lib/gcc/avr/5.4.0/avrxmega7\libgcc.a(_umulhisi3.o)
 .text.libgcc.mul
                0x00006926        0xe d:/program files (x86)/atmel/studio/7.0/toolchain/avr8/avr8-gnu-toolchain/bin/../lib/gcc/avr/5.4.0/avrxmega7\libgcc.a(_usmulhisi3.o)
                0x00006926                __usmulhisi3
                0x0000692a                __usmulhisi3_tail
 .text.libgcc.div
                0x00006934        0x0 d:/program files (x86)/atmel/studio/7.0/toolchain/avr8/avr8-gnu-toolchain/bin/../lib/gcc/avr/5.4.0/avrxmega7\libgcc.a(_usmulhisi3.o)
 .text.libgcc   0x00006934        0x0 d:/program files (x86)/atmel/studio/7.0/toolchain/avr8/avr8-gnu-toolchain/bin/../lib/gcc/avr/5.4.0/avrxmega7\libgcc.a(_usmulhisi3.o)
 .text.libgcc.prologue
                0x00006934        0x0 d:/program files (x86)/atmel/studio/7.0/toolchain/avr8/avr8-gnu-toolchain/bin/../lib/gcc/avr/5.4.0/avrxmega7\libgcc.a(_usmulhisi3.o)
 .text.libgcc.builtins
                0x00006934        0x0 d:/program files (x86)/atmel/studio/7.0/toolchain/avr8/avr8-gnu-toolchain/bin/../lib/gcc/avr/5.4.0/avrxmega7\libgcc.a(_usmulhisi3.o)
 .text.libgcc.fmul
                0x00006934        0x0 d:/program files (x86)/atmel/studio/7.0/toolchain/avr8/avr8-gnu-toolchain/bin/../lib/gcc/avr/5.4.0/avrxmega7\libgcc.a(_usmulhisi3.o)
 .text.libgcc.fixed
                0x00006934        0x0 d:/program files (x86)/atmel/studio/7.0/toolchain/avr8/avr8-gnu-toolchain/bin/../lib/gcc/avr/5.4.0/avrxmega7\libgcc.a(_usmulhisi3.o)
 .text.libgcc.mul
                0x00006934       0x16 d:/program files (x86)/atmel/studio/7.0/toolchain/avr8/avr8-gnu-toolchain/bin/../lib/gcc/avr/5.4.0/avrxmega7\libgcc.a(_muluhisi3.o)
                0x00006934                __muluhisi3
 .text.libgcc.div
                0x0000694a        0x0 d:/program files (x86)/atmel/studio/7.0/toolchain/avr8/avr8-gnu-toolchain/bin/../lib/gcc/avr/5.4.0/avrxmega7\libgcc.a(_muluhisi3.o)
 .text.libgcc   0x0000694a        0x0 d:/program files (x86)/atmel/studio/7.0/toolchain/avr8/avr8-gnu-toolchain/bin/../lib/gcc/avr/5.4.0/avrxmega7\libgcc.a(_muluhisi3.o)
 .text.libgcc.prologue
                0x0000694a        0x0 d:/program files (x86)/atmel/studio/7.0/toolchain/avr8/avr8-gnu-toolchain/bin/../lib/gcc/avr/5.4.0/avrxmega7\libgcc.a(_muluhisi3.o)
 .text.libgcc.builtins
                0x0000694a        0x0 d:/program files (x86)/atmel/studio/7.0/toolchain/avr8/avr8-gnu-toolchain/bin/../lib/gcc/avr/5.4.0/avrxmega7\libgcc.a(_muluhisi3.o)
 .text.libgcc.fmul
                0x0000694a        0x0 d:/program files (x86)/atmel/studio/7.0/toolchain/avr8/avr8-gnu-toolchain/bin/../lib/gcc/avr/5.4.0/avrxmega7\libgcc.a(_muluhisi3.o)
 .text.libgcc.fixed
                0x0000694a        0x0 d:/program files (x86)/atmel/studio/7.0/toolchain/avr8/avr8-gnu-toolchain/bin/../lib/gcc/avr/5.4.0/avrxmega7\libgcc.a(_muluhisi3.o)
 .text.libgcc.mul
                0x0000694a        0x0 d:/program files (x86)/atmel/studio/7.0/toolchain/avr8/avr8-gnu-toolchain/bin/../lib/gcc/avr/5.4.0/avrxmega7\libgcc.a(_ashldi3.o)
 .text.libgcc.div
                0x0000694a        0x0 d:/program files (x86)/atmel/studio/7.0/toolchain/avr8/avr8-gnu-toolchain/bin/../lib/gcc/avr/5.4.0/avrxmega7\libgcc.a(_ashldi3.o)
 .text.libgcc   0x0000694a        0x0 d:/program files (x86)/atmel/studio/7.0/toolchain/avr8/avr8-gnu-toolchain/bin/../lib/gcc/avr/5.4.0/avrxmega7\libgcc.a(_ashldi3.o)
 .text.libgcc.prologue
                0x0000694a        0x0 d:/program files (x86)/atmel/studio/7.0/toolchain/avr8/avr8-gnu-toolchain/bin/../lib/gcc/avr/5.4.0/avrxmega7\libgcc.a(_ashldi3.o)
 .text.libgcc.builtins
                0x0000694a       0x32 d:/program files (x86)/atmel/studio/7.0/toolchain/avr8/avr8-gnu-toolchain/bin/../lib/gcc/avr/5.4.0/avrxmega7\libgcc.a(_ashldi3.o)
                0x0000694a                __ashldi3
 .text.libgcc.fmul
                0x0000697c        0x0 d:/program files (x86)/atmel/studio/7.0/toolchain/avr8/avr8-gnu-toolchain/bin/../lib/gcc/avr/5.4.0/avrxmega7\libgcc.a(_ashldi3.o)
 .text.libgcc.fixed
                0x0000697c        0x0 d:/program files (x86)/atmel/studio/7.0/toolchain/avr8/avr8-gnu-toolchain/bin/../lib/gcc/avr/5.4.0/avrxmega7\libgcc.a(_ashldi3.o)
 .text.libgcc.mul
                0x0000697c        0x0 d:/program files (x86)/atmel/studio/7.0/toolchain/avr8/avr8-gnu-toolchain/bin/../lib/gcc/avr/5.4.0/avrxmega7\libgcc.a(_ashrdi3.o)
 .text.libgcc.div
                0x0000697c        0x0 d:/program files (x86)/atmel/studio/7.0/toolchain/avr8/avr8-gnu-toolchain/bin/../lib/gcc/avr/5.4.0/avrxmega7\libgcc.a(_ashrdi3.o)
 .text.libgcc   0x0000697c        0x0 d:/program files (x86)/atmel/studio/7.0/toolchain/avr8/avr8-gnu-toolchain/bin/../lib/gcc/avr/5.4.0/avrxmega7\libgcc.a(_ashrdi3.o)
 .text.libgcc.prologue
                0x0000697c        0x0 d:/program files (x86)/atmel/studio/7.0/toolchain/avr8/avr8-gnu-toolchain/bin/../lib/gcc/avr/5.4.0/avrxmega7\libgcc.a(_ashrdi3.o)
 .text.libgcc.builtins
                0x0000697c       0x3c d:/program files (x86)/atmel/studio/7.0/toolchain/avr8/avr8-gnu-toolchain/bin/../lib/gcc/avr/5.4.0/avrxmega7\libgcc.a(_ashrdi3.o)
                0x0000697c                __ashrdi3
                0x00006980                __lshrdi3
 .text.libgcc.fmul
                0x000069b8        0x0 d:/program files (x86)/atmel/studio/7.0/toolchain/avr8/avr8-gnu-toolchain/bin/../lib/gcc/avr/5.4.0/avrxmega7\libgcc.a(_ashrdi3.o)
 .text.libgcc.fixed
                0x000069b8        0x0 d:/program files (x86)/atmel/studio/7.0/toolchain/avr8/avr8-gnu-toolchain/bin/../lib/gcc/avr/5.4.0/avrxmega7\libgcc.a(_ashrdi3.o)
 .text.libgcc.mul
                0x000069b8        0x0 d:/program files (x86)/atmel/studio/7.0/toolchain/avr8/avr8-gnu-toolchain/bin/../lib/gcc/avr/5.4.0/avrxmega7\libgcc.a(_ffshi2.o)
 .text.libgcc.div
                0x000069b8        0x0 d:/program files (x86)/atmel/studio/7.0/toolchain/avr8/avr8-gnu-toolchain/bin/../lib/gcc/avr/5.4.0/avrxmega7\libgcc.a(_ffshi2.o)
 .text.libgcc   0x000069b8        0x0 d:/program files (x86)/atmel/studio/7.0/toolchain/avr8/avr8-gnu-toolchain/bin/../lib/gcc/avr/5.4.0/avrxmega7\libgcc.a(_ffshi2.o)
 .text.libgcc.prologue
                0x000069b8        0x0 d:/program files (x86)/atmel/studio/7.0/toolchain/avr8/avr8-gnu-toolchain/bin/../lib/gcc/avr/5.4.0/avrxmega7\libgcc.a(_ffshi2.o)
 .text.libgcc.builtins
                0x000069b8       0x10 d:/program files (x86)/atmel/studio/7.0/toolchain/avr8/avr8-gnu-toolchain/bin/../lib/gcc/avr/5.4.0/avrxmega7\libgcc.a(_ffshi2.o)
                0x000069b8                __ffshi2
 .text.libgcc.fmul
                0x000069c8        0x0 d:/program files (x86)/atmel/studio/7.0/toolchain/avr8/avr8-gnu-toolchain/bin/../lib/gcc/avr/5.4.0/avrxmega7\libgcc.a(_ffshi2.o)
 .text.libgcc.fixed
                0x000069c8        0x0 d:/program files (x86)/atmel/studio/7.0/toolchain/avr8/avr8-gnu-toolchain/bin/../lib/gcc/avr/5.4.0/avrxmega7\libgcc.a(_ffshi2.o)
 .text.libgcc.mul
                0x000069c8        0x0 d:/program files (x86)/atmel/studio/7.0/toolchain/avr8/avr8-gnu-toolchain/bin/../lib/gcc/avr/5.4.0/avrxmega7\libgcc.a(_loop_ffsqi2.o)
 .text.libgcc.div
                0x000069c8        0x0 d:/program files (x86)/atmel/studio/7.0/toolchain/avr8/avr8-gnu-toolchain/bin/../lib/gcc/avr/5.4.0/avrxmega7\libgcc.a(_loop_ffsqi2.o)
 .text.libgcc   0x000069c8        0x0 d:/program files (x86)/atmel/studio/7.0/toolchain/avr8/avr8-gnu-toolchain/bin/../lib/gcc/avr/5.4.0/avrxmega7\libgcc.a(_loop_ffsqi2.o)
 .text.libgcc.prologue
                0x000069c8        0x0 d:/program files (x86)/atmel/studio/7.0/toolchain/avr8/avr8-gnu-toolchain/bin/../lib/gcc/avr/5.4.0/avrxmega7\libgcc.a(_loop_ffsqi2.o)
 .text.libgcc.builtins
                0x000069c8        0xc d:/program files (x86)/atmel/studio/7.0/toolchain/avr8/avr8-gnu-toolchain/bin/../lib/gcc/avr/5.4.0/avrxmega7\libgcc.a(_loop_ffsqi2.o)
                0x000069c8                __loop_ffsqi2
 .text.libgcc.fmul
                0x000069d4        0x0 d:/program files (x86)/atmel/studio/7.0/toolchain/avr8/avr8-gnu-toolchain/bin/../lib/gcc/avr/5.4.0/avrxmega7\libgcc.a(_loop_ffsqi2.o)
 .text.libgcc.fixed
                0x000069d4        0x0 d:/program files (x86)/atmel/studio/7.0/toolchain/avr8/avr8-gnu-toolchain/bin/../lib/gcc/avr/5.4.0/avrxmega7\libgcc.a(_loop_ffsqi2.o)
 .text.avr-libc
                0x000069d4       0x12 d:/program files (x86)/atmel/studio/7.0/toolchain/avr8/avr8-gnu-toolchain/bin/../lib/gcc/avr/5.4.0/../../../../avr/lib/avrxmega7\libc.a(memcpy.o)
                0x000069d4                memcpy
                0x000069e6                . = ALIGN (0x2)
 *(.fini9)
 .fini9         0x000069e6        0x0 d:/program files (x86)/atmel/studio/7.0/toolchain/avr8/avr8-gnu-toolchain/bin/../lib/gcc/avr/5.4.0/avrxmega7\libgcc.a(_exit.o)
                0x000069e6                _exit
                0x000069e6                exit
 *(.fini9)
 *(.fini8)
 *(.fini8)
 *(.fini7)
 *(.fini7)
 *(.fini6)
 *(.fini6)
 *(.fini5)
 *(.fini5)
 *(.fini4)
 *(.fini4)
 *(.fini3)
 *(.fini3)
 *(.fini2)
 *(.fini2)
 *(.fini1)
 *(.fini1)
 *(.fini0)
 .fini0         0x000069e6        0x4 d:/program files (x86)/atmel/studio/7.0/toolchain/avr8/avr8-gnu-toolchain/bin/../lib/gcc/avr/5.4.0/avrxmega7\libgcc.a(_exit.o)
 *(.fini0)
                0x000069ea                _etext = .

.data           0x00802000      0x21e load address 0x000069ea
                0x00802000                PROVIDE (__data_start, .)
 *(.data)