Archive member included to satisfy reference by file (symbol)

c:/program files (x86)/atmel/studio/7.0/toolchain/avr8/avr8-gnu-toolchain/bin/../lib/gcc/avr/5.4.0/avrxmega7\libgcc.a(_mulsi3.o)
                              FactoryControl/Kleursensor.o (__mulsi3)
c:/program files (x86)/atmel/studio/7.0/toolchain/avr8/avr8-gnu-toolchain/bin/../lib/gcc/avr/5.4.0/avrxmega7\libgcc.a(_udivmodhi4.o)
                              src/ASF/xmega/drivers/usb/usb_device.o (__udivmodhi4)
c:/program files (x86)/atmel/studio/7.0/toolchain/avr8/avr8-gnu-toolchain/bin/../lib/gcc/avr/5.4.0/avrxmega7\libgcc.a(_divmodhi4.o)
                              Blockly_Funtions.o (__divmodhi4)
c:/program files (x86)/atmel/studio/7.0/toolchain/avr8/avr8-gnu-toolchain/bin/../lib/gcc/avr/5.4.0/avrxmega7\libgcc.a(_udivmodsi4.o)
                              Communication/UART.o (__udivmodsi4)
c:/program files (x86)/atmel/studio/7.0/toolchain/avr8/avr8-gnu-toolchain/bin/../lib/gcc/avr/5.4.0/avrxmega7\libgcc.a(_divmodsi4.o)
                              FactoryControl/Kleursensor.o (__divmodsi4)
c:/program files (x86)/atmel/studio/7.0/toolchain/avr8/avr8-gnu-toolchain/bin/../lib/gcc/avr/5.4.0/avrxmega7\libgcc.a(_negsi2.o)
                              c:/program files (x86)/atmel/studio/7.0/toolchain/avr8/avr8-gnu-toolchain/bin/../lib/gcc/avr/5.4.0/avrxmega7\libgcc.a(_divmodsi4.o) (__negsi2)
c:/program files (x86)/atmel/studio/7.0/toolchain/avr8/avr8-gnu-toolchain/bin/../lib/gcc/avr/5.4.0/avrxmega7\libgcc.a(_exit.o)
                              C:/Program Files (x86)/Atmel/Studio/7.0/Packs/Atmel/XMEGAA_DFP/1.1.68/gcc/dev/atxmega128a1u/avrxmega7/crtatxmega128a1u.o (exit)
c:/program files (x86)/atmel/studio/7.0/toolchain/avr8/avr8-gnu-toolchain/bin/../lib/gcc/avr/5.4.0/avrxmega7\libgcc.a(_tablejump2.o)
                              FactoryControl/Kleursensor.o (__tablejump2__)
c:/program files (x86)/atmel/studio/7.0/toolchain/avr8/avr8-gnu-toolchain/bin/../lib/gcc/avr/5.4.0/avrxmega7\libgcc.a(_copy_data.o)
                              Blockly_Funtions.o (__do_copy_data)
c:/program files (x86)/atmel/studio/7.0/toolchain/avr8/avr8-gnu-toolchain/bin/../lib/gcc/avr/5.4.0/avrxmega7\libgcc.a(_clear_bss.o)
                              Communication/TWI.o (__do_clear_bss)
c:/program files (x86)/atmel/studio/7.0/toolchain/avr8/avr8-gnu-toolchain/bin/../lib/gcc/avr/5.4.0/avrxmega7\libgcc.a(_mulhisi3.o)
                              Blockly_Funtions.o (__mulhisi3)
c:/program files (x86)/atmel/studio/7.0/toolchain/avr8/avr8-gnu-toolchain/bin/../lib/gcc/avr/5.4.0/avrxmega7\libgcc.a(_umulhisi3.o)
                              c:/program files (x86)/atmel/studio/7.0/toolchain/avr8/avr8-gnu-toolchain/bin/../lib/gcc/avr/5.4.0/avrxmega7\libgcc.a(_mulhisi3.o) (__umulhisi3)
c:/program files (x86)/atmel/studio/7.0/toolchain/avr8/avr8-gnu-toolchain/bin/../lib/gcc/avr/5.4.0/avrxmega7\libgcc.a(_usmulhisi3.o)
                              c:/program files (x86)/atmel/studio/7.0/toolchain/avr8/avr8-gnu-toolchain/bin/../lib/gcc/avr/5.4.0/avrxmega7\libgcc.a(_mulhisi3.o) (__usmulhisi3_tail)
c:/program files (x86)/atmel/studio/7.0/toolchain/avr8/avr8-gnu-toolchain/bin/../lib/gcc/avr/5.4.0/avrxmega7\libgcc.a(_muluhisi3.o)
                              FactoryControl/Kleursensor.o (__muluhisi3)
c:/program files (x86)/atmel/studio/7.0/toolchain/avr8/avr8-gnu-toolchain/bin/../lib/gcc/avr/5.4.0/../../../../avr/lib/avrxmega7\libc.a(memcpy.o)
                              src/ASF/common/services/usb/class/cdc/device/udi_cdc.o (memcpy)

Allocating common symbols
Common symbol       size              file

udd_g_ctrlreq       0x10              src/ASF/xmega/drivers/usb/usb_device.o
sleepmgr_locks      0x6               src/ASF/common/services/sleepmgr/xmega/sleepmgr.o

Discarded input sections

 .group         0x00000000        0x8 src/ASF/common/services/usb/class/cdc/device/udi_cdc.o
 .group         0x00000000        0x8 src/ASF/common/services/usb/class/cdc/device/udi_cdc.o
 .group         0x00000000        0x8 src/ASF/common/services/usb/class/cdc/device/udi_cdc.o
 .group         0x00000000        0x8 src/ASF/common/services/usb/class/cdc/device/udi_cdc.o
 .group         0x00000000        0x8 src/ASF/common/services/usb/class/cdc/device/udi_cdc.o
 .group         0x00000000        0x8 src/ASF/common/services/usb/class/cdc/device/udi_cdc.o
 .group         0x00000000        0x8 src/ASF/common/services/usb/class/cdc/device/udi_cdc.o
 .group         0x00000000        0x8 src/ASF/common/services/usb/class/cdc/device/udi_cdc.o
 .group         0x00000000        0x8 src/ASF/common/services/usb/class/cdc/device/udi_cdc.o
 .group         0x00000000        0x8 src/ASF/common/services/usb/class/cdc/device/udi_cdc.o
 .group         0x00000000        0x8 src/ASF/common/services/usb/class/cdc/device/udi_cdc.o
 .group         0x00000000        0x8 src/ASF/common/services/usb/class/cdc/device/udi_cdc.o
[...]
Memory Configuration

Name             Origin             Length             Attributes
text             0x00000000         0x00100000         xr
data             0x00802000         0x0000ffa0         rw !x
eeprom           0x00810000         0x00010000         rw !x
fuse             0x00820000         0x00000006         rw !x
lock             0x00830000         0x00000400         rw !x
signature        0x00840000         0x00000400         rw !x
user_signatures  0x00850000         0x00000400         rw !x
*default*        0x00000000         0xffffffff

Linker script and memory map

LOAD C:/Program Files (x86)/Atmel/Studio/7.0/Packs/Atmel/XMEGAA_DFP/1.1.68/gcc/dev/atxmega128a1u/avrxmega7/crtatxmega128a1u.o
LOAD Blockly_Funtions.o
LOAD Bootloader/Convert.o
LOAD Bootloader/Programming.o
LOAD Bootloader/sp_driver.o
LOAD Communication/SPI.o
LOAD Communication/TWI.o
LOAD Communication/UART.o
LOAD Communication/USB_Functions.o
LOAD FactoryControl/Elevator.o
LOAD FactoryControl/IO_mappings.o
LOAD FactoryControl/Kleursensor.o
LOAD FactoryControl/pulseIn.o
LOAD FactoryControl/SorterArm.o
LOAD FactoryControl/Stepperdriver.o
LOAD main.o
LOAD src/ASF/common/services/usb/class/cdc/device/udi_cdc.o
LOAD src/ASF/common/services/usb/udc/udc.o
LOAD src/ASF/xmega/drivers/usb/usb_device.o
LOAD src/ASF/common/services/usb/class/cdc/device/udi_cdc_desc.o
LOAD src/ASF/common/services/sleepmgr/xmega/sleepmgr.o
LOAD src/ASF/common/services/clock/xmega/sysclk.o
LOAD src/ASF/xmega/drivers/nvm/nvm.o
LOAD src/ASF/xmega/drivers/nvm/nvm_asm.o
LOAD src/ASF/xmega/drivers/cpu/ccp.o
LOAD src/ASF/common/boards/user_board/init.o
LOAD src/main.o
START GROUP
LOAD c:/program files (x86)/atmel/studio/7.0/toolchain/avr8/avr8-gnu-toolchain/bin/../lib/gcc/avr/5.4.0/../../../../avr/lib/avrxmega7\libm.a
END GROUP
Address of section .BOOT set to 0x20000
Address of section .jmp_table set to 0x7e00
Address of section .application set to 0x8000
LOAD c:/program files (x86)/atmel/studio/7.0/toolchain/avr8/avr8-gnu-toolchain/bin/../lib/gcc/avr/5.4.0/avrxmega7\libgcc.a
LOAD c:/program files (x86)/atmel/studio/7.0/toolchain/avr8/avr8-gnu-toolchain/bin/../lib/gcc/avr/5.4.0/../../../../avr/lib/avrxmega7\libm.a
START GROUP
LOAD c:/program files (x86)/atmel/studio/7.0/toolchain/avr8/avr8-gnu-toolchain/bin/../lib/gcc/avr/5.4.0/avrxmega7\libgcc.a
LOAD c:/program files (x86)/atmel/studio/7.0/toolchain/avr8/avr8-gnu-toolchain/bin/../lib/gcc/avr/5.4.0/../../../../avr/lib/avrxmega7\libm.a
LOAD c:/program files (x86)/atmel/studio/7.0/toolchain/avr8/avr8-gnu-toolchain/bin/../lib/gcc/avr/5.4.0/../../../../avr/lib/avrxmega7\libc.a
LOAD C:/Program Files (x86)/Atmel/Studio/7.0/Packs/Atmel/XMEGAA_DFP/1.1.68/gcc/dev/atxmega128a1u/avrxmega7\libatxmega128a1u.a
END GROUP
                0x00000000                __TEXT_REGION_ORIGIN__ = DEFINED (__TEXT_REGION_ORIGIN__)?__TEXT_REGION_ORIGIN__:0x0
                0x00802000                __DATA_REGION_ORIGIN__ = DEFINED (__DATA_REGION_ORIGIN__)?__DATA_REGION_ORIGIN__:0x802000
                0x00100000                __TEXT_REGION_LENGTH__ = DEFINED (__TEXT_REGION_LENGTH__)?__TEXT_REGION_LENGTH__:0x100000
                0x0000ffa0                __DATA_REGION_LENGTH__ = DEFINED (__DATA_REGION_LENGTH__)?__DATA_REGION_LENGTH__:0xffa0
                0x00010000                __EEPROM_REGION_LENGTH__ = DEFINED (__EEPROM_REGION_LENGTH__)?__EEPROM_REGION_LENGTH__:0x10000
                [0x00000006]                __FUSE_REGION_LENGTH__ = DEFINED (__FUSE_REGION_LENGTH__)?__FUSE_REGION_LENGTH__:0x400
                0x00000400                __LOCK_REGION_LENGTH__ = DEFINED (__LOCK_REGION_LENGTH__)?__LOCK_REGION_LENGTH__:0x400
                0x00000400                __SIGNATURE_REGION_LENGTH__ = DEFINED (__SIGNATURE_REGION_LENGTH__)?__SIGNATURE_REGION_LENGTH__:0x400
                0x00000400                __USER_SIGNATURE_REGION_LENGTH__ = DEFINED (__USER_SIGNATURE_REGION_LENGTH__)?__USER_SIGNATURE_REGION_LENGTH__:0x400

.hash
 *(.hash)

.dynsym
 *(.dynsym)

.dynstr
 *(.dynstr)

.gnu.version
 *(.gnu.version)

.gnu.version_d
 *(.gnu.version_d)

.gnu.version_r
 *(.gnu.version_r)

.rel.init
 *(.rel.init)

.rela.init
 *(.rela.init)

.rel.text
 *(.rel.text)
 *(.rel.text.*)
 *(.rel.gnu.linkonce.t*)

.rela.text
 *(.rela.text)
 *(.rela.text.*)
 *(.rela.gnu.linkonce.t*)

.rel.fini
 *(.rel.fini)

.rela.fini
 *(.rela.fini)

.rel.rodata
 *(.rel.rodata)
 *(.rel.rodata.*)
 *(.rel.gnu.linkonce.r*)

.rela.rodata
 *(.rela.rodata)
 *(.rela.rodata.*)
 *(.rela.gnu.linkonce.r*)

.rel.data
 *(.rel.data)
 *(.rel.data.*)
 *(.rel.gnu.linkonce.d*)

.rela.data
 *(.rela.data)
 *(.rela.data.*)
 *(.rela.gnu.linkonce.d*)

.rel.ctors
 *(.rel.ctors)

.rela.ctors
 *(.rela.ctors)

.rel.dtors
 *(.rel.dtors)

.rela.dtors
 *(.rela.dtors)

.rel.got
 *(.rel.got)

.rela.got
 *(.rela.got)

.rel.bss
 *(.rel.bss)

.rela.bss
 *(.rela.bss)

.rel.plt
 *(.rel.plt)

.rela.plt
 *(.rela.plt)

.text           0x00000000     0x6266
 *(.vectors)
 .vectors       0x00000000      0x1fc C:/Program Files (x86)/Atmel/Studio/7.0/Packs/Atmel/XMEGAA_DFP/1.1.68/gcc/dev/atxmega128a1u/avrxmega7/crtatxmega128a1u.o
                0x00000000                __vector_default
                0x00000000                __vectors
 *(.vectors)
 *(.progmem.gcc*)
 .progmem.gcc_sw_table.IO_ReadWrite
                0x000001fc       0x18 FactoryControl/Kleursensor.o
 .progmem.gcc_sw_table._Z12IO_ReadWritebh
                0x00000214       0x18 main.o
 .progmem.gcc_sw_table._Z15ReadSharpSensorh
                0x0000022c      0x188 main.o
 .progmem.gcc_sw_table.udd_ep_get_size
                0x000003b4        0xe src/ASF/xmega/drivers/usb/usb_device.o
                0x000003c2                . = ALIGN (0x2)
                0x000003c2                __trampolines_start = .
 *(.trampolines)
 .trampolines   0x000003c2      0x19c linker stubs
 *(.trampolines*)
                0x0000055e                __trampolines_end = .
 *libprintf_flt.a:*(.progmem.data)
 *libc.a:*(.progmem.data)
 *(.progmem*)
                0x0000055e                . = ALIGN (0x2)
 *(.jumptables)
 *(.jumptables*)
 *(.lowtext)
 *(.lowtext*)
                0x0000055e                __ctors_start = .
 *(.ctors)
                0x0000055e                __ctors_end = .
                0x0000055e                __dtors_start = .
 *(.dtors)
                0x0000055e                __dtors_end = .
 SORT(*)(.ctors)
 SORT(*)(.dtors)
 *(.init0)
 .init0         0x0000055e        0x0 C:/Program Files (x86)/Atmel/Studio/7.0/Packs/Atmel/XMEGAA_DFP/1.1.68/gcc/dev/atxmega128a1u/avrxmega7/crtatxmega128a1u.o
                0x0000055e                __init
 *(.init0)
 *(.init1)
 *(.init1)
 *(.init2)
 .init2         0x0000055e       0x18 C:/Program Files (x86)/Atmel/Studio/7.0/Packs/Atmel/XMEGAA_DFP/1.1.68/gcc/dev/atxmega128a1u/avrxmega7/crtatxmega128a1u.o
 *(.init2)
 *(.init3)
 *(.init3)
 *(.init4)
 .init4         0x00000576       0x1c c:/program files (x86)/atmel/studio/7.0/toolchain/avr8/avr8-gnu-toolchain/bin/../lib/gcc/avr/5.4.0/avrxmega7\libgcc.a(_copy_data.o)
                0x00000576                __do_copy_data
 .init4         0x00000592       0x10 c:/program files (x86)/atmel/studio/7.0/toolchain/avr8/avr8-gnu-toolchain/bin/../lib/gcc/avr/5.4.0/avrxmega7\libgcc.a(_clear_bss.o)
                0x00000592                __do_clear_bss
 *(.init4)
 *(.init5)
 *(.init5)
 *(.init6)
 *(.init6)
 *(.init7)
 *(.init7)
 *(.init8)
 *(.init8)
 *(.init9)
 .init9         0x000005a2        0x8 C:/Program Files (x86)/Atmel/Studio/7.0/Packs/Atmel/XMEGAA_DFP/1.1.68/gcc/dev/atxmega128a1u/avrxmega7/crtatxmega128a1u.o
 *(.init9)
 *(.text)
 .text          0x000005aa        0x4 C:/Program Files (x86)/Atmel/Studio/7.0/Packs/Atmel/XMEGAA_DFP/1.1.68/gcc/dev/atxmega128a1u/avrxmega7/crtatxmega128a1u.o
                0x000005aa                __vector_38
                0x000005aa                __vector_104
                0x000005aa                __vector_22
                0x000005aa                __vector_63
                0x000005aa                __vector_28
                0x000005aa                __vector_67
                0x000005aa                __vector_1
                0x000005aa                __vector_119
                0x000005aa                __vector_32
                0x000005aa                __vector_71
                0x000005aa                __vector_91
                0x000005aa                __vector_34
                0x000005aa                __vector_62
                0x000005aa                __vector_77
                0x000005aa                __vector_102
                0x000005aa                __vector_24
                0x000005aa                __vector_55
                0x000005aa                __vector_69
                0x000005aa                __vector_81
                0x000005aa                __vector_90
                0x000005aa                __vector_46
                0x000005aa                __bad_interrupt
                0x000005aa                __vector_122
                0x000005aa                __vector_72
                0x000005aa                __vector_114
                0x000005aa                __vector_6
                0x000005aa                __vector_110
                0x000005aa                __vector_31
                0x000005aa                __vector_92
                0x000005aa                __vector_35
                0x000005aa                __vector_78
                0x000005aa                __vector_74
                0x000005aa                __vector_117
                0x000005aa                __vector_39
                0x000005aa                __vector_107
                0x000005aa                __vector_3
                0x000005aa                __vector_105
                0x000005aa                __vector_98
                0x000005aa                __vector_23
                0x000005aa                __vector_68
                0x000005aa                __vector_30
                0x000005aa                __vector_73
                0x000005aa                __vector_25
                0x000005aa                __vector_93
                0x000005aa                __vector_61
                0x000005aa                __vector_11
                0x000005aa                __vector_54
                0x000005aa                __vector_99
                0x000005aa                __vector_13
                0x000005aa                __vector_17
                0x000005aa                __vector_19
                0x000005aa                __vector_56
                0x000005aa                __vector_7
                0x000005aa                __vector_49
                0x000005aa                __vector_123
                0x000005aa                __vector_41
                0x000005aa                __vector_86
                0x000005aa                __vector_64
                0x000005aa                __vector_88
                0x000005aa                __vector_109
                0x000005aa                __vector_43
                0x000005aa                __vector_27
                0x000005aa                __vector_5
                0x000005aa                __vector_113
                0x000005aa                __vector_33
                0x000005aa                __vector_76
                0x000005aa                __vector_115
                0x000005aa                __vector_47
                0x000005aa                __vector_52
                0x000005aa                __vector_37
                0x000005aa                __vector_95
                0x000005aa                __vector_103
                0x000005aa                __vector_96
                0x000005aa                __vector_89
                0x000005aa                __vector_108
                0x000005aa                __vector_4
                0x000005aa                __vector_44
                0x000005aa                __vector_82
                0x000005aa                __vector_118
                0x000005aa                __vector_51
                0x000005aa                __vector_9
                0x000005aa                __vector_2
                0x000005aa                __vector_21
                0x000005aa                __vector_15
                0x000005aa                __vector_66
                0x000005aa                __vector_36
                0x000005aa                __vector_79
                0x000005aa                __vector_58
                0x000005aa                __vector_70
                0x000005aa                __vector_83
                0x000005aa                __vector_29
                0x000005aa                __vector_60
                0x000005aa                __vector_121
                0x000005aa                __vector_40
                0x000005aa                __vector_85
                0x000005aa                __vector_94
                0x000005aa                __vector_8
                0x000005aa                __vector_26
                0x000005aa                __vector_48
                0x000005aa                __vector_124
                0x000005aa                __vector_116
                0x000005aa                __vector_112
                0x000005aa                __vector_111
                0x000005aa                __vector_80
                0x000005aa                __vector_14
                0x000005aa                __vector_84
                0x000005aa                __vector_57
                0x000005aa                __vector_53
                0x000005aa                __vector_10
                0x000005aa                __vector_50
                0x000005aa                __vector_16
                0x000005aa                __vector_59
                0x000005aa                __vector_18
                0x000005aa                __vector_97
                0x000005aa                __vector_20
                0x000005aa                __vector_42
                0x000005aa                __vector_87
                0x000005aa                __vector_65
                0x000005aa                __vector_120
 .text          0x000005ae        0x0 Blockly_Funtions.o
 .text          0x000005ae        0x0 Bootloader/Convert.o
 .text          0x000005ae        0x0 Bootloader/Programming.o
 .text          0x000005ae      0x108 Bootloader/sp_driver.o
                0x000005ae                SP_ReadByte
                0x000005ba                SP_ReadWord
                0x000005c8                SP_ReadCalibrationByte
                0x000005cc                SP_ReadUserSignatureByte
                0x000005d0                SP_ReadFuseByte
                0x000005e6                SP_WriteLockBits
                0x000005ee                SP_ReadLockBits
                0x000005f4                SP_EraseUserSignatureRow
                0x000005fc                SP_WriteUserSignatureRow
                0x00000604                SP_EraseApplicationSection
                0x0000060c                SP_EraseApplicationPage
                0x00000618                SP_LoadFlashWord
                0x00000622                SP_WriteApplicationPage
                0x0000062e                SP_EraseWriteApplicationPage
                0x0000063a                SP_EraseFlashBuffer
                0x00000642                SP_EraseBootPage
                0x0000064e                SP_WriteBootPage
                0x0000065a                SP_EraseWriteBootPage
                0x00000666                SP_ApplicationCRC
                0x0000066a                SP_BootCRC
                0x0000066e                SP_LockSPM
                0x0000067c                SP_WaitForSPM
 .text          0x000006b6        0x0 Communication/SPI.o
 .text          0x000006b6        0x0 Communication/TWI.o
 .text          0x000006b6        0x0 Communication/UART.o
 .text          0x000006b6        0x0 Communication/USB_Functions.o
 .text          0x000006b6        0x0 FactoryControl/Elevator.o
 .text          0x000006b6        0x0 FactoryControl/IO_mappings.o
 .text          0x000006b6        0x0 FactoryControl/Kleursensor.o
 .text          0x000006b6        0x0 FactoryControl/pulseIn.o
 .text          0x000006b6        0x0 FactoryControl/SorterArm.o
 .text          0x000006b6        0x0 FactoryControl/Stepperdriver.o
 .text          0x000006b6        0x0 main.o
 .text          0x000006b6        0x0 src/ASF/common/services/usb/class/cdc/device/udi_cdc.o
 .text          0x000006b6        0x0 src/ASF/common/services/usb/udc/udc.o
 .text          0x000006b6        0x0 src/ASF/xmega/drivers/usb/usb_device.o
 .text          0x000006b6        0x0 src/ASF/common/services/usb/class/cdc/device/udi_cdc_desc.o
 .text          0x000006b6        0x0 src/ASF/common/services/sleepmgr/xmega/sleepmgr.o
 .text          0x000006b6        0x0 src/ASF/common/services/clock/xmega/sysclk.o
 .text          0x000006b6        0x0 src/ASF/xmega/drivers/nvm/nvm.o
 .text          0x000006b6        0x0 src/ASF/xmega/drivers/nvm/nvm_asm.o
 .text          0x000006b6        0x0 src/ASF/xmega/drivers/cpu/ccp.o
 .text          0x000006b6        0x0 src/ASF/common/boards/user_board/init.o
 .text          0x000006b6        0x0 src/main.o
 .text          0x000006b6        0x0 c:/program files (x86)/atmel/studio/7.0/toolchain/avr8/avr8-gnu-toolchain/bin/../lib/gcc/avr/5.4.0/avrxmega7\libgcc.a(_mulsi3.o)
 .text          0x000006b6        0x0 c:/program files (x86)/atmel/studio/7.0/toolchain/avr8/avr8-gnu-toolchain/bin/../lib/gcc/avr/5.4.0/avrxmega7\libgcc.a(_udivmodhi4.o)
 .text          0x000006b6        0x0 c:/program files (x86)/atmel/studio/7.0/toolchain/avr8/avr8-gnu-toolchain/bin/../lib/gcc/avr/5.4.0/avrxmega7\libgcc.a(_divmodhi4.o)
 .text          0x000006b6        0x0 c:/program files (x86)/atmel/studio/7.0/toolchain/avr8/avr8-gnu-toolchain/bin/../lib/gcc/avr/5.4.0/avrxmega7\libgcc.a(_udivmodsi4.o)
 .text          0x000006b6        0x0 c:/program files (x86)/atmel/studio/7.0/toolchain/avr8/avr8-gnu-toolchain/bin/../lib/gcc/avr/5.4.0/avrxmega7\libgcc.a(_divmodsi4.o)
 .text          0x000006b6        0x0 c:/program files (x86)/atmel/studio/7.0/toolchain/avr8/avr8-gnu-toolchain/bin/../lib/gcc/avr/5.4.0/avrxmega7\libgcc.a(_negsi2.o)
 .text          0x000006b6        0x0 c:/program files (x86)/atmel/studio/7.0/toolchain/avr8/avr8-gnu-toolchain/bin/../lib/gcc/avr/5.4.0/avrxmega7\libgcc.a(_exit.o)
 .text          0x000006b6        0x0 c:/program files (x86)/atmel/studio/7.0/toolchain/avr8/avr8-gnu-toolchain/bin/../lib/gcc/avr/5.4.0/avrxmega7\libgcc.a(_tablejump2.o)
 .text          0x000006b6        0x0 c:/program files (x86)/atmel/studio/7.0/toolchain/avr8/avr8-gnu-toolchain/bin/../lib/gcc/avr/5.4.0/avrxmega7\libgcc.a(_copy_data.o)
 .text          0x000006b6        0x0 c:/program files (x86)/atmel/studio/7.0/toolchain/avr8/avr8-gnu-toolchain/bin/../lib/gcc/avr/5.4.0/avrxmega7\libgcc.a(_clear_bss.o)
 .text          0x000006b6        0x0 c:/program files (x86)/atmel/studio/7.0/toolchain/avr8/avr8-gnu-toolchain/bin/../lib/gcc/avr/5.4.0/avrxmega7\libgcc.a(_mulhisi3.o)
 .text          0x000006b6        0x0 c:/program files (x86)/atmel/studio/7.0/toolchain/avr8/avr8-gnu-toolchain/bin/../lib/gcc/avr/5.4.0/avrxmega7\libgcc.a(_umulhisi3.o)
 .text          0x000006b6        0x0 c:/program files (x86)/atmel/studio/7.0/toolchain/avr8/avr8-gnu-toolchain/bin/../lib/gcc/avr/5.4.0/avrxmega7\libgcc.a(_usmulhisi3.o)
 .text          0x000006b6        0x0 c:/program files (x86)/atmel/studio/7.0/toolchain/avr8/avr8-gnu-toolchain/bin/../lib/gcc/avr/5.4.0/avrxmega7\libgcc.a(_muluhisi3.o)
 .text          0x000006b6        0x0 c:/program files (x86)/atmel/studio/7.0/toolchain/avr8/avr8-gnu-toolchain/bin/../lib/gcc/avr/5.4.0/../../../../avr/lib/avrxmega7\libc.a(memcpy.o)
                0x000006b6                . = ALIGN (0x2)
 *(.text.*)
 .text._Z9delay1secv
                0x000006b6       0x14 Blockly_Funtions.o
                0x000006b6                _Z9delay1secv
 .text._Z8delay_msj
                0x000006ca       0x20 Blockly_Funtions.o
                0x000006ca                _Z8delay_msj
 .text._Z11printNumberj
                0x000006ea       0x18 Blockly_Funtions.o
                0x000006ea                _Z11printNumberj
 .text._Z6invertj
                0x00000702        0x8 Blockly_Funtions.o
                0x00000702                _Z6invertj
 .text._Z3addii
                0x0000070a       0x54 Blockly_Funtions.o
                0x0000070a                _Z3addii
 .text._Z8subtractii
                0x0000075e       0x56 Blockly_Funtions.o
                0x0000075e                _Z8subtractii
 .text._Z8multiplyii
                0x000007b4       0x32 Blockly_Funtions.o
                0x000007b4                _Z8multiplyii
 .text._Z6divideii
                0x000007e6        0x8 Blockly_Funtions.o
                0x000007e6                _Z6divideii
 .text._Z7isEqualii
                0x000007ee        0xe Blockly_Funtions.o
                0x000007ee                _Z7isEqualii
 .text._Z8isBiggerii
                0x000007fc        0xe Blockly_Funtions.o
                0x000007fc                _Z8isBiggerii
 .text._Z9isSmallerii
                0x0000080a        0xe Blockly_Funtions.o
                0x0000080a                _Z9isSmallerii
 .text._Z15isBiggerOrEqualii
                0x00000818        0xe Blockly_Funtions.o
                0x00000818                _Z15isBiggerOrEqualii
 .text._Z16isSmallerOrEqualii
                0x00000826        0xe Blockly_Funtions.o
                0x00000826                _Z16isSmallerOrEqualii
 .text._Z8logic_orbb
                0x00000834        0xc Blockly_Funtions.o
                0x00000834                _Z8logic_orbb
 .text._Z9logic_andbb
                0x00000840        0x6 Blockly_Funtions.o
                0x00000840                _Z9logic_andbb
 .text._Z9logic_xorbb
                0x00000846        0x4 Blockly_Funtions.o
                0x00000846                _Z9logic_xorbb
 .text._Z11hexToNibblec
                0x0000084a       0x28 Bootloader/Convert.o
                0x0000084a                _Z11hexToNibblec
 .text._Z9hexToBytecc
                0x00000872       0x22 Bootloader/Convert.o
                0x00000872                _Z9hexToBytecc
 .text._Z11resetDevicev
                0x00000894        0xe Bootloader/Programming.o
                0x00000894                _Z11resetDevicev
 .text._Z12programFlashhjhPh
                0x000008a2      0x130 Bootloader/Programming.o
                0x000008a2                _Z12programFlashhjhPh
 .text._Z14programHexLinePc
                0x000009d2      0x12a Bootloader/Programming.o
                0x000009d2                _Z14programHexLinePc
 .text._Z17receiveHexFileUSBv
                0x00000afc       0x54 Bootloader/Programming.o
                0x00000afc                _Z17receiveHexFileUSBv
 .text._Z10getUsbBootv
                0x00000b50       0x72 Bootloader/Programming.o
                0x00000b50                _Z10getUsbBootv
 .text._Z17receiveHexFileI2CPFvvE
                0x00000bc2       0x74 Bootloader/Programming.o
                0x00000bc2                _Z17receiveHexFileI2CPFvvE
 .text._Z8SPI_InitR10SPI_struct
                0x00000c36        0x8 Communication/SPI.o
                0x00000c36                _Z8SPI_InitR10SPI_struct
 .text._Z14SPI_TrancieverR10SPI_structh
                0x00000c3e        0xe Communication/SPI.o
                0x00000c3e                _Z14SPI_TrancieverR10SPI_structh
 .text._Z11SS_set_highR11PORT_structh
                0x00000c4c       0x1c Communication/SPI.o
                0x00000c4c                _Z11SS_set_highR11PORT_structh
 .text._Z10SS_set_lowR11PORT_structh
                0x00000c68       0x1c Communication/SPI.o
                0x00000c68                _Z10SS_set_lowR11PORT_structh
 .text._Z12SPI_CAN_ReadR10SPI_structhh
                0x00000c84       0x28 Communication/SPI.o
                0x00000c84                _Z12SPI_CAN_ReadR10SPI_structhh
 .text._Z13SPI_CAN_writeR10SPI_structhhh
                0x00000cac       0x2e Communication/SPI.o
                0x00000cac                _Z13SPI_CAN_writeR10SPI_structhhh
 .text._Z13TWI_HandleISRPFvvEPFvhER10TWI_struct
                0x00000cda       0x24 Communication/TWI.o
                0x00000cda                _Z13TWI_HandleISRPFvvEPFvhER10TWI_struct
 .text.__vector_12
                0x00000cfe       0x7a Communication/TWI.o
                0x00000cfe                __vector_12
 .text.__vector_75
                0x00000d78       0x7a Communication/TWI.o
                0x00000d78                __vector_75
 .text.__vector_45
                0x00000df2       0x7a Communication/TWI.o
                0x00000df2                __vector_45
 .text.__vector_106
                0x00000e6c       0x7a Communication/TWI.o
                0x00000e6c                __vector_106
 .text._Z8TWI_initR10TWI_struct
                0x00000ee6       0x14 Communication/TWI.o
                0x00000ee6                _Z8TWI_initR10TWI_struct
 .text._Z19TWI_RecievedAddressR10TWI_struct
                0x00000efa       0x18 Communication/TWI.o
                0x00000efa                _Z19TWI_RecievedAddressR10TWI_struct
 .text._Z17TWI_ReceivePacketR10TWI_structPhh
                0x00000f12       0x60 Communication/TWI.o
                0x00000f12                _Z17TWI_ReceivePacketR10TWI_structPhh
 .text._Z9TWI_WriteR10TWI_structh
                0x00000f72       0x66 Communication/TWI.o
                0x00000f72                _Z9TWI_WriteR10TWI_structh
 .text._Z13TWI_onRequestPFvvER10TWI_struct
                0x00000fd8       0x4c Communication/TWI.o
                0x00000fd8                _Z13TWI_onRequestPFvvER10TWI_struct
 .text._Z13TWI_onReceivePFvhER10TWI_struct
                0x00001024       0x4c Communication/TWI.o
                0x00001024                _Z13TWI_onReceivePFvhER10TWI_struct
 .text._Z10HexToASCIIh
                0x00001070        0xe Communication/UART.o
                0x00001070                _Z10HexToASCIIh
 .text._Z18USART_Set_BaudrateR12USART_structmm
                0x0000107e      0x226 Communication/UART.o
                0x0000107e                _Z18USART_Set_BaudrateR12USART_structmm
 .text._Z10USART_InitR12USART_structmmb
                0x000012a4       0x28 Communication/UART.o
                0x000012a4                _Z10USART_InitR12USART_structmmb
 .text._Z14USART_TransmitR12USART_structc
                0x000012cc        0xc Communication/UART.o
                0x000012cc                _Z14USART_TransmitR12USART_structc
 .text._Z13USART_ReceiveR12USART_struct
                0x000012d8        0xc Communication/UART.o
                0x000012d8                _Z13USART_ReceiveR12USART_struct
 .text._Z13USART_ReceiveR12USART_structjRb
                0x000012e4       0x38 Communication/UART.o
                0x000012e4                _Z13USART_ReceiveR12USART_structjRb
 .text._Z15USART_AvailableR12USART_struct
                0x0000131c        0xc Communication/UART.o
                0x0000131c                _Z15USART_AvailableR12USART_struct
 .text._Z20USART_TransmitStringR12USART_structPKc
                0x00001328       0x38 Communication/UART.o
                0x00001328                _Z20USART_TransmitStringR12USART_structPKc
 .text._Z14USART_TransmitR12USART_structPKch
                0x00001360       0x3e Communication/UART.o
                0x00001360                _Z14USART_TransmitR12USART_structPKch
 .text._Z18USART_Transmit_HexR12USART_structc
                0x0000139e       0x3a Communication/UART.o
                0x0000139e                _Z18USART_Transmit_HexR12USART_structc
 .text._Z21USART_Transmit_NumberR12USART_structi
                0x000013d8       0xee Communication/UART.o
                0x000013d8                _Z21USART_Transmit_NumberR12USART_structi
 .text._Z18USART_TransmitDoneR12USART_struct
                0x000014c6        0xc Communication/UART.o
                0x000014c6                _Z18USART_TransmitDoneR12USART_struct
 .text._Z12USB_Transmitc
                0x000014d2        0x8 Communication/USB_Functions.o
                0x000014d2                _Z12USB_Transmitc
 .text._Z11USB_Receivev
                0x000014da        0xe Communication/USB_Functions.o
                0x000014da                _Z11USB_Receivev
 .text._Z11USB_ReceivejRb
                0x000014e8       0x4a Communication/USB_Functions.o
                0x000014e8                _Z11USB_ReceivejRb
 .text._Z13USB_Availablev
                0x00001532        0x6 Communication/USB_Functions.o
                0x00001532                _Z13USB_Availablev
 .text._Z18USB_TransmitStringPKc
                0x00001538       0x2e Communication/USB_Functions.o
                0x00001538                _Z18USB_TransmitStringPKc
 .text._Z12USB_TransmitPKch
                0x00001566       0x34 Communication/USB_Functions.o
                0x00001566                _Z12USB_TransmitPKch
 .text._Z16USB_Transmit_Hexc
                0x0000159a       0x2c Communication/USB_Functions.o
                0x0000159a                _Z16USB_Transmit_Hexc
 .text._Z19USB_Transmit_Numberi
                0x000015c6       0xe0 Communication/USB_Functions.o
                0x000015c6                _Z19USB_Transmit_Numberi
 .text.StopElevator
                0x000016a6       0x3c FactoryControl/Elevator.o
                0x000016a6                StopElevator
 .text.ElevatorIsReady
                0x000016e2       0x2e FactoryControl/Elevator.o
                0x000016e2                ElevatorIsReady
 .text.ElevatorButtonInISR
                0x00001710       0x32 FactoryControl/Elevator.o
                0x00001710                ElevatorButtonInISR
 .text.resetElevator
                0x00001742        0x2 FactoryControl/Elevator.o
                0x00001742                resetElevator
 .text.ElevatorInit
                0x00001744       0x60 FactoryControl/Elevator.o
                0x00001744                ElevatorInit
 .text.ElevatorInterruptSetup
                0x000017a4       0x30 FactoryControl/Elevator.o
                0x000017a4                ElevatorInterruptSetup
 .text.ConfigElevator
                0x000017d4       0xd0 FactoryControl/Elevator.o
                0x000017d4                ConfigElevator
 .text.MoveElevator
                0x000018a4       0x84 FactoryControl/Elevator.o
                0x000018a4                MoveElevator
 .text._Z11gpioSetModeh9gpioModes
                0x00001928       0x14 FactoryControl/IO_mappings.o
                0x00001928                _Z11gpioSetModeh9gpioModes
 .text._Z12gpioSetLevelhb
                0x0000193c       0x10 FactoryControl/IO_mappings.o
                0x0000193c                _Z12gpioSetLevelhb
 .text._Z12gpioGetLevelh
                0x0000194c        0xe FactoryControl/IO_mappings.o
                0x0000194c                _Z12gpioGetLevelh
 .text.IO_ReadWrite
                0x0000195a      0x182 FactoryControl/Kleursensor.o
                0x0000195a                IO_ReadWrite
 .text.SelectColour
                0x00001adc        0x2 FactoryControl/Kleursensor.o
                0x00001adc                SelectColour
 .text.CompareColours
                0x00001ade        0xe FactoryControl/Kleursensor.o
                0x00001ade                CompareColours
 .text.ReadOneColour
                0x00001aec       0x5e FactoryControl/Kleursensor.o
                0x00001aec                ReadOneColour
 .text.ValToColour
                0x00001b4a       0x68 FactoryControl/Kleursensor.o
                0x00001b4a                ValToColour
 .text.RoundColourVal
                0x00001bb2        0xc FactoryControl/Kleursensor.o
                0x00001bb2                RoundColourVal
 .text.FrequencyToColourVal
                0x00001bbe       0x62 FactoryControl/Kleursensor.o
                0x00001bbe                FrequencyToColourVal
 .text.ArrAvg   0x00001c20       0x4a FactoryControl/Kleursensor.o
                0x00001c20                ArrAvg
 .text.CompareStrings
                0x00001c6a       0x1e FactoryControl/Kleursensor.o
                0x00001c6a                CompareStrings
 .text.hex2int  0x00001c88       0x72 FactoryControl/Kleursensor.o
                0x00001c88                hex2int
 .text.ColourToRed
                0x00001cfa       0x2c FactoryControl/Kleursensor.o
                0x00001cfa                ColourToRed
 .text.ColourToGreen
                0x00001d26       0x2c FactoryControl/Kleursensor.o
                0x00001d26                ColourToGreen
 .text.ColourToBlue
                0x00001d52       0x2c FactoryControl/Kleursensor.o
                0x00001d52                ColourToBlue
 .text.ColourToIndex
                0x00001d7e       0x34 FactoryControl/Kleursensor.o
                0x00001d7e                ColourToIndex
 .text.ReadColourSensor
                0x00001db2       0xc0 FactoryControl/Kleursensor.o
                0x00001db2                ReadColourSensor
 .text.map      0x00001e72       0x82 FactoryControl/Kleursensor.o
                0x00001e72                map
 .text.pulseIn  0x00001ef4      0x16e FactoryControl/pulseIn.o
                0x00001ef4                pulseIn
 .text.SorterarmIsFinnished
                0x00002062        0x4 FactoryControl/SorterArm.o
                0x00002062                SorterarmIsFinnished
 .text.StopSorterArm
                0x00002066       0x30 FactoryControl/SorterArm.o
                0x00002066                StopSorterArm
 .text.SorterArmISR
                0x00002096       0x5e FactoryControl/SorterArm.o
                0x00002096                SorterArmISR
 .text._Z17SorterarmLinksISRv
                0x000020f4       0x10 FactoryControl/SorterArm.o
                0x000020f4                _Z17SorterarmLinksISRv
 .text._Z18SorterArmRechtsISRv
                0x00002104       0x10 FactoryControl/SorterArm.o
                0x00002104                _Z18SorterArmRechtsISRv
 .text.SaSetInput
                0x00002114      0x12a FactoryControl/SorterArm.o
                0x00002114                SaSetInput
 .text.SaSetInterrupt
                0x0000223e       0xa2 FactoryControl/SorterArm.o
                0x0000223e                SaSetInterrupt
 .text.ConfigSorterArm
                0x000022e0       0xc8 FactoryControl/SorterArm.o
                0x000022e0                ConfigSorterArm
 .text.MoveSorterArm
                0x000023a8       0x78 FactoryControl/SorterArm.o
                0x000023a8                MoveSorterArm
 .text.HomeSorterArm
                0x00002420       0x32 FactoryControl/SorterArm.o
                0x00002420                HomeSorterArm
 .text.MoveSorterArmTo
                0x00002452       0x92 FactoryControl/SorterArm.o
                0x00002452                MoveSorterArmTo
 .text.MoveSorterArmDistance
                0x000024e4       0x7c FactoryControl/SorterArm.o
                0x000024e4                MoveSorterArmDistance
 .text._Z20stepperWriteRegisterhPKchhR12USART_struct
                0x00002560       0xaa FactoryControl/Stepperdriver.o
                0x00002560                _Z20stepperWriteRegisterhPKchhR12USART_struct
 .text._Z22ChangeDirectionStepperbh
                0x0000260a       0x30 FactoryControl/Stepperdriver.o
                0x0000260a                _Z22ChangeDirectionStepperbh
 .text._Z8MoveBeltbji
                0x0000263a       0xb4 FactoryControl/Stepperdriver.o
                0x0000263a                _Z8MoveBeltbji
 .text._Z8StopBeltj
                0x000026ee       0x56 FactoryControl/Stepperdriver.o
                0x000026ee                _Z8StopBeltj
 .text._Z13MoveTurntablebji
                0x00002744       0x9a FactoryControl/Stepperdriver.o
                0x00002744                _Z13MoveTurntablebji
 .text._Z13StopTurntablej
                0x000027de       0x3e FactoryControl/Stepperdriver.o
                0x000027de                _Z13StopTurntablej
 .text._Z13DemoTestBlockv
                0x0000281c       0x64 FactoryControl/Stepperdriver.o
                0x0000281c                _Z13DemoTestBlockv
 .text._Z17StopDemoTestBlockv
                0x00002880       0x30 FactoryControl/Stepperdriver.o
                0x00002880                _Z17StopDemoTestBlockv
 .text._Z10SetAddresshh
                0x000028b0       0x30 FactoryControl/Stepperdriver.o
                0x000028b0                _Z10SetAddresshh
 .text._Z9ToggleLEDv
                0x000028e0        0xc main.o
                0x000028e0                _Z9ToggleLEDv
 .text._Z3LEDb  0x000028ec       0x1c main.o
                0x000028ec                _Z3LEDb
 .text._Z9set_relaybh
                0x00002908       0xaa main.o
                0x00002908                _Z9set_relaybh
 .text._Z8Solenoidhb
                0x000029b2        0xc main.o
                0x000029b2                _Z8Solenoidhb
 .text._Z13PulseSolenoidh
                0x000029be       0x2a main.o
                0x000029be                _Z13PulseSolenoidh
 .text._Z14requestStartedv
                0x000029e8        0xe main.o
                0x000029e8                _Z14requestStartedv
 .text._Z13requestResultv
                0x000029f6        0xe main.o
                0x000029f6                _Z13requestResultv
 .text.sysclk_enable_peripheral_clock
                0x00002a04      0x2c0 main.o
 .text._Z12IO_ReadWritebh
                0x00002cc4      0x182 main.o
                0x00002cc4                _Z12IO_ReadWritebh
 .text._Z11DigitalReadi
                0x00002e46        0xa main.o
                0x00002e46                _Z11DigitalReadi
 .text._Z17ReadSignatureBytej
                0x00002e50       0x10 main.o
                0x00002e50                _Z17ReadSignatureBytej
 .text._Z12I_AnalogReadR13ADC_CH_structh
                0x00002e60       0x50 main.o
                0x00002e60                _Z12I_AnalogReadR13ADC_CH_structh
 .text._Z12I_AnalogReadR10ADC_structh
                0x00002eb0        0x8 main.o
                0x00002eb0                _Z12I_AnalogReadR10ADC_structh
 .text._Z8ADC_InitR10ADC_struct
                0x00002eb8       0x8e main.o
                0x00002eb8                _Z8ADC_InitR10ADC_struct
 .text._Z15ReadSharpSensorh
                0x00002f46       0x5a main.o
                0x00002f46                _Z15ReadSharpSensorh
 .text._Z10AnalogReadi
                0x00002fa0        0xe main.o
                0x00002fa0                _Z10AnalogReadi
 .text._Z15passthrough_TWIv
                0x00002fae       0xec main.o
                0x00002fae                _Z15passthrough_TWIv
 .text._Z16initOptocouplersv
                0x0000309a        0x8 main.o
                0x0000309a                _Z16initOptocouplersv
 .text._Z17I_OptocouplerReadh
                0x000030a2       0x60 main.o
                0x000030a2                _Z17I_OptocouplerReadh
 .text._Z15OptocouplerReadi
                0x00003102        0x6 main.o
                0x00003102                _Z15OptocouplerReadi
 .text.__vector_100
                0x00003108       0xb6 main.o
                0x00003108                __vector_100
 .text.__vector_101
                0x000031be       0xb2 main.o
                0x000031be                __vector_101
 .text._Z8initLEDsv
                0x00003270        0xc main.o
                0x00003270                _Z8initLEDsv
 .text.main     0x0000327c      0x1c6 main.o
                0x0000327c                main
 .text._Z10ToggleLED1v
                0x00003442        0xc main.o
                0x00003442                _Z10ToggleLED1v
 .text._Z10ToggleLED2v
                0x0000344e        0xc main.o
                0x0000344e                _Z10ToggleLED2v
 .text.udi_cdc_comm_enable
                0x0000345a       0x56 src/ASF/common/services/usb/class/cdc/device/udi_cdc.o
                0x0000345a                udi_cdc_comm_enable
 .text.udi_cdc_comm_disable
                0x000034b0        0xc src/ASF/common/services/usb/class/cdc/device/udi_cdc.o
                0x000034b0                udi_cdc_comm_disable
 .text.udi_cdc_data_disable
                0x000034bc       0x14 src/ASF/common/services/usb/class/cdc/device/udi_cdc.o
                0x000034bc                udi_cdc_data_disable
 .text.udi_cdc_data_setup
                0x000034d0        0x4 src/ASF/common/services/usb/class/cdc/device/udi_cdc.o
                0x000034d0                udi_cdc_data_setup
 .text.udi_cdc_getsetting
                0x000034d4        0x4 src/ASF/common/services/usb/class/cdc/device/udi_cdc.o
                0x000034d4                udi_cdc_getsetting
 .text.udi_cdc_comm_setup
                0x000034d8       0x94 src/ASF/common/services/usb/class/cdc/device/udi_cdc.o
                0x000034d8                udi_cdc_comm_setup
 .text.udi_cdc_line_coding_received
                0x0000356c        0x2 src/ASF/common/services/usb/class/cdc/device/udi_cdc.o
 .text.udi_cdc_tx_send
                0x0000356e      0x164 src/ASF/common/services/usb/class/cdc/device/udi_cdc.o
 .text.udi_cdc_data_sent
                0x000036d2       0x32 src/ASF/common/services/usb/class/cdc/device/udi_cdc.o
 .text.udi_cdc_data_sof_notify
                0x00003704        0x8 src/ASF/common/services/usb/class/cdc/device/udi_cdc.o
                0x00003704                udi_cdc_data_sof_notify
 .text.udi_cdc_ctrl_state_notify
                0x0000370c       0x50 src/ASF/common/services/usb/class/cdc/device/udi_cdc.o
 .text.udi_cdc_ctrl_state_change
                0x0000375c       0x56 src/ASF/common/services/usb/class/cdc/device/udi_cdc.o
 .text.udi_cdc_serial_state_msg_sent
                0x000037b2       0x2e src/ASF/common/services/usb/class/cdc/device/udi_cdc.o
 .text.udi_cdc_ctrl_signal_dcd
                0x000037e0        0xe src/ASF/common/services/usb/class/cdc/device/udi_cdc.o
                0x000037e0                udi_cdc_ctrl_signal_dcd
 .text.udi_cdc_ctrl_signal_dsr
                0x000037ee        0xe src/ASF/common/services/usb/class/cdc/device/udi_cdc.o
                0x000037ee                udi_cdc_ctrl_signal_dsr
 .text.udi_cdc_signal_framing_error
                0x000037fc        0xe src/ASF/common/services/usb/class/cdc/device/udi_cdc.o
                0x000037fc                udi_cdc_signal_framing_error
 .text.udi_cdc_signal_parity_error
                0x0000380a        0xe src/ASF/common/services/usb/class/cdc/device/udi_cdc.o
                0x0000380a                udi_cdc_signal_parity_error
 .text.udi_cdc_signal_overrun
                0x00003818        0xe src/ASF/common/services/usb/class/cdc/device/udi_cdc.o
                0x00003818                udi_cdc_signal_overrun
 .text.udi_cdc_multi_ctrl_signal_dcd
                0x00003826        0xa src/ASF/common/services/usb/class/cdc/device/udi_cdc.o
                0x00003826                udi_cdc_multi_ctrl_signal_dcd
 .text.udi_cdc_multi_ctrl_signal_dsr
                0x00003830        0xa src/ASF/common/services/usb/class/cdc/device/udi_cdc.o
                0x00003830                udi_cdc_multi_ctrl_signal_dsr
 .text.udi_cdc_multi_signal_framing_error
                0x0000383a        0xc src/ASF/common/services/usb/class/cdc/device/udi_cdc.o
                0x0000383a                udi_cdc_multi_signal_framing_error
 .text.udi_cdc_multi_signal_parity_error
                0x00003846        0xc src/ASF/common/services/usb/class/cdc/device/udi_cdc.o
                0x00003846                udi_cdc_multi_signal_parity_error
 .text.udi_cdc_multi_signal_overrun
                0x00003852        0xc src/ASF/common/services/usb/class/cdc/device/udi_cdc.o
                0x00003852                udi_cdc_multi_signal_overrun
 .text.udi_cdc_multi_get_nb_received_data
                0x0000385e       0x3a src/ASF/common/services/usb/class/cdc/device/udi_cdc.o
                0x0000385e                udi_cdc_multi_get_nb_received_data
 .text.udi_cdc_get_nb_received_data
                0x00003898        0x8 src/ASF/common/services/usb/class/cdc/device/udi_cdc.o
                0x00003898                udi_cdc_get_nb_received_data
 .text.udi_cdc_multi_is_rx_ready
                0x000038a0       0x10 src/ASF/common/services/usb/class/cdc/device/udi_cdc.o
                0x000038a0                udi_cdc_multi_is_rx_ready
 .text.udi_cdc_rx_start
                0x000038b0       0x9c src/ASF/common/services/usb/class/cdc/device/udi_cdc.o
 .text.udi_cdc_data_enable
                0x0000394c       0x68 src/ASF/common/services/usb/class/cdc/device/udi_cdc.o
                0x0000394c                udi_cdc_data_enable
 .text.udi_cdc_data_received
                0x000039b4       0x62 src/ASF/common/services/usb/class/cdc/device/udi_cdc.o
 .text.udi_cdc_is_rx_ready
                0x00003a16        0x8 src/ASF/common/services/usb/class/cdc/device/udi_cdc.o
                0x00003a16                udi_cdc_is_rx_ready
 .text.udi_cdc_multi_getc
                0x00003a1e       0xaa src/ASF/common/services/usb/class/cdc/device/udi_cdc.o
                0x00003a1e                udi_cdc_multi_getc
 .text.udi_cdc_getc
                0x00003ac8        0x8 src/ASF/common/services/usb/class/cdc/device/udi_cdc.o
                0x00003ac8                udi_cdc_getc
 .text.udi_cdc_multi_read_buf
                0x00003ad0       0xd4 src/ASF/common/services/usb/class/cdc/device/udi_cdc.o
                0x00003ad0                udi_cdc_multi_read_buf
 .text.udi_cdc_read_no_polling
                0x00003ba4       0xc6 src/ASF/common/services/usb/class/cdc/device/udi_cdc.o
                0x00003ba4                udi_cdc_read_no_polling
 .text.udi_cdc_read_buf
                0x00003c6a        0xc src/ASF/common/services/usb/class/cdc/device/udi_cdc.o
                0x00003c6a                udi_cdc_read_buf
 .text.udi_cdc_multi_get_free_tx_buffer
                0x00003c76       0x60 src/ASF/common/services/usb/class/cdc/device/udi_cdc.o
                0x00003c76                udi_cdc_multi_get_free_tx_buffer
 .text.udi_cdc_get_free_tx_buffer
                0x00003cd6        0x8 src/ASF/common/services/usb/class/cdc/device/udi_cdc.o
                0x00003cd6                udi_cdc_get_free_tx_buffer
 .text.udi_cdc_multi_is_tx_ready
                0x00003cde       0x10 src/ASF/common/services/usb/class/cdc/device/udi_cdc.o
                0x00003cde                udi_cdc_multi_is_tx_ready
 .text.udi_cdc_is_tx_ready
                0x00003cee        0x8 src/ASF/common/services/usb/class/cdc/device/udi_cdc.o
                0x00003cee                udi_cdc_is_tx_ready
 .text.udi_cdc_multi_putc
                0x00003cf6       0x9e src/ASF/common/services/usb/class/cdc/device/udi_cdc.o
                0x00003cf6                udi_cdc_multi_putc
 .text.udi_cdc_putc
                0x00003d94        0xa src/ASF/common/services/usb/class/cdc/device/udi_cdc.o
                0x00003d94                udi_cdc_putc
 .text.udi_cdc_multi_write_buf
                0x00003d9e       0xea src/ASF/common/services/usb/class/cdc/device/udi_cdc.o
                0x00003d9e                udi_cdc_multi_write_buf
 .text.udi_cdc_write_buf
                0x00003e88        0xc src/ASF/common/services/usb/class/cdc/device/udi_cdc.o
                0x00003e88                udi_cdc_write_buf
 .text.udc_next_desc_in_iface
                0x00003e94       0x6a src/ASF/common/services/usb/udc/udc.o
 .text.udc_valid_address
                0x00003efe        0xc src/ASF/common/services/usb/udc/udc.o
 .text.udc_update_iface_desc
                0x00003f0a       0x74 src/ASF/common/services/usb/udc/udc.o
 .text.udc_iface_disable
                0x00003f7e       0x8a src/ASF/common/services/usb/udc/udc.o
 .text.udc_iface_enable
                0x00004008       0x6a src/ASF/common/services/usb/udc/udc.o
 .text.udc_get_interface_desc
                0x00004072        0xa src/ASF/common/services/usb/udc/udc.o
                0x00004072                udc_get_interface_desc
 .text.udc_start
                0x0000407c        0x6 src/ASF/common/services/usb/udc/udc.o
                0x0000407c                udc_start
 .text.udc_reset
                0x00004082       0x50 src/ASF/common/services/usb/udc/udc.o
                0x00004082                udc_reset
 .text.udc_stop
                0x000040d2        0xa src/ASF/common/services/usb/udc/udc.o
                0x000040d2                udc_stop
 .text.udc_sof_notify
                0x000040dc       0x60 src/ASF/common/services/usb/udc/udc.o
                0x000040dc                udc_sof_notify
 .text.udc_process_setup
                0x0000413c      0x540 src/ASF/common/services/usb/udc/udc.o
                0x0000413c                udc_process_setup
 .text.udd_sleep_mode
                0x0000467c       0x70 src/ASF/xmega/drivers/usb/usb_device.o
 .text.udd_ctrl_init
                0x000046ec       0x4a src/ASF/xmega/drivers/usb/usb_device.o
 .text.udd_ctrl_stall_data
                0x00004736       0x1c src/ASF/xmega/drivers/usb/usb_device.o
 .text.udd_ctrl_send_zlp_in
                0x00004752       0x1c src/ASF/xmega/drivers/usb/usb_device.o
 .text.udd_ctrl_endofrequest
                0x0000476e       0x10 src/ASF/xmega/drivers/usb/usb_device.o
 .text.udd_ctrl_in_sent
                0x0000477e       0xdc src/ASF/xmega/drivers/usb/usb_device.o
 .text.udd_ep_get_size
                0x0000485a       0x52 src/ASF/xmega/drivers/usb/usb_device.o
 .text.udd_ep_get_job
                0x000048ac       0x36 src/ASF/xmega/drivers/usb/usb_device.o
 .text.udd_ctrl_interrupt_tc_setup
                0x000048e2       0xee src/ASF/xmega/drivers/usb/usb_device.o
 .text.udd_ep_trans_complet
                0x000049d0      0x2c6 src/ASF/xmega/drivers/usb/usb_device.o
 .text.udd_disable
                0x00004c96       0x5c src/ASF/xmega/drivers/usb/usb_device.o
                0x00004c96                udd_disable
 .text.udd_include_vbus_monitoring
                0x00004cf2        0x4 src/ASF/xmega/drivers/usb/usb_device.o
                0x00004cf2                udd_include_vbus_monitoring
 .text.udd_attach
                0x00004cf6       0x5c src/ASF/xmega/drivers/usb/usb_device.o
                0x00004cf6                udd_attach
 .text.udd_enable
                0x00004d52      0x10c src/ASF/xmega/drivers/usb/usb_device.o
                0x00004d52                udd_enable
 .text.udd_detach
                0x00004e5e        0xc src/ASF/xmega/drivers/usb/usb_device.o
                0x00004e5e                udd_detach
 .text.udd_is_high_speed
                0x00004e6a        0x4 src/ASF/xmega/drivers/usb/usb_device.o
                0x00004e6a                udd_is_high_speed
 .text.udd_set_address
                0x00004e6e        0x6 src/ASF/xmega/drivers/usb/usb_device.o
                0x00004e6e                udd_set_address
 .text.udd_getaddress
                0x00004e74        0x6 src/ASF/xmega/drivers/usb/usb_device.o
                0x00004e74                udd_getaddress
 .text.udd_get_frame_number
                0x00004e7a        0xa src/ASF/xmega/drivers/usb/usb_device.o
                0x00004e7a                udd_get_frame_number
 .text.udd_get_micro_frame_number
                0x00004e84        0x6 src/ASF/xmega/drivers/usb/usb_device.o
                0x00004e84                udd_get_micro_frame_number
 .text.udd_send_remotewakeup
                0x00004e8a       0x20 src/ASF/xmega/drivers/usb/usb_device.o
                0x00004e8a                udd_send_remotewakeup
 .text.udd_set_setup_payload
                0x00004eaa        0xe src/ASF/xmega/drivers/usb/usb_device.o
                0x00004eaa                udd_set_setup_payload
 .text.udd_ep_alloc
                0x00004eb8      0x122 src/ASF/xmega/drivers/usb/usb_device.o
                0x00004eb8                udd_ep_alloc
 .text.udd_ep_is_halted
                0x00004fda       0x36 src/ASF/xmega/drivers/usb/usb_device.o
                0x00004fda                udd_ep_is_halted
 .text.udd_ep_clear_halt
                0x00005010       0x86 src/ASF/xmega/drivers/usb/usb_device.o
                0x00005010                udd_ep_clear_halt
 .text.udd_ep_run
                0x00005096      0x19c src/ASF/xmega/drivers/usb/usb_device.o
                0x00005096                udd_ep_run
 .text.udd_ep_abort
                0x00005232       0xa0 src/ASF/xmega/drivers/usb/usb_device.o
                0x00005232                udd_ep_abort
 .text.udd_ep_free
                0x000052d2       0x3a src/ASF/xmega/drivers/usb/usb_device.o
                0x000052d2                udd_ep_free
 .text.udd_ep_set_halt
                0x0000530c       0x3c src/ASF/xmega/drivers/usb/usb_device.o
                0x0000530c                udd_ep_set_halt
 .text.udd_ep_wait_stall_clear
                0x00005348       0x6a src/ASF/xmega/drivers/usb/usb_device.o
                0x00005348                udd_ep_wait_stall_clear
 .text.__vector_125
                0x000053b2      0x19a src/ASF/xmega/drivers/usb/usb_device.o
                0x000053b2                __vector_125
 .text.__vector_126
                0x0000554c      0x214 src/ASF/xmega/drivers/usb/usb_device.o
                0x0000554c                __vector_126
 .text.udd_ep_is_valid
                0x00005760       0x14 src/ASF/xmega/drivers/usb/usb_device.o
                0x00005760                udd_ep_is_valid
 .text.sysclk_init
                0x00005774       0xf6 src/ASF/common/services/clock/xmega/sysclk.o
                0x00005774                sysclk_init
 .text.sysclk_enable_module
                0x0000586a       0x2c src/ASF/common/services/clock/xmega/sysclk.o
                0x0000586a                sysclk_enable_module
 .text.sysclk_disable_module
                0x00005896       0x2a src/ASF/common/services/clock/xmega/sysclk.o
                0x00005896                sysclk_disable_module
 .text.sysclk_enable_usb
                0x000058c0       0x8e src/ASF/common/services/clock/xmega/sysclk.o
                0x000058c0                sysclk_enable_usb
 .text.sysclk_disable_usb
                0x0000594e       0x14 src/ASF/common/services/clock/xmega/sysclk.o
                0x0000594e                sysclk_disable_usb
 .text.nvm_read_device_serial
                0x00005962       0x90 src/ASF/xmega/drivers/nvm/nvm.o
                0x00005962                nvm_read_device_serial
 .text.nvm_eeprom_read_byte
                0x000059f2       0x22 src/ASF/xmega/drivers/nvm/nvm.o
                0x000059f2                nvm_eeprom_read_byte
 .text.nvm_eeprom_read_buffer
                0x00005a14       0x32 src/ASF/xmega/drivers/nvm/nvm.o
                0x00005a14                nvm_eeprom_read_buffer
 .text.nvm_eeprom_flush_buffer
                0x00005a46       0x24 src/ASF/xmega/drivers/nvm/nvm.o
                0x00005a46                nvm_eeprom_flush_buffer
 .text.nvm_eeprom_load_byte_to_buffer
                0x00005a6a       0x24 src/ASF/xmega/drivers/nvm/nvm.o
                0x00005a6a                nvm_eeprom_load_byte_to_buffer
 .text.nvm_eeprom_write_byte
                0x00005a8e       0x50 src/ASF/xmega/drivers/nvm/nvm.o
                0x00005a8e                nvm_eeprom_write_byte
 .text.nvm_eeprom_load_page_to_buffer
                0x00005ade       0x2e src/ASF/xmega/drivers/nvm/nvm.o
                0x00005ade                nvm_eeprom_load_page_to_buffer
 .text.nvm_eeprom_atomic_write_page
                0x00005b0c       0x3c src/ASF/xmega/drivers/nvm/nvm.o
                0x00005b0c                nvm_eeprom_atomic_write_page
 .text.nvm_eeprom_erase_and_write_buffer
                0x00005b48       0x86 src/ASF/xmega/drivers/nvm/nvm.o
                0x00005b48                nvm_eeprom_erase_and_write_buffer
 .text.nvm_eeprom_split_write_page
                0x00005bce       0x3c src/ASF/xmega/drivers/nvm/nvm.o
                0x00005bce                nvm_eeprom_split_write_page
 .text.nvm_eeprom_fill_buffer_with_value
                0x00005c0a       0x2a src/ASF/xmega/drivers/nvm/nvm.o
                0x00005c0a                nvm_eeprom_fill_buffer_with_value
 .text.nvm_eeprom_erase_bytes_in_page
                0x00005c34       0x3c src/ASF/xmega/drivers/nvm/nvm.o
                0x00005c34                nvm_eeprom_erase_bytes_in_page
 .text.nvm_eeprom_erase_page
                0x00005c70       0x14 src/ASF/xmega/drivers/nvm/nvm.o
                0x00005c70                nvm_eeprom_erase_page
 .text.nvm_eeprom_erase_bytes_in_all_pages
                0x00005c84       0x2e src/ASF/xmega/drivers/nvm/nvm.o
                0x00005c84                nvm_eeprom_erase_bytes_in_all_pages
 .text.nvm_eeprom_erase_all
                0x00005cb2        0xc src/ASF/xmega/drivers/nvm/nvm.o
                0x00005cb2                nvm_eeprom_erase_all
 .text.nvm_issue_flash_range_crc
                0x00005cbe       0x5a src/ASF/xmega/drivers/nvm/nvm.o
                0x00005cbe                nvm_issue_flash_range_crc
 .text.nvm_flash_read_buffer
                0x00005d18       0x34 src/ASF/xmega/drivers/nvm/nvm.o
                0x00005d18                nvm_flash_read_buffer
 .text.nvm_user_sig_read_buffer
                0x00005d4c       0x3c src/ASF/xmega/drivers/nvm/nvm.o
                0x00005d4c                nvm_user_sig_read_buffer
 .text.nvm_user_sig_write_buffer
                0x00005d88      0x14e src/ASF/xmega/drivers/nvm/nvm.o
                0x00005d88                nvm_user_sig_write_buffer
 .text.nvm_flash_erase_and_write_buffer
                0x00005ed6      0x192 src/ASF/xmega/drivers/nvm/nvm.o
                0x00005ed6                nvm_flash_erase_and_write_buffer
 .text.nvm_fuses_read
                0x00006068       0x32 src/ASF/xmega/drivers/nvm/nvm.o
                0x00006068                nvm_fuses_read
 .text.nvm_read_byte
                0x0000609a       0x14 src/ASF/xmega/drivers/nvm/nvm_asm.o
                0x0000609a                nvm_read_byte
 .text.ccp_write_io
                0x000060ae        0xc src/ASF/xmega/drivers/cpu/ccp.o
                0x000060ae                ccp_write_io
 .text.board_init
                0x000060ba       0x40 src/ASF/common/boards/user_board/init.o
                0x000060ba                board_init
 .text.libgcc.mul
                0x000060fa       0x20 c:/program files (x86)/atmel/studio/7.0/toolchain/avr8/avr8-gnu-toolchain/bin/../lib/gcc/avr/5.4.0/avrxmega7\libgcc.a(_mulsi3.o)
                0x000060fa                __mulsi3
 .text.libgcc.div
                0x0000611a        0x0 c:/program files (x86)/atmel/studio/7.0/toolchain/avr8/avr8-gnu-toolchain/bin/../lib/gcc/avr/5.4.0/avrxmega7\libgcc.a(_mulsi3.o)
 .text.libgcc   0x0000611a        0x0 c:/program files (x86)/atmel/studio/7.0/toolchain/avr8/avr8-gnu-toolchain/bin/../lib/gcc/avr/5.4.0/avrxmega7\libgcc.a(_mulsi3.o)
 .text.libgcc.prologue
                0x0000611a        0x0 c:/program files (x86)/atmel/studio/7.0/toolchain/avr8/avr8-gnu-toolchain/bin/../lib/gcc/avr/5.4.0/avrxmega7\libgcc.a(_mulsi3.o)
 .text.libgcc.builtins
                0x0000611a        0x0 c:/program files (x86)/atmel/studio/7.0/toolchain/avr8/avr8-gnu-toolchain/bin/../lib/gcc/avr/5.4.0/avrxmega7\libgcc.a(_mulsi3.o)
 .text.libgcc.fmul
                0x0000611a        0x0 c:/program files (x86)/atmel/studio/7.0/toolchain/avr8/avr8-gnu-toolchain/bin/../lib/gcc/avr/5.4.0/avrxmega7\libgcc.a(_mulsi3.o)
 .text.libgcc.fixed
                0x0000611a        0x0 c:/program files (x86)/atmel/studio/7.0/toolchain/avr8/avr8-gnu-toolchain/bin/../lib/gcc/avr/5.4.0/avrxmega7\libgcc.a(_mulsi3.o)
 .text.libgcc.mul
                0x0000611a        0x0 c:/program files (x86)/atmel/studio/7.0/toolchain/avr8/avr8-gnu-toolchain/bin/../lib/gcc/avr/5.4.0/avrxmega7\libgcc.a(_udivmodhi4.o)
 .text.libgcc.div
                0x0000611a       0x28 c:/program files (x86)/atmel/studio/7.0/toolchain/avr8/avr8-gnu-toolchain/bin/../lib/gcc/avr/5.4.0/avrxmega7\libgcc.a(_udivmodhi4.o)
                0x0000611a                __udivmodhi4
 .text.libgcc   0x00006142        0x0 c:/program files (x86)/atmel/studio/7.0/toolchain/avr8/avr8-gnu-toolchain/bin/../lib/gcc/avr/5.4.0/avrxmega7\libgcc.a(_udivmodhi4.o)
 .text.libgcc.prologue
                0x00006142        0x0 c:/program files (x86)/atmel/studio/7.0/toolchain/avr8/avr8-gnu-toolchain/bin/../lib/gcc/avr/5.4.0/avrxmega7\libgcc.a(_udivmodhi4.o)
 .text.libgcc.builtins
                0x00006142        0x0 c:/program files (x86)/atmel/studio/7.0/toolchain/avr8/avr8-gnu-toolchain/bin/../lib/gcc/avr/5.4.0/avrxmega7\libgcc.a(_udivmodhi4.o)
 .text.libgcc.fmul
                0x00006142        0x0 c:/program files (x86)/atmel/studio/7.0/toolchain/avr8/avr8-gnu-toolchain/bin/../lib/gcc/avr/5.4.0/avrxmega7\libgcc.a(_udivmodhi4.o)
 .text.libgcc.fixed
                0x00006142        0x0 c:/program files (x86)/atmel/studio/7.0/toolchain/avr8/avr8-gnu-toolchain/bin/../lib/gcc/avr/5.4.0/avrxmega7\libgcc.a(_udivmodhi4.o)
 .text.libgcc.mul
                0x00006142        0x0 c:/program files (x86)/atmel/studio/7.0/toolchain/avr8/avr8-gnu-toolchain/bin/../lib/gcc/avr/5.4.0/avrxmega7\libgcc.a(_divmodhi4.o)
 .text.libgcc.div
                0x00006142       0x28 c:/program files (x86)/atmel/studio/7.0/toolchain/avr8/avr8-gnu-toolchain/bin/../lib/gcc/avr/5.4.0/avrxmega7\libgcc.a(_divmodhi4.o)
                0x00006142                _div
                0x00006142                __divmodhi4
 .text.libgcc   0x0000616a        0x0 c:/program files (x86)/atmel/studio/7.0/toolchain/avr8/avr8-gnu-toolchain/bin/../lib/gcc/avr/5.4.0/avrxmega7\libgcc.a(_divmodhi4.o)
 .text.libgcc.prologue
                0x0000616a        0x0 c:/program files (x86)/atmel/studio/7.0/toolchain/avr8/avr8-gnu-toolchain/bin/../lib/gcc/avr/5.4.0/avrxmega7\libgcc.a(_divmodhi4.o)
 .text.libgcc.builtins
                0x0000616a        0x0 c:/program files (x86)/atmel/studio/7.0/toolchain/avr8/avr8-gnu-toolchain/bin/../lib/gcc/avr/5.4.0/avrxmega7\libgcc.a(_divmodhi4.o)
 .text.libgcc.fmul
                0x0000616a        0x0 c:/program files (x86)/atmel/studio/7.0/toolchain/avr8/avr8-gnu-toolchain/bin/../lib/gcc/avr/5.4.0/avrxmega7\libgcc.a(_divmodhi4.o)
 .text.libgcc.fixed
                0x0000616a        0x0 c:/program files (x86)/atmel/studio/7.0/toolchain/avr8/avr8-gnu-toolchain/bin/../lib/gcc/avr/5.4.0/avrxmega7\libgcc.a(_divmodhi4.o)
 .text.libgcc.mul
                0x0000616a        0x0 c:/program files (x86)/atmel/studio/7.0/toolchain/avr8/avr8-gnu-toolchain/bin/../lib/gcc/avr/5.4.0/avrxmega7\libgcc.a(_udivmodsi4.o)
 .text.libgcc.div
                0x0000616a       0x44 c:/program files (x86)/atmel/studio/7.0/toolchain/avr8/avr8-gnu-toolchain/bin/../lib/gcc/avr/5.4.0/avrxmega7\libgcc.a(_udivmodsi4.o)
                0x0000616a                __udivmodsi4
 .text.libgcc   0x000061ae        0x0 c:/program files (x86)/atmel/studio/7.0/toolchain/avr8/avr8-gnu-toolchain/bin/../lib/gcc/avr/5.4.0/avrxmega7\libgcc.a(_udivmodsi4.o)
 .text.libgcc.prologue
                0x000061ae        0x0 c:/program files (x86)/atmel/studio/7.0/toolchain/avr8/avr8-gnu-toolchain/bin/../lib/gcc/avr/5.4.0/avrxmega7\libgcc.a(_udivmodsi4.o)
 .text.libgcc.builtins
                0x000061ae        0x0 c:/program files (x86)/atmel/studio/7.0/toolchain/avr8/avr8-gnu-toolchain/bin/../lib/gcc/avr/5.4.0/avrxmega7\libgcc.a(_udivmodsi4.o)
 .text.libgcc.fmul
                0x000061ae        0x0 c:/program files (x86)/atmel/studio/7.0/toolchain/avr8/avr8-gnu-toolchain/bin/../lib/gcc/avr/5.4.0/avrxmega7\libgcc.a(_udivmodsi4.o)
 .text.libgcc.fixed
                0x000061ae        0x0 c:/program files (x86)/atmel/studio/7.0/toolchain/avr8/avr8-gnu-toolchain/bin/../lib/gcc/avr/5.4.0/avrxmega7\libgcc.a(_udivmodsi4.o)
 .text.libgcc.mul
                0x000061ae        0x0 c:/program files (x86)/atmel/studio/7.0/toolchain/avr8/avr8-gnu-toolchain/bin/../lib/gcc/avr/5.4.0/avrxmega7\libgcc.a(_divmodsi4.o)
 .text.libgcc.div
                0x000061ae       0x2e c:/program files (x86)/atmel/studio/7.0/toolchain/avr8/avr8-gnu-toolchain/bin/../lib/gcc/avr/5.4.0/avrxmega7\libgcc.a(_divmodsi4.o)
                0x000061ae                __divmodsi4
 .text.libgcc   0x000061dc        0x0 c:/program files (x86)/atmel/studio/7.0/toolchain/avr8/avr8-gnu-toolchain/bin/../lib/gcc/avr/5.4.0/avrxmega7\libgcc.a(_divmodsi4.o)
 .text.libgcc.prologue
                0x000061dc        0x0 c:/program files (x86)/atmel/studio/7.0/toolchain/avr8/avr8-gnu-toolchain/bin/../lib/gcc/avr/5.4.0/avrxmega7\libgcc.a(_divmodsi4.o)
 .text.libgcc.builtins
                0x000061dc        0x0 c:/program files (x86)/atmel/studio/7.0/toolchain/avr8/avr8-gnu-toolchain/bin/../lib/gcc/avr/5.4.0/avrxmega7\libgcc.a(_divmodsi4.o)
 .text.libgcc.fmul
                0x000061dc        0x0 c:/program files (x86)/atmel/studio/7.0/toolchain/avr8/avr8-gnu-toolchain/bin/../lib/gcc/avr/5.4.0/avrxmega7\libgcc.a(_divmodsi4.o)
 .text.libgcc.fixed
                0x000061dc        0x0 c:/program files (x86)/atmel/studio/7.0/toolchain/avr8/avr8-gnu-toolchain/bin/../lib/gcc/avr/5.4.0/avrxmega7\libgcc.a(_divmodsi4.o)
 .text.libgcc.mul
                0x000061dc        0x0 c:/program files (x86)/atmel/studio/7.0/toolchain/avr8/avr8-gnu-toolchain/bin/../lib/gcc/avr/5.4.0/avrxmega7\libgcc.a(_negsi2.o)
 .text.libgcc.div
                0x000061dc       0x10 c:/program files (x86)/atmel/studio/7.0/toolchain/avr8/avr8-gnu-toolchain/bin/../lib/gcc/avr/5.4.0/avrxmega7\libgcc.a(_negsi2.o)
                0x000061dc                __negsi2
 .text.libgcc   0x000061ec        0x0 c:/program files (x86)/atmel/studio/7.0/toolchain/avr8/avr8-gnu-toolchain/bin/../lib/gcc/avr/5.4.0/avrxmega7\libgcc.a(_negsi2.o)
 .text.libgcc.prologue
                0x000061ec        0x0 c:/program files (x86)/atmel/studio/7.0/toolchain/avr8/avr8-gnu-toolchain/bin/../lib/gcc/avr/5.4.0/avrxmega7\libgcc.a(_negsi2.o)
 .text.libgcc.builtins
                0x000061ec        0x0 c:/program files (x86)/atmel/studio/7.0/toolchain/avr8/avr8-gnu-toolchain/bin/../lib/gcc/avr/5.4.0/avrxmega7\libgcc.a(_negsi2.o)
 .text.libgcc.fmul
                0x000061ec        0x0 c:/program files (x86)/atmel/studio/7.0/toolchain/avr8/avr8-gnu-toolchain/bin/../lib/gcc/avr/5.4.0/avrxmega7\libgcc.a(_negsi2.o)
 .text.libgcc.fixed
                0x000061ec        0x0 c:/program files (x86)/atmel/studio/7.0/toolchain/avr8/avr8-gnu-toolchain/bin/../lib/gcc/avr/5.4.0/avrxmega7\libgcc.a(_negsi2.o)
 .text.libgcc.mul
                0x000061ec        0x0 c:/program files (x86)/atmel/studio/7.0/toolchain/avr8/avr8-gnu-toolchain/bin/../lib/gcc/avr/5.4.0/avrxmega7\libgcc.a(_exit.o)
 .text.libgcc.div
                0x000061ec        0x0 c:/program files (x86)/atmel/studio/7.0/toolchain/avr8/avr8-gnu-toolchain/bin/../lib/gcc/avr/5.4.0/avrxmega7\libgcc.a(_exit.o)
 .text.libgcc   0x000061ec        0x0 c:/program files (x86)/atmel/studio/7.0/toolchain/avr8/avr8-gnu-toolchain/bin/../lib/gcc/avr/5.4.0/avrxmega7\libgcc.a(_exit.o)
 .text.libgcc.prologue
                0x000061ec        0x0 c:/program files (x86)/atmel/studio/7.0/toolchain/avr8/avr8-gnu-toolchain/bin/../lib/gcc/avr/5.4.0/avrxmega7\libgcc.a(_exit.o)
 .text.libgcc.builtins
                0x000061ec        0x0 c:/program files (x86)/atmel/studio/7.0/toolchain/avr8/avr8-gnu-toolchain/bin/../lib/gcc/avr/5.4.0/avrxmega7\libgcc.a(_exit.o)
 .text.libgcc.fmul
                0x000061ec        0x0 c:/program files (x86)/atmel/studio/7.0/toolchain/avr8/avr8-gnu-toolchain/bin/../lib/gcc/avr/5.4.0/avrxmega7\libgcc.a(_exit.o)
 .text.libgcc.fixed
                0x000061ec        0x0 c:/program files (x86)/atmel/studio/7.0/toolchain/avr8/avr8-gnu-toolchain/bin/../lib/gcc/avr/5.4.0/avrxmega7\libgcc.a(_exit.o)
 .text.libgcc.mul
                0x000061ec        0x0 c:/program files (x86)/atmel/studio/7.0/toolchain/avr8/avr8-gnu-toolchain/bin/../lib/gcc/avr/5.4.0/avrxmega7\libgcc.a(_tablejump2.o)
 .text.libgcc.div
                0x000061ec        0x0 c:/program files (x86)/atmel/studio/7.0/toolchain/avr8/avr8-gnu-toolchain/bin/../lib/gcc/avr/5.4.0/avrxmega7\libgcc.a(_tablejump2.o)
 .text.libgcc   0x000061ec       0x12 c:/program files (x86)/atmel/studio/7.0/toolchain/avr8/avr8-gnu-toolchain/bin/../lib/gcc/avr/5.4.0/avrxmega7\libgcc.a(_tablejump2.o)
                0x000061ec                __tablejump2__
 .text.libgcc.prologue
                0x000061fe        0x0 c:/program files (x86)/atmel/studio/7.0/toolchain/avr8/avr8-gnu-toolchain/bin/../lib/gcc/avr/5.4.0/avrxmega7\libgcc.a(_tablejump2.o)
 .text.libgcc.builtins
                0x000061fe        0x0 c:/program files (x86)/atmel/studio/7.0/toolchain/avr8/avr8-gnu-toolchain/bin/../lib/gcc/avr/5.4.0/avrxmega7\libgcc.a(_tablejump2.o)
 .text.libgcc.fmul
                0x000061fe        0x0 c:/program files (x86)/atmel/studio/7.0/toolchain/avr8/avr8-gnu-toolchain/bin/../lib/gcc/avr/5.4.0/avrxmega7\libgcc.a(_tablejump2.o)
 .text.libgcc.fixed
                0x000061fe        0x0 c:/program files (x86)/atmel/studio/7.0/toolchain/avr8/avr8-gnu-toolchain/bin/../lib/gcc/avr/5.4.0/avrxmega7\libgcc.a(_tablejump2.o)
 .text.libgcc.mul
                0x000061fe        0x0 c:/program files (x86)/atmel/studio/7.0/toolchain/avr8/avr8-gnu-toolchain/bin/../lib/gcc/avr/5.4.0/avrxmega7\libgcc.a(_copy_data.o)
 .text.libgcc.div
                0x000061fe        0x0 c:/program files (x86)/atmel/studio/7.0/toolchain/avr8/avr8-gnu-toolchain/bin/../lib/gcc/avr/5.4.0/avrxmega7\libgcc.a(_copy_data.o)
 .text.libgcc   0x000061fe        0x0 c:/program files (x86)/atmel/studio/7.0/toolchain/avr8/avr8-gnu-toolchain/bin/../lib/gcc/avr/5.4.0/avrxmega7\libgcc.a(_copy_data.o)
 .text.libgcc.prologue
                0x000061fe        0x0 c:/program files (x86)/atmel/studio/7.0/toolchain/avr8/avr8-gnu-toolchain/bin/../lib/gcc/avr/5.4.0/avrxmega7\libgcc.a(_copy_data.o)
 .text.libgcc.builtins
                0x000061fe        0x0 c:/program files (x86)/atmel/studio/7.0/toolchain/avr8/avr8-gnu-toolchain/bin/../lib/gcc/avr/5.4.0/avrxmega7\libgcc.a(_copy_data.o)
 .text.libgcc.fmul
                0x000061fe        0x0 c:/program files (x86)/atmel/studio/7.0/toolchain/avr8/avr8-gnu-toolchain/bin/../lib/gcc/avr/5.4.0/avrxmega7\libgcc.a(_copy_data.o)
 .text.libgcc.fixed
                0x000061fe        0x0 c:/program files (x86)/atmel/studio/7.0/toolchain/avr8/avr8-gnu-toolchain/bin/../lib/gcc/avr/5.4.0/avrxmega7\libgcc.a(_copy_data.o)
 .text.libgcc.mul
                0x000061fe        0x0 c:/program files (x86)/atmel/studio/7.0/toolchain/avr8/avr8-gnu-toolchain/bin/../lib/gcc/avr/5.4.0/avrxmega7\libgcc.a(_clear_bss.o)
 .text.libgcc.div
                0x000061fe        0x0 c:/program files (x86)/atmel/studio/7.0/toolchain/avr8/avr8-gnu-toolchain/bin/../lib/gcc/avr/5.4.0/avrxmega7\libgcc.a(_clear_bss.o)
 .text.libgcc   0x000061fe        0x0 c:/program files (x86)/atmel/studio/7.0/toolchain/avr8/avr8-gnu-toolchain/bin/../lib/gcc/avr/5.4.0/avrxmega7\libgcc.a(_clear_bss.o)
 .text.libgcc.prologue
                0x000061fe        0x0 c:/program files (x86)/atmel/studio/7.0/toolchain/avr8/avr8-gnu-toolchain/bin/../lib/gcc/avr/5.4.0/avrxmega7\libgcc.a(_clear_bss.o)
 .text.libgcc.builtins
                0x000061fe        0x0 c:/program files (x86)/atmel/studio/7.0/toolchain/avr8/avr8-gnu-toolchain/bin/../lib/gcc/avr/5.4.0/avrxmega7\libgcc.a(_clear_bss.o)
 .text.libgcc.fmul
                0x000061fe        0x0 c:/program files (x86)/atmel/studio/7.0/toolchain/avr8/avr8-gnu-toolchain/bin/../lib/gcc/avr/5.4.0/avrxmega7\libgcc.a(_clear_bss.o)
 .text.libgcc.fixed
                0x000061fe        0x0 c:/program files (x86)/atmel/studio/7.0/toolchain/avr8/avr8-gnu-toolchain/bin/../lib/gcc/avr/5.4.0/avrxmega7\libgcc.a(_clear_bss.o)
 .text.libgcc.mul
                0x000061fe       0x10 c:/program files (x86)/atmel/studio/7.0/toolchain/avr8/avr8-gnu-toolchain/bin/../lib/gcc/avr/5.4.0/avrxmega7\libgcc.a(_mulhisi3.o)
                0x000061fe                __mulhisi3
 .text.libgcc.div
                0x0000620e        0x0 c:/program files (x86)/atmel/studio/7.0/toolchain/avr8/avr8-gnu-toolchain/bin/../lib/gcc/avr/5.4.0/avrxmega7\libgcc.a(_mulhisi3.o)
 .text.libgcc   0x0000620e        0x0 c:/program files (x86)/atmel/studio/7.0/toolchain/avr8/avr8-gnu-toolchain/bin/../lib/gcc/avr/5.4.0/avrxmega7\libgcc.a(_mulhisi3.o)
 .text.libgcc.prologue
                0x0000620e        0x0 c:/program files (x86)/atmel/studio/7.0/toolchain/avr8/avr8-gnu-toolchain/bin/../lib/gcc/avr/5.4.0/avrxmega7\libgcc.a(_mulhisi3.o)
 .text.libgcc.builtins
                0x0000620e        0x0 c:/program files (x86)/atmel/studio/7.0/toolchain/avr8/avr8-gnu-toolchain/bin/../lib/gcc/avr/5.4.0/avrxmega7\libgcc.a(_mulhisi3.o)
 .text.libgcc.fmul
                0x0000620e        0x0 c:/program files (x86)/atmel/studio/7.0/toolchain/avr8/avr8-gnu-toolchain/bin/../lib/gcc/avr/5.4.0/avrxmega7\libgcc.a(_mulhisi3.o)
 .text.libgcc.fixed
                0x0000620e        0x0 c:/program files (x86)/atmel/studio/7.0/toolchain/avr8/avr8-gnu-toolchain/bin/../lib/gcc/avr/5.4.0/avrxmega7\libgcc.a(_mulhisi3.o)
 .text.libgcc.mul
                0x0000620e       0x1e c:/program files (x86)/atmel/studio/7.0/toolchain/avr8/avr8-gnu-toolchain/bin/../lib/gcc/avr/5.4.0/avrxmega7\libgcc.a(_umulhisi3.o)
                0x0000620e                __umulhisi3
 .text.libgcc.div
                0x0000622c        0x0 c:/program files (x86)/atmel/studio/7.0/toolchain/avr8/avr8-gnu-toolchain/bin/../lib/gcc/avr/5.4.0/avrxmega7\libgcc.a(_umulhisi3.o)
 .text.libgcc   0x0000622c        0x0 c:/program files (x86)/atmel/studio/7.0/toolchain/avr8/avr8-gnu-toolchain/bin/../lib/gcc/avr/5.4.0/avrxmega7\libgcc.a(_umulhisi3.o)
 .text.libgcc.prologue
                0x0000622c        0x0 c:/program files (x86)/atmel/studio/7.0/toolchain/avr8/avr8-gnu-toolchain/bin/../lib/gcc/avr/5.4.0/avrxmega7\libgcc.a(_umulhisi3.o)
 .text.libgcc.builtins
                0x0000622c        0x0 c:/program files (x86)/atmel/studio/7.0/toolchain/avr8/avr8-gnu-toolchain/bin/../lib/gcc/avr/5.4.0/avrxmega7\libgcc.a(_umulhisi3.o)
 .text.libgcc.fmul
                0x0000622c        0x0 c:/program files (x86)/atmel/studio/7.0/toolchain/avr8/avr8-gnu-toolchain/bin/../lib/gcc/avr/5.4.0/avrxmega7\libgcc.a(_umulhisi3.o)
 .text.libgcc.fixed
                0x0000622c        0x0 c:/program files (x86)/atmel/studio/7.0/toolchain/avr8/avr8-gnu-toolchain/bin/../lib/gcc/avr/5.4.0/avrxmega7\libgcc.a(_umulhisi3.o)
 .text.libgcc.mul
                0x0000622c        0xe c:/program files (x86)/atmel/studio/7.0/toolchain/avr8/avr8-gnu-toolchain/bin/../lib/gcc/avr/5.4.0/avrxmega7\libgcc.a(_usmulhisi3.o)
                0x0000622c                __usmulhisi3
                0x00006230                __usmulhisi3_tail
 .text.libgcc.div
                0x0000623a        0x0 c:/program files (x86)/atmel/studio/7.0/toolchain/avr8/avr8-gnu-toolchain/bin/../lib/gcc/avr/5.4.0/avrxmega7\libgcc.a(_usmulhisi3.o)
 .text.libgcc   0x0000623a        0x0 c:/program files (x86)/atmel/studio/7.0/toolchain/avr8/avr8-gnu-toolchain/bin/../lib/gcc/avr/5.4.0/avrxmega7\libgcc.a(_usmulhisi3.o)
 .text.libgcc.prologue
                0x0000623a        0x0 c:/program files (x86)/atmel/studio/7.0/toolchain/avr8/avr8-gnu-toolchain/bin/../lib/gcc/avr/5.4.0/avrxmega7\libgcc.a(_usmulhisi3.o)
 .text.libgcc.builtins
                0x0000623a        0x0 c:/program files (x86)/atmel/studio/7.0/toolchain/avr8/avr8-gnu-toolchain/bin/../lib/gcc/avr/5.4.0/avrxmega7\libgcc.a(_usmulhisi3.o)
 .text.libgcc.fmul
                0x0000623a        0x0 c:/program files (x86)/atmel/studio/7.0/toolchain/avr8/avr8-gnu-toolchain/bin/../lib/gcc/avr/5.4.0/avrxmega7\libgcc.a(_usmulhisi3.o)
 .text.libgcc.fixed
                0x0000623a        0x0 c:/program files (x86)/atmel/studio/7.0/toolchain/avr8/avr8-gnu-toolchain/bin/../lib/gcc/avr/5.4.0/avrxmega7\libgcc.a(_usmulhisi3.o)
 .text.libgcc.mul
                0x0000623a       0x16 c:/program files (x86)/atmel/studio/7.0/toolchain/avr8/avr8-gnu-toolchain/bin/../lib/gcc/avr/5.4.0/avrxmega7\libgcc.a(_muluhisi3.o)
                0x0000623a                __muluhisi3
 .text.libgcc.div
                0x00006250        0x0 c:/program files (x86)/atmel/studio/7.0/toolchain/avr8/avr8-gnu-toolchain/bin/../lib/gcc/avr/5.4.0/avrxmega7\libgcc.a(_muluhisi3.o)
 .text.libgcc   0x00006250        0x0 c:/program files (x86)/atmel/studio/7.0/toolchain/avr8/avr8-gnu-toolchain/bin/../lib/gcc/avr/5.4.0/avrxmega7\libgcc.a(_muluhisi3.o)
 .text.libgcc.prologue
                0x00006250        0x0 c:/program files (x86)/atmel/studio/7.0/toolchain/avr8/avr8-gnu-toolchain/bin/../lib/gcc/avr/5.4.0/avrxmega7\libgcc.a(_muluhisi3.o)
 .text.libgcc.builtins
                0x00006250        0x0 c:/program files (x86)/atmel/studio/7.0/toolchain/avr8/avr8-gnu-toolchain/bin/../lib/gcc/avr/5.4.0/avrxmega7\libgcc.a(_muluhisi3.o)
 .text.libgcc.fmul
                0x00006250        0x0 c:/program files (x86)/atmel/studio/7.0/toolchain/avr8/avr8-gnu-toolchain/bin/../lib/gcc/avr/5.4.0/avrxmega7\libgcc.a(_muluhisi3.o)
 .text.libgcc.fixed
                0x00006250        0x0 c:/program files (x86)/atmel/studio/7.0/toolchain/avr8/avr8-gnu-toolchain/bin/../lib/gcc/avr/5.4.0/avrxmega7\libgcc.a(_muluhisi3.o)
 .text.avr-libc
                0x00006250       0x12 c:/program files (x86)/atmel/studio/7.0/toolchain/avr8/avr8-gnu-toolchain/bin/../lib/gcc/avr/5.4.0/../../../../avr/lib/avrxmega7\libc.a(memcpy.o)
                0x00006250                memcpy
                0x00006262                . = ALIGN (0x2)
 *(.fini9)
 .fini9         0x00006262        0x0 c:/program files (x86)/atmel/studio/7.0/toolchain/avr8/avr8-gnu-toolchain/bin/../lib/gcc/avr/5.4.0/avrxmega7\libgcc.a(_exit.o)
                0x00006262                _exit
                0x00006262                exit
 *(.fini9)
 *(.fini8)
 *(.fini8)
 *(.fini7)
 *(.fini7)
 *(.fini6)
 *(.fini6)
 *(.fini5)
 *(.fini5)
 *(.fini4)
 *(.fini4)
 *(.fini3)
 *(.fini3)
 *(.fini2)
 *(.fini2)
 *(.fini1)
 *(.fini1)
 *(.fini0)
 .fini0         0x00006262        0x4 c:/program files (x86)/atmel/studio/7.0/toolchain/avr8/avr8-gnu-toolchain/bin/../lib/gcc/avr/5.4.0/avrxmega7\libgcc.a(_exit.o)
 *(.fini0)
                0x00006266                _etext = .

.data           0x00802000      0x3ae load address 0x00006266
                0x00802000                PROVIDE (__data_start, .)
 *(.data)
 .data          0x00802000        0x0 C:/Program Files (x86)/Atmel/Studio/7.0/Packs/Atmel/XMEGAA_DFP/1.1.68/gcc/dev/atxmega128a1u/avrxmega7/crtatxmega128a1u.o
 .data          0x00802000        0x0 Blockly_Funtions.o
 .data          0x00802000        0x0 Bootloader/Convert.o
 .data          0x00802000        0x0 Bootloader/Programming.o
 .data          0x00802000        0x0 Bootloader/sp_driver.o
 .data          0x00802000        0x0 Communication/SPI.o
 .data          0x00802000        0x0 Communication/TWI.o
 .data          0x00802000        0x0 Communication/UART.o
 .data          0x00802000        0x0 Communication/USB_Functions.o
 .data          0x00802000        0x0 FactoryControl/Elevator.o
 .data          0x00802000        0x0 FactoryControl/IO_mappings.o
 .data          0x00802000        0x0 FactoryControl/Kleursensor.o
 .data          0x00802000        0x0 FactoryControl/pulseIn.o
 .data          0x00802000        0x0 FactoryControl/SorterArm.o
 .data          0x00802000        0x0 FactoryControl/Stepperdriver.o
 .data          0x00802000        0x0 main.o
 .data          0x00802000        0x0 src/ASF/common/services/usb/class/cdc/device/udi_cdc.o
 .data          0x00802000        0x0 src/ASF/common/services/usb/udc/udc.o
 .data          0x00802000        0x0 src/ASF/xmega/drivers/usb/usb_device.o
 .data          0x00802000        0x0 src/ASF/common/services/usb/class/cdc/device/udi_cdc_desc.o
 .data          0x00802000        0x0 src/ASF/common/services/sleepmgr/xmega/sleepmgr.o
 .data          0x00802000        0x0 src/ASF/common/services/clock/xmega/sysclk.o
 .data          0x00802000        0x0 src/ASF/xmega/drivers/nvm/nvm.o
 .data          0x00802000        0x0 src/ASF/xmega/drivers/nvm/nvm_asm.o
 .data          0x00802000        0x0 src/ASF/xmega/drivers/cpu/ccp.o
 .data          0x00802000        0x0 src/ASF/common/boards/user_board/init.o
 .data          0x00802000        0x0 src/main.o
 .data          0x00802000        0x0 c:/program files (x86)/atmel/studio/7.0/toolchain/avr8/avr8-gnu-toolchain/bin/../lib/gcc/avr/5.4.0/avrxmega7\libgcc.a(_mulsi3.o)
 .data          0x00802000        0x0 c:/program files (x86)/atmel/studio/7.0/toolchain/avr8/avr8-gnu-toolchain/bin/../lib/gcc/avr/5.4.0/avrxmega7\libgcc.a(_udivmodhi4.o)
 .data          0x00802000        0x0 c:/program files (x86)/atmel/studio/7.0/toolchain/avr8/avr8-gnu-toolchain/bin/../lib/gcc/avr/5.4.0/avrxmega7\libgcc.a(_divmodhi4.o)
 .data          0x00802000        0x0 c:/program files (x86)/atmel/studio/7.0/toolchain/avr8/avr8-gnu-toolchain/bin/../lib/gcc/avr/5.4.0/avrxmega7\libgcc.a(_udivmodsi4.o)
 .data          0x00802000        0x0 c:/program files (x86)/atmel/studio/7.0/toolchain/avr8/avr8-gnu-toolchain/bin/../lib/gcc/avr/5.4.0/avrxmega7\libgcc.a(_divmodsi4.o)
 .data          0x00802000        0x0 c:/program files (x86)/atmel/studio/7.0/toolchain/avr8/avr8-gnu-toolchain/bin/../lib/gcc/avr/5.4.0/avrxmega7\libgcc.a(_negsi2.o)
 .data          0x00802000        0x0 c:/program files (x86)/atmel/studio/7.0/toolchain/avr8/avr8-gnu-toolchain/bin/../lib/gcc/avr/5.4.0/avrxmega7\libgcc.a(_exit.o)
 .data          0x00802000        0x0 c:/program files (x86)/atmel/studio/7.0/toolchain/avr8/avr8-gnu-toolchain/bin/../lib/gcc/avr/5.4.0/avrxmega7\libgcc.a(_tablejump2.o)
 .data          0x00802000        0x0 c:/program files (x86)/atmel/studio/7.0/toolchain/avr8/avr8-gnu-toolchain/bin/../lib/gcc/avr/5.4.0/avrxmega7\libgcc.a(_copy_data.o)
 .data          0x00802000        0x0 c:/program files (x86)/atmel/studio/7.0/toolchain/avr8/avr8-gnu-toolchain/bin/../lib/gcc/avr/5.4.0/avrxmega7\libgcc.a(_clear_bss.o)
 .data          0x00802000        0x0 c:/program files (x86)/atmel/studio/7.0/toolchain/avr8/avr8-gnu-toolchain/bin/../lib/gcc/avr/5.4.0/avrxmega7\libgcc.a(_mulhisi3.o)
 .data          0x00802000        0x0 c:/program files (x86)/atmel/studio/7.0/toolchain/avr8/avr8-gnu-toolchain/bin/../lib/gcc/avr/5.4.0/avrxmega7\libgcc.a(_umulhisi3.o)
 .data          0x00802000        0x0 c:/program files (x86)/atmel/studio/7.0/toolchain/avr8/avr8-gnu-toolchain/bin/../lib/gcc/avr/5.4.0/avrxmega7\libgcc.a(_usmulhisi3.o)
 .data          0x00802000        0x0 c:/program files (x86)/atmel/studio/7.0/toolchain/avr8/avr8-gnu-toolchain/bin/../lib/gcc/avr/5.4.0/avrxmega7\libgcc.a(_muluhisi3.o)
 .data          0x00802000        0x0 c:/program files (x86)/atmel/studio/7.0/toolchain/avr8/avr8-gnu-toolchain/bin/../lib/gcc/avr/5.4.0/../../../../avr/lib/avrxmega7\libc.a(memcpy.o)
 *(.data*)
 .data._ZZ12programFlashhjhPhE15previousAddress
                0x00802000        0x2 Bootloader/Programming.o
 .data._ZZ12programFlashhjhPhE9firstByte
                0x00802002        0x1 Bootloader/Programming.o
 .data.colour   0x00802003        0x7 FactoryControl/Kleursensor.o
                0x00802003                colour
 .data.udi_api_cdc_data
                0x0080200a        0xa src/ASF/common/services/usb/class/cdc/device/udi_cdc.o
                0x0080200a                udi_api_cdc_data
 .data.udi_api_cdc_comm
                0x00802014        0xa src/ASF/common/services/usb/class/cdc/device/udi_cdc.o
                0x00802014                udi_api_cdc_comm
 .data.udc_string_desc
                0x0080201e       0x1c src/ASF/common/services/usb/udc/udc.o
 .data.udc_string_product_name
                0x0080203a        0xe src/ASF/common/services/usb/udc/udc.o
 .data.udc_string_manufacturer_name
                0x00802048        0x6 src/ASF/common/services/usb/udc/udc.o
 .data.udc_string_desc_languageid
                0x0080204e        0x4 src/ASF/common/services/usb/udc/udc.o
 .data.udc_config
                0x00802052        0x6 src/ASF/common/services/usb/class/cdc/device/udi_cdc_desc.o
                0x00802052                udc_config
 .data.udc_config_fs
                0x00802058        0x4 src/ASF/common/services/usb/class/cdc/device/udi_cdc_desc.o
                0x00802058                udc_config_fs
 .data.udi_apis
                0x0080205c        0x4 src/ASF/common/services/usb/class/cdc/device/udi_cdc_desc.o
                0x0080205c                udi_apis
 .data.udc_desc_fs
                0x00802060       0x44 src/ASF/common/services/usb/class/cdc/device/udi_cdc_desc.o
                0x00802060                udc_desc_fs
 .data.udc_device_desc
                0x008020a4       0x12 src/ASF/common/services/usb/class/cdc/device/udi_cdc_desc.o
                0x008020a4                udc_device_desc
 .data.sleepmgr_configs
                0x008020b6        0x6 src/ASF/common/services/sleepmgr/xmega/sleepmgr.o
                0x008020b6                sleepmgr_configs
 *(.gnu.linkonce.d*)
 *(.rodata)
 *(.rodata*)
 .rodata.str1.1
                0x008020bc        0x0 Blockly_Funtions.o
                                  0x3 (size before relaxing)
 .rodata.str1.1
                0x008020bc       0xba Bootloader/Programming.o
 .rodata.str1.1
                0x00802176        0x3 Communication/UART.o
 .rodata.str1.1
                0x00802179        0x3 Communication/USB_Functions.o
 .rodata.str1.1
                0x00802179       0x51 FactoryControl/Elevator.o
 .rodata.str1.1
                0x008021ca        0xa FactoryControl/Kleursensor.o
                                  0xc (size before relaxing)
 .rodata.str1.1
                0x008021d4       0x68 FactoryControl/SorterArm.o
 .rodata.str1.1
                0x0080223c      0x16f main.o
 .rodata.str1.1
                0x008023ab        0x2 src/ASF/common/services/usb/udc/udc.o
 *(.gnu.linkonce.r*)
                0x008023ae                . = ALIGN (0x2)
 *fill*         0x008023ad        0x1 
                0x008023ae                _edata = .
                0x008023ae                PROVIDE (__data_end, .)

.bss            0x008023ae      0x2a9
                0x008023ae                PROVIDE (__bss_start, .)
 *(.bss)
 .bss           0x008023ae        0x0 C:/Program Files (x86)/Atmel/Studio/7.0/Packs/Atmel/XMEGAA_DFP/1.1.68/gcc/dev/atxmega128a1u/avrxmega7/crtatxmega128a1u.o
 .bss           0x008023ae        0x0 Blockly_Funtions.o
 .bss           0x008023ae        0x0 Bootloader/Convert.o
 .bss           0x008023ae        0x0 Bootloader/Programming.o
 .bss           0x008023ae        0x0 Bootloader/sp_driver.o
 .bss           0x008023ae        0x0 Communication/SPI.o
 .bss           0x008023ae        0x0 Communication/TWI.o
 .bss           0x008023ae        0x0 Communication/UART.o
 .bss           0x008023ae        0x0 Communication/USB_Functions.o
 .bss           0x008023ae        0x0 FactoryControl/Elevator.o
 .bss           0x008023ae        0x0 FactoryControl/IO_mappings.o
 .bss           0x008023ae        0x0 FactoryControl/Kleursensor.o
 .bss           0x008023ae        0x0 FactoryControl/pulseIn.o
 .bss           0x008023ae        0x0 FactoryControl/SorterArm.o
 .bss           0x008023ae        0x0 FactoryControl/Stepperdriver.o
 .bss           0x008023ae        0x0 main.o
 .bss           0x008023ae        0x0 src/ASF/common/services/usb/class/cdc/device/udi_cdc.o
 .bss           0x008023ae        0x0 src/ASF/common/services/usb/udc/udc.o
 .bss           0x008023ae        0x0 src/ASF/xmega/drivers/usb/usb_device.o
 .bss           0x008023ae        0x0 src/ASF/common/services/usb/class/cdc/device/udi_cdc_desc.o
 .bss           0x008023ae        0x0 src/ASF/common/services/sleepmgr/xmega/sleepmgr.o
 .bss           0x008023ae        0x0 src/ASF/common/services/clock/xmega/sysclk.o
 .bss           0x008023ae        0x0 src/ASF/xmega/drivers/nvm/nvm.o
 .bss           0x008023ae        0x0 src/ASF/xmega/drivers/nvm/nvm_asm.o
 .bss           0x008023ae        0x0 src/ASF/xmega/drivers/cpu/ccp.o
 .bss           0x008023ae        0x0 src/ASF/common/boards/user_board/init.o
 .bss           0x008023ae        0x0 src/main.o
 .bss           0x008023ae        0x0 c:/program files (x86)/atmel/studio/7.0/toolchain/avr8/avr8-gnu-toolchain/bin/../lib/gcc/avr/5.4.0/avrxmega7\libgcc.a(_mulsi3.o)
 .bss           0x008023ae        0x0 c:/program files (x86)/atmel/studio/7.0/toolchain/avr8/avr8-gnu-toolchain/bin/../lib/gcc/avr/5.4.0/avrxmega7\libgcc.a(_udivmodhi4.o)
 .bss           0x008023ae        0x0 c:/program files (x86)/atmel/studio/7.0/toolchain/avr8/avr8-gnu-toolchain/bin/../lib/gcc/avr/5.4.0/avrxmega7\libgcc.a(_divmodhi4.o)
 .bss           0x008023ae        0x0 c:/program files (x86)/atmel/studio/7.0/toolchain/avr8/avr8-gnu-toolchain/bin/../lib/gcc/avr/5.4.0/avrxmega7\libgcc.a(_udivmodsi4.o)
 .bss           0x008023ae        0x0 c:/program files (x86)/atmel/studio/7.0/toolchain/avr8/avr8-gnu-toolchain/bin/../lib/gcc/avr/5.4.0/avrxmega7\libgcc.a(_divmodsi4.o)
 .bss           0x008023ae        0x0 c:/program files (x86)/atmel/studio/7.0/toolchain/avr8/avr8-gnu-toolchain/bin/../lib/gcc/avr/5.4.0/avrxmega7\libgcc.a(_negsi2.o)
 .bss           0x008023ae        0x0 c:/program files (x86)/atmel/studio/7.0/toolchain/avr8/avr8-gnu-toolchain/bin/../lib/gcc/avr/5.4.0/avrxmega7\libgcc.a(_exit.o)
 .bss           0x008023ae        0x0 c:/program files (x86)/atmel/studio/7.0/toolchain/avr8/avr8-gnu-toolchain/bin/../lib/gcc/avr/5.4.0/avrxmega7\libgcc.a(_tablejump2.o)
 .bss           0x008023ae        0x0 c:/program files (x86)/atmel/studio/7.0/toolchain/avr8/avr8-gnu-toolchain/bin/../lib/gcc/avr/5.4.0/avrxmega7\libgcc.a(_copy_data.o)
 .bss           0x008023ae        0x0 c:/program files (x86)/atmel/studio/7.0/toolchain/avr8/avr8-gnu-toolchain/bin/../lib/gcc/avr/5.4.0/avrxmega7\libgcc.a(_clear_bss.o)
 .bss           0x008023ae        0x0 c:/program files (x86)/atmel/studio/7.0/toolchain/avr8/avr8-gnu-toolchain/bin/../lib/gcc/avr/5.4.0/avrxmega7\libgcc.a(_mulhisi3.o)
 .bss           0x008023ae        0x0 c:/program files (x86)/atmel/studio/7.0/toolchain/avr8/avr8-gnu-toolchain/bin/../lib/gcc/avr/5.4.0/avrxmega7\libgcc.a(_umulhisi3.o)
 .bss           0x008023ae        0x0 c:/program files (x86)/atmel/studio/7.0/toolchain/avr8/avr8-gnu-toolchain/bin/../lib/gcc/avr/5.4.0/avrxmega7\libgcc.a(_usmulhisi3.o)
 .bss           0x008023ae        0x0 c:/program files (x86)/atmel/studio/7.0/toolchain/avr8/avr8-gnu-toolchain/bin/../lib/gcc/avr/5.4.0/avrxmega7\libgcc.a(_muluhisi3.o)
 .bss           0x008023ae        0x0 c:/program files (x86)/atmel/studio/7.0/toolchain/avr8/avr8-gnu-toolchain/bin/../lib/gcc/avr/5.4.0/../../../../avr/lib/avrxmega7\libc.a(memcpy.o)
 *(.bss*)
 .bss._ZZ17TWI_ReceivePacketR10TWI_structPhhE7bResult
                0x008023ae        0x1 Communication/TWI.o
 .bss._ZZ17TWI_ReceivePacketR10TWI_structPhhE1i
                0x008023af        0x2 Communication/TWI.o
 .bss.TWIF_RxCallback
                0x008023b1        0x2 Communication/TWI.o
                0x008023b1                TWIF_RxCallback
 .bss.TWIE_RxCallback
                0x008023b3        0x2 Communication/TWI.o
                0x008023b3                TWIE_RxCallback
 .bss.TWID_RxCallback
                0x008023b5        0x2 Communication/TWI.o
                0x008023b5                TWID_RxCallback
 .bss.TWIC_RxCallback
                0x008023b7        0x2 Communication/TWI.o
                0x008023b7                TWIC_RxCallback
 .bss.TWIF_TxCallback
                0x008023b9        0x2 Communication/TWI.o
                0x008023b9                TWIF_TxCallback
 .bss.TWIE_TxCallback
                0x008023bb        0x2 Communication/TWI.o
                0x008023bb                TWIE_TxCallback
 .bss.TWID_TxCallback
                0x008023bd        0x2 Communication/TWI.o
                0x008023bd                TWID_TxCallback
 .bss.TWIC_TxCallback
                0x008023bf        0x2 Communication/TWI.o
                0x008023bf                TWIC_TxCallback
 .bss.elevatorIsDown
                0x008023c1        0x1 FactoryControl/Elevator.o
                0x008023c1                elevatorIsDown
 .bss.elevatorIsUp
                0x008023c2        0x1 FactoryControl/Elevator.o
                0x008023c2                elevatorIsUp
 .bss.elevatorDirection
                0x008023c3        0x1 FactoryControl/Elevator.o
                0x008023c3                elevatorDirection
 .bss.saIsRight
                0x008023c4        0x1 FactoryControl/SorterArm.o
                0x008023c4                saIsRight
 .bss.saIsLeft  0x008023c5        0x1 FactoryControl/SorterArm.o
                0x008023c5                saIsLeft
 .bss.saDirection
                0x008023c6        0x1 FactoryControl/SorterArm.o
                0x008023c6                saDirection
 .bss.Result    0x008023c7        0x1 main.o
                0x008023c7                Result
 .bss.Started   0x008023c8        0x1 main.o
                0x008023c8                Started
 .bss.sof_zlp_counter.5229
                0x008023c9        0x2 src/ASF/common/services/usb/class/cdc/device/udi_cdc.o
 .bss.udi_cdc_tx_both_buf_to_send
                0x008023cb        0x1 src/ASF/common/services/usb/class/cdc/device/udi_cdc.o
 .bss.udi_cdc_tx_trans_ongoing
                0x008023cc        0x1 src/ASF/common/services/usb/class/cdc/device/udi_cdc.o
 .bss.udi_cdc_tx_sof_num
                0x008023cd        0x2 src/ASF/common/services/usb/class/cdc/device/udi_cdc.o
 .bss.udi_cdc_tx_buf_sel
                0x008023cf        0x1 src/ASF/common/services/usb/class/cdc/device/udi_cdc.o
 .bss.udi_cdc_tx_buf_nb
                0x008023d0        0x4 src/ASF/common/services/usb/class/cdc/device/udi_cdc.o
 .bss.udi_cdc_tx_buf
                0x008023d4       0x80 src/ASF/common/services/usb/class/cdc/device/udi_cdc.o
 .bss.udi_cdc_rx_trans_ongoing
                0x00802454        0x1 src/ASF/common/services/usb/class/cdc/device/udi_cdc.o
 .bss.udi_cdc_rx_pos
                0x00802455        0x2 src/ASF/common/services/usb/class/cdc/device/udi_cdc.o
 .bss.udi_cdc_rx_buf_sel
                0x00802457        0x1 src/ASF/common/services/usb/class/cdc/device/udi_cdc.o
 .bss.udi_cdc_rx_buf_nb
                0x00802458        0x4 src/ASF/common/services/usb/class/cdc/device/udi_cdc.o
 .bss.udi_cdc_rx_buf
                0x0080245c       0x80 src/ASF/common/services/usb/class/cdc/device/udi_cdc.o