Archive member included to satisfy reference by file (symbol)

c:/program files (x86)/atmel/studio/7.0/toolchain/avr8/avr8-gnu-toolchain/bin/../lib/gcc/avr/5.4.0/avrxmega7\libgcc.a(_mulsi3.o)
                              FactoryControl/Kleursensor.o (__mulsi3)
c:/program files (x86)/atmel/studio/7.0/toolchain/avr8/avr8-gnu-toolchain/bin/../lib/gcc/avr/5.4.0/avrxmega7\libgcc.a(_udivmodhi4.o)
                              src/ASF/xmega/drivers/usb/usb_device.o (__udivmodhi4)
c:/program files (x86)/atmel/studio/7.0/toolchain/avr8/avr8-gnu-toolchain/bin/../lib/gcc/avr/5.4.0/avrxmega7\libgcc.a(_divmodhi4.o)
                              Blockly_Funtions.o (__divmodhi4)
c:/program files (x86)/atmel/studio/7.0/toolchain/avr8/avr8-gnu-toolchain/bin/../lib/gcc/avr/5.4.0/avrxmega7\libgcc.a(_udivmodsi4.o)
                              Communication/UART.o (__udivmodsi4)
c:/program files (x86)/atmel/studio/7.0/toolchain/avr8/avr8-gnu-toolchain/bin/../lib/gcc/avr/5.4.0/avrxmega7\libgcc.a(_divmodsi4.o)
                              FactoryControl/Kleursensor.o (__divmodsi4)
c:/program files (x86)/atmel/studio/7.0/toolchain/avr8/avr8-gnu-toolchain/bin/../lib/gcc/avr/5.4.0/avrxmega7\libgcc.a(_negsi2.o)
                              c:/program files (x86)/atmel/studio/7.0/toolchain/avr8/avr8-gnu-toolchain/bin/../lib/gcc/avr/5.4.0/avrxmega7\libgcc.a(_divmodsi4.o) (__negsi2)
c:/program files (x86)/atmel/studio/7.0/toolchain/avr8/avr8-gnu-toolchain/bin/../lib/gcc/avr/5.4.0/avrxmega7\libgcc.a(_exit.o)
                              C:/Program Files (x86)/Atmel/Studio/7.0/Packs/Atmel/XMEGAA_DFP/1.1.68/gcc/dev/atxmega128a1u/avrxmega7/crtatxmega128a1u.o (exit)
c:/program files (x86)/atmel/studio/7.0/toolchain/avr8/avr8-gnu-toolchain/bin/../lib/gcc/avr/5.4.0/avrxmega7\libgcc.a(_tablejump2.o)
                              main.o (__tablejump2__)
c:/program files (x86)/atmel/studio/7.0/toolchain/avr8/avr8-gnu-toolchain/bin/../lib/gcc/avr/5.4.0/avrxmega7\libgcc.a(_copy_data.o)
                              Blockly_Funtions.o (__do_copy_data)
c:/program files (x86)/atmel/studio/7.0/toolchain/avr8/avr8-gnu-toolchain/bin/../lib/gcc/avr/5.4.0/avrxmega7\libgcc.a(_clear_bss.o)
                              Communication/TWI.o (__do_clear_bss)
c:/program files (x86)/atmel/studio/7.0/toolchain/avr8/avr8-gnu-toolchain/bin/../lib/gcc/avr/5.4.0/avrxmega7\libgcc.a(_mulhisi3.o)
                              Blockly_Funtions.o (__mulhisi3)
c:/program files (x86)/atmel/studio/7.0/toolchain/avr8/avr8-gnu-toolchain/bin/../lib/gcc/avr/5.4.0/avrxmega7\libgcc.a(_umulhisi3.o)
                              c:/program files (x86)/atmel/studio/7.0/toolchain/avr8/avr8-gnu-toolchain/bin/../lib/gcc/avr/5.4.0/avrxmega7\libgcc.a(_mulhisi3.o) (__umulhisi3)
c:/program files (x86)/atmel/studio/7.0/toolchain/avr8/avr8-gnu-toolchain/bin/../lib/gcc/avr/5.4.0/avrxmega7\libgcc.a(_usmulhisi3.o)
                              c:/program files (x86)/atmel/studio/7.0/toolchain/avr8/avr8-gnu-toolchain/bin/../lib/gcc/avr/5.4.0/avrxmega7\libgcc.a(_mulhisi3.o) (__usmulhisi3_tail)
c:/program files (x86)/atmel/studio/7.0/toolchain/avr8/avr8-gnu-toolchain/bin/../lib/gcc/avr/5.4.0/avrxmega7\libgcc.a(_muluhisi3.o)
                              c:/program files (x86)/atmel/studio/7.0/toolchain/avr8/avr8-gnu-toolchain/bin/../lib/gcc/avr/5.4.0/avrxmega7\libgcc.a(_mulsi3.o) (__muluhisi3)
c:/program files (x86)/atmel/studio/7.0/toolchain/avr8/avr8-gnu-toolchain/bin/../lib/gcc/avr/5.4.0/avrxmega7\libgcc.a(_mulshisi3.o)
                              FactoryControl/Kleursensor.o (__mulohisi3)
c:/program files (x86)/atmel/studio/7.0/toolchain/avr8/avr8-gnu-toolchain/bin/../lib/gcc/avr/5.4.0/../../../../avr/lib/avrxmega7\libc.a(memcpy.o)
                              src/ASF/common/services/usb/class/cdc/device/udi_cdc.o (memcpy)

Allocating common symbols
Common symbol       size              file

udd_g_ctrlreq       0x10              src/ASF/xmega/drivers/usb/usb_device.o
sleepmgr_locks      0x6               src/ASF/common/services/sleepmgr/xmega/sleepmgr.o

Discarded input sections

 .group         0x00000000        0x8 src/ASF/common/services/usb/class/cdc/device/udi_cdc.o
 .group         0x00000000        0x8 src/ASF/common/services/usb/class/cdc/device/udi_cdc.o
 .group         0x00000000        0x8 src/ASF/common/services/usb/class/cdc/device/udi_cdc.o
 .group         0x00000000        0x8 src/ASF/common/services/usb/class/cdc/device/udi_cdc.o
 .group         0x00000000        0x8 src/ASF/common/services/usb/class/cdc/device/udi_cdc.o
 .group         0x00000000        0x8 src/ASF/common/services/usb/class/cdc/device/udi_cdc.o
 .group         0x00000000        0x8 src/ASF/common/services/usb/class/cdc/device/udi_cdc.o
 .group         0x00000000        0x8 src/ASF/common/services/usb/class/cdc/device/udi_cdc.o
 .group         0x00000000        0x8 src/ASF/common/services/usb/class/cdc/device/udi_cdc.o
[...]
Memory Configuration

Name             Origin             Length             Attributes
text             0x00000000         0x00100000         xr
data             0x00802000         0x0000ffa0         rw !x
eeprom           0x00810000         0x00010000         rw !x
fuse             0x00820000         0x00000006         rw !x
lock             0x00830000         0x00000400         rw !x
signature        0x00840000         0x00000400         rw !x
user_signatures  0x00850000         0x00000400         rw !x
*default*        0x00000000         0xffffffff

Linker script and memory map

LOAD C:/Program Files (x86)/Atmel/Studio/7.0/Packs/Atmel/XMEGAA_DFP/1.1.68/gcc/dev/atxmega128a1u/avrxmega7/crtatxmega128a1u.o
LOAD Blockly_Funtions.o
LOAD Bootloader/Convert.o
LOAD Bootloader/Programming.o
LOAD Bootloader/sp_driver.o
LOAD Communication/SPI.o
LOAD Communication/TWI.o
LOAD Communication/UART.o
LOAD Communication/USB_Functions.o
LOAD FactoryControl/Elevator.o
LOAD FactoryControl/IO_mappings.o
LOAD FactoryControl/Kleursensor.o
LOAD FactoryControl/pulseIn.o
LOAD FactoryControl/SorterArm.o
LOAD FactoryControl/Stepperdriver.o
LOAD main.o
LOAD src/ASF/common/services/usb/class/cdc/device/udi_cdc.o
LOAD src/ASF/common/services/usb/udc/udc.o
LOAD src/ASF/xmega/drivers/usb/usb_device.o
LOAD src/ASF/common/services/usb/class/cdc/device/udi_cdc_desc.o
LOAD src/ASF/common/services/sleepmgr/xmega/sleepmgr.o
LOAD src/ASF/common/services/clock/xmega/sysclk.o
LOAD src/ASF/xmega/drivers/nvm/nvm.o
LOAD src/ASF/xmega/drivers/nvm/nvm_asm.o
LOAD src/ASF/xmega/drivers/cpu/ccp.o
LOAD src/ASF/common/boards/user_board/init.o
LOAD src/main.o
START GROUP
LOAD c:/program files (x86)/atmel/studio/7.0/toolchain/avr8/avr8-gnu-toolchain/bin/../lib/gcc/avr/5.4.0/../../../../avr/lib/avrxmega7\libm.a
END GROUP
Address of section .BOOT set to 0x20000
Address of section .jmp_table set to 0x7e00
Address of section .application set to 0x8000
LOAD c:/program files (x86)/atmel/studio/7.0/toolchain/avr8/avr8-gnu-toolchain/bin/../lib/gcc/avr/5.4.0/avrxmega7\libgcc.a
LOAD c:/program files (x86)/atmel/studio/7.0/toolchain/avr8/avr8-gnu-toolchain/bin/../lib/gcc/avr/5.4.0/../../../../avr/lib/avrxmega7\libm.a
START GROUP
LOAD c:/program files (x86)/atmel/studio/7.0/toolchain/avr8/avr8-gnu-toolchain/bin/../lib/gcc/avr/5.4.0/avrxmega7\libgcc.a
LOAD c:/program files (x86)/atmel/studio/7.0/toolchain/avr8/avr8-gnu-toolchain/bin/../lib/gcc/avr/5.4.0/../../../../avr/lib/avrxmega7\libm.a
LOAD c:/program files (x86)/atmel/studio/7.0/toolchain/avr8/avr8-gnu-toolchain/bin/../lib/gcc/avr/5.4.0/../../../../avr/lib/avrxmega7\libc.a
LOAD C:/Program Files (x86)/Atmel/Studio/7.0/Packs/Atmel/XMEGAA_DFP/1.1.68/gcc/dev/atxmega128a1u/avrxmega7\libatxmega128a1u.a
END GROUP
                0x00000000                __TEXT_REGION_ORIGIN__ = DEFINED (__TEXT_REGION_ORIGIN__)?__TEXT_REGION_ORIGIN__:0x0
                0x00802000                __DATA_REGION_ORIGIN__ = DEFINED (__DATA_REGION_ORIGIN__)?__DATA_REGION_ORIGIN__:0x802000
                0x00100000                __TEXT_REGION_LENGTH__ = DEFINED (__TEXT_REGION_LENGTH__)?__TEXT_REGION_LENGTH__:0x100000
                0x0000ffa0                __DATA_REGION_LENGTH__ = DEFINED (__DATA_REGION_LENGTH__)?__DATA_REGION_LENGTH__:0xffa0
                0x00010000                __EEPROM_REGION_LENGTH__ = DEFINED (__EEPROM_REGION_LENGTH__)?__EEPROM_REGION_LENGTH__:0x10000
                [0x00000006]                __FUSE_REGION_LENGTH__ = DEFINED (__FUSE_REGION_LENGTH__)?__FUSE_REGION_LENGTH__:0x400
                0x00000400                __LOCK_REGION_LENGTH__ = DEFINED (__LOCK_REGION_LENGTH__)?__LOCK_REGION_LENGTH__:0x400
                0x00000400                __SIGNATURE_REGION_LENGTH__ = DEFINED (__SIGNATURE_REGION_LENGTH__)?__SIGNATURE_REGION_LENGTH__:0x400
                0x00000400                __USER_SIGNATURE_REGION_LENGTH__ = DEFINED (__USER_SIGNATURE_REGION_LENGTH__)?__USER_SIGNATURE_REGION_LENGTH__:0x400

.hash
 *(.hash)

.dynsym
 *(.dynsym)

.dynstr
 *(.dynstr)

.gnu.version
 *(.gnu.version)

.gnu.version_d
 *(.gnu.version_d)

.gnu.version_r
 *(.gnu.version_r)

.rel.init
 *(.rel.init)

.rela.init
 *(.rela.init)

.rel.text
 *(.rel.text)
 *(.rel.text.*)
 *(.rel.gnu.linkonce.t*)

.rela.text
 *(.rela.text)
 *(.rela.text.*)
 *(.rela.gnu.linkonce.t*)

.rel.fini
 *(.rel.fini)

.rela.fini
 *(.rela.fini)

.rel.rodata
 *(.rel.rodata)
 *(.rel.rodata.*)
 *(.rel.gnu.linkonce.r*)

.rela.rodata
 *(.rela.rodata)
 *(.rela.rodata.*)
 *(.rela.gnu.linkonce.r*)

.rel.data
 *(.rel.data)
 *(.rel.data.*)
 *(.rel.gnu.linkonce.d*)

.rela.data
 *(.rela.data)
 *(.rela.data.*)
 *(.rela.gnu.linkonce.d*)

.rel.ctors
 *(.rel.ctors)

.rela.ctors
 *(.rela.ctors)

.rel.dtors
 *(.rel.dtors)

.rela.dtors
 *(.rela.dtors)

.rel.got
 *(.rel.got)

.rela.got
 *(.rela.got)

.rel.bss
 *(.rel.bss)

.rela.bss
 *(.rela.bss)

.rel.plt
 *(.rel.plt)

.rela.plt
 *(.rela.plt)

.text           0x00000000     0x5f6a
 *(.vectors)
 .vectors       0x00000000      0x1fc C:/Program Files (x86)/Atmel/Studio/7.0/Packs/Atmel/XMEGAA_DFP/1.1.68/gcc/dev/atxmega128a1u/avrxmega7/crtatxmega128a1u.o
                0x00000000                __vector_default
                0x00000000                __vectors
 *(.vectors)
 *(.progmem.gcc*)
 .progmem.gcc_sw_table._Z12IO_ReadWritebh
                0x000001fc       0x18 main.o
 .progmem.gcc_sw_table._Z15ReadSharpSensorh
                0x00000214      0x188 main.o
 .progmem.gcc_sw_table.udd_ep_get_size
                0x0000039c        0xe src/ASF/xmega/drivers/usb/usb_device.o
                0x000003aa                . = ALIGN (0x2)
                0x000003aa                __trampolines_start = .
 *(.trampolines)
 .trampolines   0x000003aa      0x16c linker stubs
 *(.trampolines*)
                0x00000516                __trampolines_end = .
 *libprintf_flt.a:*(.progmem.data)
 *libc.a:*(.progmem.data)
 *(.progmem*)
                0x00000516                . = ALIGN (0x2)
 *(.jumptables)
 *(.jumptables*)
 *(.lowtext)
 *(.lowtext*)
                0x00000516                __ctors_start = .
 *(.ctors)
                0x00000516                __ctors_end = .
                0x00000516                __dtors_start = .
 *(.dtors)
                0x00000516                __dtors_end = .
 SORT(*)(.ctors)
 SORT(*)(.dtors)
 *(.init0)
 .init0         0x00000516        0x0 C:/Program Files (x86)/Atmel/Studio/7.0/Packs/Atmel/XMEGAA_DFP/1.1.68/gcc/dev/atxmega128a1u/avrxmega7/crtatxmega128a1u.o
                0x00000516                __init
 *(.init0)
 *(.init1)
 *(.init1)
 *(.init2)
 .init2         0x00000516       0x18 C:/Program Files (x86)/Atmel/Studio/7.0/Packs/Atmel/XMEGAA_DFP/1.1.68/gcc/dev/atxmega128a1u/avrxmega7/crtatxmega128a1u.o
 *(.init2)
 *(.init3)
 *(.init3)
 *(.init4)
 .init4         0x0000052e       0x1c c:/program files (x86)/atmel/studio/7.0/toolchain/avr8/avr8-gnu-toolchain/bin/../lib/gcc/avr/5.4.0/avrxmega7\libgcc.a(_copy_data.o)
                0x0000052e                __do_copy_data
 .init4         0x0000054a       0x10 c:/program files (x86)/atmel/studio/7.0/toolchain/avr8/avr8-gnu-toolchain/bin/../lib/gcc/avr/5.4.0/avrxmega7\libgcc.a(_clear_bss.o)
                0x0000054a                __do_clear_bss
 *(.init4)
 *(.init5)
 *(.init5)
 *(.init6)
 *(.init6)
 *(.init7)
 *(.init7)
 *(.init8)
 *(.init8)
 *(.init9)
 .init9         0x0000055a        0x8 C:/Program Files (x86)/Atmel/Studio/7.0/Packs/Atmel/XMEGAA_DFP/1.1.68/gcc/dev/atxmega128a1u/avrxmega7/crtatxmega128a1u.o
 *(.init9)
 *(.text)
 .text          0x00000562        0x4 C:/Program Files (x86)/Atmel/Studio/7.0/Packs/Atmel/XMEGAA_DFP/1.1.68/gcc/dev/atxmega128a1u/avrxmega7/crtatxmega128a1u.o
                0x00000562                __vector_38
                0x00000562                __vector_104
                0x00000562                __vector_22
                0x00000562                __vector_63
                0x00000562                __vector_28
                0x00000562                __vector_67
                0x00000562                __vector_1
                0x00000562                __vector_119
                0x00000562                __vector_32
                0x00000562                __vector_71
                0x00000562                __vector_91
                0x00000562                __vector_34
                0x00000562                __vector_62
                0x00000562                __vector_77
                0x00000562                __vector_102
                0x00000562                __vector_24
                0x00000562                __vector_55
                0x00000562                __vector_69
                0x00000562                __vector_81
                0x00000562                __vector_90
                0x00000562                __vector_46
                0x00000562                __bad_interrupt
                0x00000562                __vector_122
                0x00000562                __vector_72
                0x00000562                __vector_114
                0x00000562                __vector_6
                0x00000562                __vector_110
                0x00000562                __vector_31
                0x00000562                __vector_92
                0x00000562                __vector_35
                0x00000562                __vector_78
                0x00000562                __vector_74
                0x00000562                __vector_117
                0x00000562                __vector_39
                0x00000562                __vector_107
                0x00000562                __vector_3
                0x00000562                __vector_105
                0x00000562                __vector_98
                0x00000562                __vector_23
                0x00000562                __vector_68
                0x00000562                __vector_30
                0x00000562                __vector_73
                0x00000562                __vector_25
                0x00000562                __vector_93
                0x00000562                __vector_61
                0x00000562                __vector_11
                0x00000562                __vector_54
                0x00000562                __vector_99
                0x00000562                __vector_13
                0x00000562                __vector_17
                0x00000562                __vector_19
                0x00000562                __vector_56
                0x00000562                __vector_7
                0x00000562                __vector_49
                0x00000562                __vector_123
                0x00000562                __vector_41
                0x00000562                __vector_86
                0x00000562                __vector_64
                0x00000562                __vector_88
                0x00000562                __vector_109
                0x00000562                __vector_43
                0x00000562                __vector_27
                0x00000562                __vector_5
                0x00000562                __vector_113
                0x00000562                __vector_33
                0x00000562                __vector_76
                0x00000562                __vector_115
                0x00000562                __vector_47
                0x00000562                __vector_52
                0x00000562                __vector_37
                0x00000562                __vector_95
                0x00000562                __vector_103
                0x00000562                __vector_96
                0x00000562                __vector_89
                0x00000562                __vector_108
                0x00000562                __vector_4
                0x00000562                __vector_44
                0x00000562                __vector_82
                0x00000562                __vector_118
                0x00000562                __vector_51
                0x00000562                __vector_9
                0x00000562                __vector_2
                0x00000562                __vector_21
                0x00000562                __vector_15
                0x00000562                __vector_66
                0x00000562                __vector_36
                0x00000562                __vector_79
                0x00000562                __vector_58
                0x00000562                __vector_70
                0x00000562                __vector_83
                0x00000562                __vector_29
                0x00000562                __vector_60
                0x00000562                __vector_121
                0x00000562                __vector_40
                0x00000562                __vector_85
                0x00000562                __vector_94
                0x00000562                __vector_8
                0x00000562                __vector_26
                0x00000562                __vector_48
                0x00000562                __vector_124
                0x00000562                __vector_116
                0x00000562                __vector_112
                0x00000562                __vector_111
                0x00000562                __vector_80
                0x00000562                __vector_14
                0x00000562                __vector_84
                0x00000562                __vector_57
                0x00000562                __vector_53
                0x00000562                __vector_10
                0x00000562                __vector_50
                0x00000562                __vector_16
                0x00000562                __vector_59
                0x00000562                __vector_18
                0x00000562                __vector_97
                0x00000562                __vector_20
                0x00000562                __vector_42
                0x00000562                __vector_87
                0x00000562                __vector_65
                0x00000562                __vector_120
 .text          0x00000566        0x0 Blockly_Funtions.o
 .text          0x00000566        0x0 Bootloader/Convert.o
 .text          0x00000566        0x0 Bootloader/Programming.o
 .text          0x00000566      0x108 Bootloader/sp_driver.o
                0x00000566                SP_ReadByte
                0x00000572                SP_ReadWord
                0x00000580                SP_ReadCalibrationByte
                0x00000584                SP_ReadUserSignatureByte
                0x00000588                SP_ReadFuseByte
                0x0000059e                SP_WriteLockBits
                0x000005a6                SP_ReadLockBits
                0x000005ac                SP_EraseUserSignatureRow
                0x000005b4                SP_WriteUserSignatureRow
                0x000005bc                SP_EraseApplicationSection
                0x000005c4                SP_EraseApplicationPage
                0x000005d0                SP_LoadFlashWord
                0x000005da                SP_WriteApplicationPage
                0x000005e6                SP_EraseWriteApplicationPage
                0x000005f2                SP_EraseFlashBuffer
                0x000005fa                SP_EraseBootPage
                0x00000606                SP_WriteBootPage
                0x00000612                SP_EraseWriteBootPage
                0x0000061e                SP_ApplicationCRC
                0x00000622                SP_BootCRC
                0x00000626                SP_LockSPM
                0x00000634                SP_WaitForSPM
 .text          0x0000066e        0x0 Communication/SPI.o
 .text          0x0000066e        0x0 Communication/TWI.o
 .text          0x0000066e        0x0 Communication/UART.o
 .text          0x0000066e        0x0 Communication/USB_Functions.o
 .text          0x0000066e        0x0 FactoryControl/Elevator.o
 .text          0x0000066e        0x0 FactoryControl/IO_mappings.o
 .text          0x0000066e        0x0 FactoryControl/Kleursensor.o
 .text          0x0000066e        0x0 FactoryControl/pulseIn.o
 .text          0x0000066e        0x0 FactoryControl/SorterArm.o
 .text          0x0000066e        0x0 FactoryControl/Stepperdriver.o
 .text          0x0000066e        0x0 main.o
 .text          0x0000066e        0x0 src/ASF/common/services/usb/class/cdc/device/udi_cdc.o
 .text          0x0000066e        0x0 src/ASF/common/services/usb/udc/udc.o
 .text          0x0000066e        0x0 src/ASF/xmega/drivers/usb/usb_device.o
 .text          0x0000066e        0x0 src/ASF/common/services/usb/class/cdc/device/udi_cdc_desc.o
 .text          0x0000066e        0x0 src/ASF/common/services/sleepmgr/xmega/sleepmgr.o
 .text          0x0000066e        0x0 src/ASF/common/services/clock/xmega/sysclk.o
 .text          0x0000066e        0x0 src/ASF/xmega/drivers/nvm/nvm.o
 .text          0x0000066e        0x0 src/ASF/xmega/drivers/nvm/nvm_asm.o
 .text          0x0000066e        0x0 src/ASF/xmega/drivers/cpu/ccp.o
 .text          0x0000066e        0x0 src/ASF/common/boards/user_board/init.o
 .text          0x0000066e        0x0 src/main.o
 .text          0x0000066e        0x0 c:/program files (x86)/atmel/studio/7.0/toolchain/avr8/avr8-gnu-toolchain/bin/../lib/gcc/avr/5.4.0/avrxmega7\libgcc.a(_mulsi3.o)
 .text          0x0000066e        0x0 c:/program files (x86)/atmel/studio/7.0/toolchain/avr8/avr8-gnu-toolchain/bin/../lib/gcc/avr/5.4.0/avrxmega7\libgcc.a(_udivmodhi4.o)
 .text          0x0000066e        0x0 c:/program files (x86)/atmel/studio/7.0/toolchain/avr8/avr8-gnu-toolchain/bin/../lib/gcc/avr/5.4.0/avrxmega7\libgcc.a(_divmodhi4.o)
 .text          0x0000066e        0x0 c:/program files (x86)/atmel/studio/7.0/toolchain/avr8/avr8-gnu-toolchain/bin/../lib/gcc/avr/5.4.0/avrxmega7\libgcc.a(_udivmodsi4.o)
 .text          0x0000066e        0x0 c:/program files (x86)/atmel/studio/7.0/toolchain/avr8/avr8-gnu-toolchain/bin/../lib/gcc/avr/5.4.0/avrxmega7\libgcc.a(_divmodsi4.o)
 .text          0x0000066e        0x0 c:/program files (x86)/atmel/studio/7.0/toolchain/avr8/avr8-gnu-toolchain/bin/../lib/gcc/avr/5.4.0/avrxmega7\libgcc.a(_negsi2.o)
 .text          0x0000066e        0x0 c:/program files (x86)/atmel/studio/7.0/toolchain/avr8/avr8-gnu-toolchain/bin/../lib/gcc/avr/5.4.0/avrxmega7\libgcc.a(_exit.o)
 .text          0x0000066e        0x0 c:/program files (x86)/atmel/studio/7.0/toolchain/avr8/avr8-gnu-toolchain/bin/../lib/gcc/avr/5.4.0/avrxmega7\libgcc.a(_tablejump2.o)
 .text          0x0000066e        0x0 c:/program files (x86)/atmel/studio/7.0/toolchain/avr8/avr8-gnu-toolchain/bin/../lib/gcc/avr/5.4.0/avrxmega7\libgcc.a(_copy_data.o)
 .text          0x0000066e        0x0 c:/program files (x86)/atmel/studio/7.0/toolchain/avr8/avr8-gnu-toolchain/bin/../lib/gcc/avr/5.4.0/avrxmega7\libgcc.a(_clear_bss.o)
 .text          0x0000066e        0x0 c:/program files (x86)/atmel/studio/7.0/toolchain/avr8/avr8-gnu-toolchain/bin/../lib/gcc/avr/5.4.0/avrxmega7\libgcc.a(_mulhisi3.o)
 .text          0x0000066e        0x0 c:/program files (x86)/atmel/studio/7.0/toolchain/avr8/avr8-gnu-toolchain/bin/../lib/gcc/avr/5.4.0/avrxmega7\libgcc.a(_umulhisi3.o)
 .text          0x0000066e        0x0 c:/program files (x86)/atmel/studio/7.0/toolchain/avr8/avr8-gnu-toolchain/bin/../lib/gcc/avr/5.4.0/avrxmega7\libgcc.a(_usmulhisi3.o)
 .text          0x0000066e        0x0 c:/program files (x86)/atmel/studio/7.0/toolchain/avr8/avr8-gnu-toolchain/bin/../lib/gcc/avr/5.4.0/avrxmega7\libgcc.a(_muluhisi3.o)
 .text          0x0000066e        0x0 c:/program files (x86)/atmel/studio/7.0/toolchain/avr8/avr8-gnu-toolchain/bin/../lib/gcc/avr/5.4.0/avrxmega7\libgcc.a(_mulshisi3.o)
 .text          0x0000066e        0x0 c:/program files (x86)/atmel/studio/7.0/toolchain/avr8/avr8-gnu-toolchain/bin/../lib/gcc/avr/5.4.0/../../../../avr/lib/avrxmega7\libc.a(memcpy.o)
                0x0000066e                . = ALIGN (0x2)
 *(.text.*)
 .text._Z9delay1secv
                0x0000066e       0x14 Blockly_Funtions.o
                0x0000066e                _Z9delay1secv
 .text._Z8delay_msj
                0x00000682       0x20 Blockly_Funtions.o
                0x00000682                _Z8delay_msj
 .text._Z11printNumberj
                0x000006a2       0x18 Blockly_Funtions.o
                0x000006a2                _Z11printNumberj
 .text._Z6invertj
                0x000006ba        0x8 Blockly_Funtions.o
                0x000006ba                _Z6invertj
 .text._Z3addii
                0x000006c2       0x54 Blockly_Funtions.o
                0x000006c2                _Z3addii
 .text._Z8subtractii
                0x00000716       0x56 Blockly_Funtions.o
                0x00000716                _Z8subtractii
 .text._Z8multiplyii
                0x0000076c       0x32 Blockly_Funtions.o
                0x0000076c                _Z8multiplyii
 .text._Z6divideii
                0x0000079e        0x8 Blockly_Funtions.o
                0x0000079e                _Z6divideii
 .text._Z7isEqualii
                0x000007a6        0xe Blockly_Funtions.o
                0x000007a6                _Z7isEqualii
 .text._Z8isBiggerii
                0x000007b4        0xe Blockly_Funtions.o
                0x000007b4                _Z8isBiggerii
 .text._Z9isSmallerii
                0x000007c2        0xe Blockly_Funtions.o
                0x000007c2                _Z9isSmallerii
 .text._Z15isBiggerOrEqualii
                0x000007d0        0xe Blockly_Funtions.o
                0x000007d0                _Z15isBiggerOrEqualii
 .text._Z16isSmallerOrEqualii
                0x000007de        0xe Blockly_Funtions.o
                0x000007de                _Z16isSmallerOrEqualii
 .text._Z8logic_orbb
                0x000007ec        0xc Blockly_Funtions.o
                0x000007ec                _Z8logic_orbb
 .text._Z9logic_andbb
                0x000007f8        0x6 Blockly_Funtions.o
                0x000007f8                _Z9logic_andbb
 .text._Z9logic_xorbb
                0x000007fe        0x4 Blockly_Funtions.o
                0x000007fe                _Z9logic_xorbb
 .text._Z11hexToNibblec
                0x00000802       0x28 Bootloader/Convert.o
                0x00000802                _Z11hexToNibblec
 .text._Z9hexToBytecc
                0x0000082a       0x22 Bootloader/Convert.o
                0x0000082a                _Z9hexToBytecc
 .text._Z11resetDevicev
                0x0000084c        0xe Bootloader/Programming.o
                0x0000084c                _Z11resetDevicev
 .text._Z12programFlashhjhPh
                0x0000085a      0x130 Bootloader/Programming.o
                0x0000085a                _Z12programFlashhjhPh
 .text._Z14programHexLinePc
                0x0000098a      0x12a Bootloader/Programming.o
                0x0000098a                _Z14programHexLinePc
 .text._Z17receiveHexFileUSBv
                0x00000ab4       0x54 Bootloader/Programming.o
                0x00000ab4                _Z17receiveHexFileUSBv
 .text._Z10getUsbBootv
                0x00000b08       0x72 Bootloader/Programming.o
                0x00000b08                _Z10getUsbBootv
 .text._Z17receiveHexFileI2CPFvvE
                0x00000b7a       0x74 Bootloader/Programming.o
                0x00000b7a                _Z17receiveHexFileI2CPFvvE
 .text._Z8SPI_InitR10SPI_struct
                0x00000bee        0x8 Communication/SPI.o
                0x00000bee                _Z8SPI_InitR10SPI_struct
 .text._Z14SPI_TrancieverR10SPI_structh
                0x00000bf6        0xe Communication/SPI.o
                0x00000bf6                _Z14SPI_TrancieverR10SPI_structh
 .text._Z11SS_set_highR11PORT_structh
                0x00000c04       0x1c Communication/SPI.o
                0x00000c04                _Z11SS_set_highR11PORT_structh
 .text._Z10SS_set_lowR11PORT_structh
                0x00000c20       0x1c Communication/SPI.o
                0x00000c20                _Z10SS_set_lowR11PORT_structh
 .text._Z12SPI_CAN_ReadR10SPI_structhh
                0x00000c3c       0x28 Communication/SPI.o
                0x00000c3c                _Z12SPI_CAN_ReadR10SPI_structhh
 .text._Z13SPI_CAN_writeR10SPI_structhhh
                0x00000c64       0x2e Communication/SPI.o
                0x00000c64                _Z13SPI_CAN_writeR10SPI_structhhh
 .text._Z13TWI_HandleISRPFvvEPFvhER10TWI_struct
                0x00000c92       0x24 Communication/TWI.o
                0x00000c92                _Z13TWI_HandleISRPFvvEPFvhER10TWI_struct
 .text.__vector_12
                0x00000cb6       0x7a Communication/TWI.o
                0x00000cb6                __vector_12
 .text.__vector_75
                0x00000d30       0x7a Communication/TWI.o
                0x00000d30                __vector_75
 .text.__vector_45
                0x00000daa       0x7a Communication/TWI.o
                0x00000daa                __vector_45
 .text.__vector_106
                0x00000e24       0x7a Communication/TWI.o
                0x00000e24                __vector_106
 .text._Z8TWI_initR10TWI_struct
                0x00000e9e       0x14 Communication/TWI.o
                0x00000e9e                _Z8TWI_initR10TWI_struct
 .text._Z19TWI_RecievedAddressR10TWI_struct
                0x00000eb2       0x18 Communication/TWI.o
                0x00000eb2                _Z19TWI_RecievedAddressR10TWI_struct
 .text._Z17TWI_ReceivePacketR10TWI_structPhh
                0x00000eca       0x60 Communication/TWI.o
                0x00000eca                _Z17TWI_ReceivePacketR10TWI_structPhh
 .text._Z9TWI_WriteR10TWI_structh
                0x00000f2a       0x66 Communication/TWI.o
                0x00000f2a                _Z9TWI_WriteR10TWI_structh
 .text._Z13TWI_onRequestPFvvER10TWI_struct
                0x00000f90       0x4c Communication/TWI.o
                0x00000f90                _Z13TWI_onRequestPFvvER10TWI_struct
 .text._Z13TWI_onReceivePFvhER10TWI_struct
                0x00000fdc       0x4c Communication/TWI.o
                0x00000fdc                _Z13TWI_onReceivePFvhER10TWI_struct
 .text._Z10HexToASCIIh
                0x00001028        0xe Communication/UART.o
                0x00001028                _Z10HexToASCIIh
 .text._Z18USART_Set_BaudrateR12USART_structmm
                0x00001036      0x226 Communication/UART.o
                0x00001036                _Z18USART_Set_BaudrateR12USART_structmm
 .text._Z10USART_InitR12USART_structmmb
                0x0000125c       0x28 Communication/UART.o
                0x0000125c                _Z10USART_InitR12USART_structmmb
 .text._Z14USART_TransmitR12USART_structc
                0x00001284        0xc Communication/UART.o
                0x00001284                _Z14USART_TransmitR12USART_structc
 .text._Z13USART_ReceiveR12USART_struct
                0x00001290        0xc Communication/UART.o
                0x00001290                _Z13USART_ReceiveR12USART_struct
 .text._Z13USART_ReceiveR12USART_structjRb
                0x0000129c       0x38 Communication/UART.o
                0x0000129c                _Z13USART_ReceiveR12USART_structjRb
 .text._Z15USART_AvailableR12USART_struct
                0x000012d4        0xc Communication/UART.o
                0x000012d4                _Z15USART_AvailableR12USART_struct
 .text._Z20USART_TransmitStringR12USART_structPKc
                0x000012e0       0x38 Communication/UART.o
                0x000012e0                _Z20USART_TransmitStringR12USART_structPKc
 .text._Z14USART_TransmitR12USART_structPKch
                0x00001318       0x3e Communication/UART.o
                0x00001318                _Z14USART_TransmitR12USART_structPKch
 .text._Z18USART_Transmit_HexR12USART_structc
                0x00001356       0x3a Communication/UART.o
                0x00001356                _Z18USART_Transmit_HexR12USART_structc
 .text._Z21USART_Transmit_NumberR12USART_structi
                0x00001390       0xee Communication/UART.o
                0x00001390                _Z21USART_Transmit_NumberR12USART_structi
 .text._Z18USART_TransmitDoneR12USART_struct
                0x0000147e        0xc Communication/UART.o
                0x0000147e                _Z18USART_TransmitDoneR12USART_struct
 .text._Z12USB_Transmitc
                0x0000148a        0x8 Communication/USB_Functions.o
                0x0000148a                _Z12USB_Transmitc
 .text._Z11USB_Receivev
                0x00001492        0xe Communication/USB_Functions.o
                0x00001492                _Z11USB_Receivev
 .text._Z11USB_ReceivejRb
                0x000014a0       0x4a Communication/USB_Functions.o
                0x000014a0                _Z11USB_ReceivejRb
 .text._Z13USB_Availablev
                0x000014ea        0x6 Communication/USB_Functions.o
                0x000014ea                _Z13USB_Availablev
 .text._Z18USB_TransmitStringPKc
                0x000014f0       0x2e Communication/USB_Functions.o
                0x000014f0                _Z18USB_TransmitStringPKc
 .text._Z12USB_TransmitPKch
                0x0000151e       0x34 Communication/USB_Functions.o
                0x0000151e                _Z12USB_TransmitPKch
 .text._Z16USB_Transmit_Hexc
                0x00001552       0x2c Communication/USB_Functions.o
                0x00001552                _Z16USB_Transmit_Hexc
 .text._Z19USB_Transmit_Numberi
                0x0000157e       0xe0 Communication/USB_Functions.o
                0x0000157e                _Z19USB_Transmit_Numberi
 .text.StopElevator
                0x0000165e       0x3c FactoryControl/Elevator.o
                0x0000165e                StopElevator
 .text.ElevatorIsReady
                0x0000169a       0x2e FactoryControl/Elevator.o
                0x0000169a                ElevatorIsReady
 .text.ElevatorButtonInISR
                0x000016c8       0x28 FactoryControl/Elevator.o
                0x000016c8                ElevatorButtonInISR
 .text.ElevatorInit
                0x000016f0       0x60 FactoryControl/Elevator.o
                0x000016f0                ElevatorInit
 .text.ElevatorInterruptSetup
                0x00001750       0x30 FactoryControl/Elevator.o
                0x00001750                ElevatorInterruptSetup
 .text.ConfigElevator
                0x00001780       0xb2 FactoryControl/Elevator.o
                0x00001780                ConfigElevator
 .text.MoveElevator
                0x00001832       0x8a FactoryControl/Elevator.o
                0x00001832                MoveElevator
 .text._Z11gpioSetModeh9gpioModes
                0x000018bc       0x14 FactoryControl/IO_mappings.o
                0x000018bc                _Z11gpioSetModeh9gpioModes
 .text._Z12gpioSetLevelhb
                0x000018d0       0x10 FactoryControl/IO_mappings.o
                0x000018d0                _Z12gpioSetLevelhb
 .text._Z12gpioGetLevelh
                0x000018e0        0xe FactoryControl/IO_mappings.o
                0x000018e0                _Z12gpioGetLevelh
 .text.initColorSensor
                0x000018ee       0x16 FactoryControl/Kleursensor.o
                0x000018ee                initColorSensor
 .text.FrequencyToColourVal
                0x00001904       0x98 FactoryControl/Kleursensor.o
                0x00001904                FrequencyToColourVal
 .text.getColor
                0x0000199c       0x54 FactoryControl/Kleursensor.o
                0x0000199c                getColor
 .text.calcAverageArray
                0x000019f0       0x4a FactoryControl/Kleursensor.o
                0x000019f0                calcAverageArray
 .text.ReadColourSensor
                0x00001a3a      0x136 FactoryControl/Kleursensor.o
                0x00001a3a                ReadColourSensor
 .text.SelectColour
                0x00001b70        0x2 FactoryControl/Kleursensor.o
                0x00001b70                SelectColour
 .text.CompareColours
                0x00001b72        0xe FactoryControl/Kleursensor.o
                0x00001b72                CompareColours
 .text.map      0x00001b80       0x82 FactoryControl/Kleursensor.o
                0x00001b80                map
 .text.pulseIn  0x00001c02      0x16e FactoryControl/pulseIn.o
                0x00001c02                pulseIn
 .text.SorterarmIsFinnished
                0x00001d70        0x4 FactoryControl/SorterArm.o
                0x00001d70                SorterarmIsFinnished
 .text.StopSorterArm
                0x00001d74       0x30 FactoryControl/SorterArm.o
                0x00001d74                StopSorterArm
 .text.SorterArmISR
                0x00001da4       0x5e FactoryControl/SorterArm.o
                0x00001da4                SorterArmISR
 .text._Z17SorterarmLinksISRv
                0x00001e02       0x10 FactoryControl/SorterArm.o
                0x00001e02                _Z17SorterarmLinksISRv
 .text._Z18SorterArmRechtsISRv
                0x00001e12       0x10 FactoryControl/SorterArm.o
                0x00001e12                _Z18SorterArmRechtsISRv
 .text.SaSetInput
                0x00001e22      0x12a FactoryControl/SorterArm.o
                0x00001e22                SaSetInput
 .text.SaSetInterrupt
                0x00001f4c       0xa2 FactoryControl/SorterArm.o
                0x00001f4c                SaSetInterrupt
 .text.ConfigSorterArm
                0x00001fee       0xc8 FactoryControl/SorterArm.o
                0x00001fee                ConfigSorterArm
 .text.MoveSorterArm
                0x000020b6       0x78 FactoryControl/SorterArm.o
                0x000020b6                MoveSorterArm
 .text.HomeSorterArm
                0x0000212e       0x32 FactoryControl/SorterArm.o
                0x0000212e                HomeSorterArm
 .text.MoveSorterArmTo
                0x00002160       0x92 FactoryControl/SorterArm.o
                0x00002160                MoveSorterArmTo
 .text.MoveSorterArmDistance
                0x000021f2       0x7c FactoryControl/SorterArm.o
                0x000021f2                MoveSorterArmDistance
 .text._Z20stepperWriteRegisterhPKchhR12USART_struct
                0x0000226e       0xaa FactoryControl/Stepperdriver.o
                0x0000226e                _Z20stepperWriteRegisterhPKchhR12USART_struct
 .text._Z22ChangeDirectionStepperbh
                0x00002318       0x30 FactoryControl/Stepperdriver.o
                0x00002318                _Z22ChangeDirectionStepperbh
 .text._Z8MoveBeltbji
                0x00002348       0xb4 FactoryControl/Stepperdriver.o
                0x00002348                _Z8MoveBeltbji
 .text._Z8StopBeltj
                0x000023fc       0x56 FactoryControl/Stepperdriver.o
                0x000023fc                _Z8StopBeltj
 .text._Z13MoveTurntablebji
                0x00002452       0x9a FactoryControl/Stepperdriver.o
                0x00002452                _Z13MoveTurntablebji
 .text._Z13StopTurntablej
                0x000024ec       0x3e FactoryControl/Stepperdriver.o
                0x000024ec                _Z13StopTurntablej
 .text._Z13DemoTestBlockv
                0x0000252a       0x64 FactoryControl/Stepperdriver.o
                0x0000252a                _Z13DemoTestBlockv
 .text._Z17StopDemoTestBlockv
                0x0000258e       0x30 FactoryControl/Stepperdriver.o
                0x0000258e                _Z17StopDemoTestBlockv
 .text._Z10SetAddresshh
                0x000025be       0x30 FactoryControl/Stepperdriver.o
                0x000025be                _Z10SetAddresshh
 .text._Z9ToggleLEDv
                0x000025ee        0xc main.o
                0x000025ee                _Z9ToggleLEDv
 .text._Z3LEDb  0x000025fa       0x1c main.o
                0x000025fa                _Z3LEDb
 .text._Z9set_relaybh
                0x00002616       0xaa main.o
                0x00002616                _Z9set_relaybh
 .text._Z8Solenoidhb
                0x000026c0        0xc main.o
                0x000026c0                _Z8Solenoidhb
 .text._Z13PulseSolenoidh
                0x000026cc       0x2a main.o
                0x000026cc                _Z13PulseSolenoidh
 .text._Z14requestStartedv
                0x000026f6        0xe main.o
                0x000026f6                _Z14requestStartedv
 .text._Z13requestResultv
                0x00002704        0xe main.o
                0x00002704                _Z13requestResultv
 .text.sysclk_enable_peripheral_clock
                0x00002712      0x2c0 main.o
 .text._Z12IO_ReadWritebh
                0x000029d2      0x182 main.o
                0x000029d2                _Z12IO_ReadWritebh
 .text._Z11DigitalReadi
                0x00002b54        0xa main.o
                0x00002b54                _Z11DigitalReadi
 .text._Z17ReadSignatureBytej
                0x00002b5e       0x10 main.o
                0x00002b5e                _Z17ReadSignatureBytej
 .text._Z12I_AnalogReadR13ADC_CH_structh
                0x00002b6e       0x50 main.o
                0x00002b6e                _Z12I_AnalogReadR13ADC_CH_structh
 .text._Z12I_AnalogReadR10ADC_structh
                0x00002bbe        0x8 main.o
                0x00002bbe                _Z12I_AnalogReadR10ADC_structh
 .text._Z8ADC_InitR10ADC_struct
                0x00002bc6       0x8e main.o
                0x00002bc6                _Z8ADC_InitR10ADC_struct
 .text._Z15ReadSharpSensorh
                0x00002c54       0x5a main.o
                0x00002c54                _Z15ReadSharpSensorh
 .text._Z10AnalogReadi
                0x00002cae        0xe main.o
                0x00002cae                _Z10AnalogReadi
 .text._Z15passthrough_TWIv
                0x00002cbc       0xec main.o
                0x00002cbc                _Z15passthrough_TWIv
 .text._Z16initOptocouplersv
                0x00002da8        0x8 main.o
                0x00002da8                _Z16initOptocouplersv
 .text._Z17I_OptocouplerReadh
                0x00002db0       0x60 main.o
                0x00002db0                _Z17I_OptocouplerReadh
 .text._Z15OptocouplerReadi
                0x00002e10        0x6 main.o
                0x00002e10                _Z15OptocouplerReadi
 .text.__vector_100
                0x00002e16       0x9c main.o
                0x00002e16                __vector_100
 .text.__vector_101
                0x00002eb2       0xb2 main.o
                0x00002eb2                __vector_101
 .text._Z8initLEDsv
                0x00002f64        0xc main.o
                0x00002f64                _Z8initLEDsv
 .text.main     0x00002f70      0x1c6 main.o
                0x00002f70                main
 .text._Z10ToggleLED1v
                0x00003136        0xc main.o
                0x00003136                _Z10ToggleLED1v
 .text._Z10ToggleLED2v
                0x00003142        0xc main.o
                0x00003142                _Z10ToggleLED2v
 .text.udi_cdc_comm_enable
                0x0000314e       0x56 src/ASF/common/services/usb/class/cdc/device/udi_cdc.o
                0x0000314e                udi_cdc_comm_enable
 .text.udi_cdc_comm_disable
                0x000031a4        0xc src/ASF/common/services/usb/class/cdc/device/udi_cdc.o
                0x000031a4                udi_cdc_comm_disable
 .text.udi_cdc_data_disable
                0x000031b0       0x14 src/ASF/common/services/usb/class/cdc/device/udi_cdc.o
                0x000031b0                udi_cdc_data_disable
 .text.udi_cdc_data_setup
                0x000031c4        0x4 src/ASF/common/services/usb/class/cdc/device/udi_cdc.o
                0x000031c4                udi_cdc_data_setup
 .text.udi_cdc_getsetting
                0x000031c8        0x4 src/ASF/common/services/usb/class/cdc/device/udi_cdc.o
                0x000031c8                udi_cdc_getsetting
 .text.udi_cdc_comm_setup
                0x000031cc       0x94 src/ASF/common/services/usb/class/cdc/device/udi_cdc.o
                0x000031cc                udi_cdc_comm_setup
 .text.udi_cdc_line_coding_received
                0x00003260        0x2 src/ASF/common/services/usb/class/cdc/device/udi_cdc.o
 .text.udi_cdc_tx_send
                0x00003262      0x164 src/ASF/common/services/usb/class/cdc/device/udi_cdc.o
 .text.udi_cdc_data_sent
                0x000033c6       0x32 src/ASF/common/services/usb/class/cdc/device/udi_cdc.o
 .text.udi_cdc_data_sof_notify
                0x000033f8        0x8 src/ASF/common/services/usb/class/cdc/device/udi_cdc.o
                0x000033f8                udi_cdc_data_sof_notify
 .text.udi_cdc_ctrl_state_notify
                0x00003400       0x50 src/ASF/common/services/usb/class/cdc/device/udi_cdc.o
 .text.udi_cdc_ctrl_state_change
                0x00003450       0x56 src/ASF/common/services/usb/class/cdc/device/udi_cdc.o
 .text.udi_cdc_serial_state_msg_sent
                0x000034a6       0x2e src/ASF/common/services/usb/class/cdc/device/udi_cdc.o
 .text.udi_cdc_ctrl_signal_dcd
                0x000034d4        0xe src/ASF/common/services/usb/class/cdc/device/udi_cdc.o
                0x000034d4                udi_cdc_ctrl_signal_dcd
 .text.udi_cdc_ctrl_signal_dsr
                0x000034e2        0xe src/ASF/common/services/usb/class/cdc/device/udi_cdc.o
                0x000034e2                udi_cdc_ctrl_signal_dsr
 .text.udi_cdc_signal_framing_error
                0x000034f0        0xe src/ASF/common/services/usb/class/cdc/device/udi_cdc.o
                0x000034f0                udi_cdc_signal_framing_error
 .text.udi_cdc_signal_parity_error
                0x000034fe        0xe src/ASF/common/services/usb/class/cdc/device/udi_cdc.o
                0x000034fe                udi_cdc_signal_parity_error
 .text.udi_cdc_signal_overrun
                0x0000350c        0xe src/ASF/common/services/usb/class/cdc/device/udi_cdc.o
                0x0000350c                udi_cdc_signal_overrun
 .text.udi_cdc_multi_ctrl_signal_dcd
                0x0000351a        0xa src/ASF/common/services/usb/class/cdc/device/udi_cdc.o
                0x0000351a                udi_cdc_multi_ctrl_signal_dcd
 .text.udi_cdc_multi_ctrl_signal_dsr
                0x00003524        0xa src/ASF/common/services/usb/class/cdc/device/udi_cdc.o
                0x00003524                udi_cdc_multi_ctrl_signal_dsr
 .text.udi_cdc_multi_signal_framing_error
                0x0000352e        0xc src/ASF/common/services/usb/class/cdc/device/udi_cdc.o
                0x0000352e                udi_cdc_multi_signal_framing_error
 .text.udi_cdc_multi_signal_parity_error
                0x0000353a        0xc src/ASF/common/services/usb/class/cdc/device/udi_cdc.o
                0x0000353a                udi_cdc_multi_signal_parity_error
 .text.udi_cdc_multi_signal_overrun
                0x00003546        0xc src/ASF/common/services/usb/class/cdc/device/udi_cdc.o
                0x00003546                udi_cdc_multi_signal_overrun
 .text.udi_cdc_multi_get_nb_received_data
                0x00003552       0x3a src/ASF/common/services/usb/class/cdc/device/udi_cdc.o
                0x00003552                udi_cdc_multi_get_nb_received_data
 .text.udi_cdc_get_nb_received_data
                0x0000358c        0x8 src/ASF/common/services/usb/class/cdc/device/udi_cdc.o
                0x0000358c                udi_cdc_get_nb_received_data
 .text.udi_cdc_multi_is_rx_ready
                0x00003594       0x10 src/ASF/common/services/usb/class/cdc/device/udi_cdc.o
                0x00003594                udi_cdc_multi_is_rx_ready
 .text.udi_cdc_rx_start
                0x000035a4       0x9c src/ASF/common/services/usb/class/cdc/device/udi_cdc.o
 .text.udi_cdc_data_enable
                0x00003640       0x68 src/ASF/common/services/usb/class/cdc/device/udi_cdc.o
                0x00003640                udi_cdc_data_enable
 .text.udi_cdc_data_received
                0x000036a8       0x62 src/ASF/common/services/usb/class/cdc/device/udi_cdc.o
 .text.udi_cdc_is_rx_ready
                0x0000370a        0x8 src/ASF/common/services/usb/class/cdc/device/udi_cdc.o
                0x0000370a                udi_cdc_is_rx_ready
 .text.udi_cdc_multi_getc
                0x00003712       0xaa src/ASF/common/services/usb/class/cdc/device/udi_cdc.o
                0x00003712                udi_cdc_multi_getc
 .text.udi_cdc_getc
                0x000037bc        0x8 src/ASF/common/services/usb/class/cdc/device/udi_cdc.o
                0x000037bc                udi_cdc_getc
 .text.udi_cdc_multi_read_buf
                0x000037c4       0xd4 src/ASF/common/services/usb/class/cdc/device/udi_cdc.o
                0x000037c4                udi_cdc_multi_read_buf
 .text.udi_cdc_read_no_polling
                0x00003898       0xc6 src/ASF/common/services/usb/class/cdc/device/udi_cdc.o
                0x00003898                udi_cdc_read_no_polling
 .text.udi_cdc_read_buf
                0x0000395e        0xc src/ASF/common/services/usb/class/cdc/device/udi_cdc.o
                0x0000395e                udi_cdc_read_buf
 .text.udi_cdc_multi_get_free_tx_buffer
                0x0000396a       0x60 src/ASF/common/services/usb/class/cdc/device/udi_cdc.o
                0x0000396a                udi_cdc_multi_get_free_tx_buffer
 .text.udi_cdc_get_free_tx_buffer
                0x000039ca        0x8 src/ASF/common/services/usb/class/cdc/device/udi_cdc.o
                0x000039ca                udi_cdc_get_free_tx_buffer
 .text.udi_cdc_multi_is_tx_ready
                0x000039d2       0x10 src/ASF/common/services/usb/class/cdc/device/udi_cdc.o
                0x000039d2                udi_cdc_multi_is_tx_ready
 .text.udi_cdc_is_tx_ready
                0x000039e2        0x8 src/ASF/common/services/usb/class/cdc/device/udi_cdc.o
                0x000039e2                udi_cdc_is_tx_ready
 .text.udi_cdc_multi_putc
                0x000039ea       0x9e src/ASF/common/services/usb/class/cdc/device/udi_cdc.o
                0x000039ea                udi_cdc_multi_putc
 .text.udi_cdc_putc
                0x00003a88        0xa src/ASF/common/services/usb/class/cdc/device/udi_cdc.o
                0x00003a88                udi_cdc_putc
 .text.udi_cdc_multi_write_buf
                0x00003a92       0xea src/ASF/common/services/usb/class/cdc/device/udi_cdc.o
                0x00003a92                udi_cdc_multi_write_buf
 .text.udi_cdc_write_buf
                0x00003b7c        0xc src/ASF/common/services/usb/class/cdc/device/udi_cdc.o
                0x00003b7c                udi_cdc_write_buf
 .text.udc_next_desc_in_iface
                0x00003b88       0x6a src/ASF/common/services/usb/udc/udc.o
 .text.udc_valid_address
                0x00003bf2        0xc src/ASF/common/services/usb/udc/udc.o
 .text.udc_update_iface_desc
                0x00003bfe       0x74 src/ASF/common/services/usb/udc/udc.o
 .text.udc_iface_disable
                0x00003c72       0x8a src/ASF/common/services/usb/udc/udc.o
 .text.udc_iface_enable
                0x00003cfc       0x6a src/ASF/common/services/usb/udc/udc.o
 .text.udc_get_interface_desc
                0x00003d66        0xa src/ASF/common/services/usb/udc/udc.o
                0x00003d66                udc_get_interface_desc
 .text.udc_start
                0x00003d70        0x6 src/ASF/common/services/usb/udc/udc.o
                0x00003d70                udc_start
 .text.udc_reset
                0x00003d76       0x50 src/ASF/common/services/usb/udc/udc.o
                0x00003d76                udc_reset
 .text.udc_stop
                0x00003dc6        0xa src/ASF/common/services/usb/udc/udc.o
                0x00003dc6                udc_stop
 .text.udc_sof_notify
                0x00003dd0       0x60 src/ASF/common/services/usb/udc/udc.o
                0x00003dd0                udc_sof_notify
 .text.udc_process_setup
                0x00003e30      0x540 src/ASF/common/services/usb/udc/udc.o
                0x00003e30                udc_process_setup
 .text.udd_sleep_mode
                0x00004370       0x70 src/ASF/xmega/drivers/usb/usb_device.o
 .text.udd_ctrl_init
                0x000043e0       0x4a src/ASF/xmega/drivers/usb/usb_device.o
 .text.udd_ctrl_stall_data
                0x0000442a       0x1c src/ASF/xmega/drivers/usb/usb_device.o
 .text.udd_ctrl_send_zlp_in
                0x00004446       0x1c src/ASF/xmega/drivers/usb/usb_device.o
 .text.udd_ctrl_endofrequest
                0x00004462       0x10 src/ASF/xmega/drivers/usb/usb_device.o
 .text.udd_ctrl_in_sent
                0x00004472       0xdc src/ASF/xmega/drivers/usb/usb_device.o
 .text.udd_ep_get_size
                0x0000454e       0x52 src/ASF/xmega/drivers/usb/usb_device.o
 .text.udd_ep_get_job
                0x000045a0       0x36 src/ASF/xmega/drivers/usb/usb_device.o
 .text.udd_ctrl_interrupt_tc_setup
                0x000045d6       0xee src/ASF/xmega/drivers/usb/usb_device.o
 .text.udd_ep_trans_complet
                0x000046c4      0x2c6 src/ASF/xmega/drivers/usb/usb_device.o
 .text.udd_disable
                0x0000498a       0x5c src/ASF/xmega/drivers/usb/usb_device.o
                0x0000498a                udd_disable
 .text.udd_include_vbus_monitoring
                0x000049e6        0x4 src/ASF/xmega/drivers/usb/usb_device.o
                0x000049e6                udd_include_vbus_monitoring
 .text.udd_attach
                0x000049ea       0x5c src/ASF/xmega/drivers/usb/usb_device.o
                0x000049ea                udd_attach
 .text.udd_enable
                0x00004a46      0x10c src/ASF/xmega/drivers/usb/usb_device.o
                0x00004a46                udd_enable
 .text.udd_detach
                0x00004b52        0xc src/ASF/xmega/drivers/usb/usb_device.o
                0x00004b52                udd_detach
 .text.udd_is_high_speed
                0x00004b5e        0x4 src/ASF/xmega/drivers/usb/usb_device.o
                0x00004b5e                udd_is_high_speed
 .text.udd_set_address
                0x00004b62        0x6 src/ASF/xmega/drivers/usb/usb_device.o
                0x00004b62                udd_set_address
 .text.udd_getaddress
                0x00004b68        0x6 src/ASF/xmega/drivers/usb/usb_device.o
                0x00004b68                udd_getaddress
 .text.udd_get_frame_number
                0x00004b6e        0xa src/ASF/xmega/drivers/usb/usb_device.o
                0x00004b6e                udd_get_frame_number
 .text.udd_get_micro_frame_number
                0x00004b78        0x6 src/ASF/xmega/drivers/usb/usb_device.o
                0x00004b78                udd_get_micro_frame_number
 .text.udd_send_remotewakeup
                0x00004b7e       0x20 src/ASF/xmega/drivers/usb/usb_device.o
                0x00004b7e                udd_send_remotewakeup
 .text.udd_set_setup_payload
                0x00004b9e        0xe src/ASF/xmega/drivers/usb/usb_device.o
                0x00004b9e                udd_set_setup_payload
 .text.udd_ep_alloc
                0x00004bac      0x122 src/ASF/xmega/drivers/usb/usb_device.o
                0x00004bac                udd_ep_alloc
 .text.udd_ep_is_halted
                0x00004cce       0x36 src/ASF/xmega/drivers/usb/usb_device.o
                0x00004cce                udd_ep_is_halted
 .text.udd_ep_clear_halt
                0x00004d04       0x86 src/ASF/xmega/drivers/usb/usb_device.o
                0x00004d04                udd_ep_clear_halt
 .text.udd_ep_run
                0x00004d8a      0x19c src/ASF/xmega/drivers/usb/usb_device.o
                0x00004d8a                udd_ep_run
 .text.udd_ep_abort
                0x00004f26       0xa0 src/ASF/xmega/drivers/usb/usb_device.o
                0x00004f26                udd_ep_abort
 .text.udd_ep_free
                0x00004fc6       0x3a src/ASF/xmega/drivers/usb/usb_device.o
                0x00004fc6                udd_ep_free
 .text.udd_ep_set_halt
                0x00005000       0x3c src/ASF/xmega/drivers/usb/usb_device.o
                0x00005000                udd_ep_set_halt
 .text.udd_ep_wait_stall_clear
                0x0000503c       0x6a src/ASF/xmega/drivers/usb/usb_device.o
                0x0000503c                udd_ep_wait_stall_clear
 .text.__vector_125
                0x000050a6      0x19a src/ASF/xmega/drivers/usb/usb_device.o
                0x000050a6                __vector_125
 .text.__vector_126
                0x00005240      0x214 src/ASF/xmega/drivers/usb/usb_device.o
                0x00005240                __vector_126
 .text.udd_ep_is_valid
                0x00005454       0x14 src/ASF/xmega/drivers/usb/usb_device.o
                0x00005454                udd_ep_is_valid
 .text.sysclk_init
                0x00005468       0xf6 src/ASF/common/services/clock/xmega/sysclk.o
                0x00005468                sysclk_init
 .text.sysclk_enable_module
                0x0000555e       0x2c src/ASF/common/services/clock/xmega/sysclk.o
                0x0000555e                sysclk_enable_module
 .text.sysclk_disable_module
                0x0000558a       0x2a src/ASF/common/services/clock/xmega/sysclk.o
                0x0000558a                sysclk_disable_module
 .text.sysclk_enable_usb
                0x000055b4       0x8e src/ASF/common/services/clock/xmega/sysclk.o
                0x000055b4                sysclk_enable_usb
 .text.sysclk_disable_usb
                0x00005642       0x14 src/ASF/common/services/clock/xmega/sysclk.o
                0x00005642                sysclk_disable_usb
 .text.nvm_read_device_serial
                0x00005656       0x90 src/ASF/xmega/drivers/nvm/nvm.o
                0x00005656                nvm_read_device_serial
 .text.nvm_eeprom_read_byte
                0x000056e6       0x22 src/ASF/xmega/drivers/nvm/nvm.o
                0x000056e6                nvm_eeprom_read_byte
 .text.nvm_eeprom_read_buffer
                0x00005708       0x32 src/ASF/xmega/drivers/nvm/nvm.o
                0x00005708                nvm_eeprom_read_buffer
 .text.nvm_eeprom_flush_buffer
                0x0000573a       0x24 src/ASF/xmega/drivers/nvm/nvm.o
                0x0000573a                nvm_eeprom_flush_buffer
 .text.nvm_eeprom_load_byte_to_buffer
                0x0000575e       0x24 src/ASF/xmega/drivers/nvm/nvm.o
                0x0000575e                nvm_eeprom_load_byte_to_buffer
 .text.nvm_eeprom_write_byte
                0x00005782       0x50 src/ASF/xmega/drivers/nvm/nvm.o
                0x00005782                nvm_eeprom_write_byte
 .text.nvm_eeprom_load_page_to_buffer
                0x000057d2       0x2e src/ASF/xmega/drivers/nvm/nvm.o
                0x000057d2                nvm_eeprom_load_page_to_buffer
 .text.nvm_eeprom_atomic_write_page
                0x00005800       0x3c src/ASF/xmega/drivers/nvm/nvm.o
                0x00005800                nvm_eeprom_atomic_write_page
 .text.nvm_eeprom_erase_and_write_buffer
                0x0000583c       0x86 src/ASF/xmega/drivers/nvm/nvm.o
                0x0000583c                nvm_eeprom_erase_and_write_buffer
 .text.nvm_eeprom_split_write_page
                0x000058c2       0x3c src/ASF/xmega/drivers/nvm/nvm.o
                0x000058c2                nvm_eeprom_split_write_page
 .text.nvm_eeprom_fill_buffer_with_value
                0x000058fe       0x2a src/ASF/xmega/drivers/nvm/nvm.o
                0x000058fe                nvm_eeprom_fill_buffer_with_value
 .text.nvm_eeprom_erase_bytes_in_page
                0x00005928       0x3c src/ASF/xmega/drivers/nvm/nvm.o
                0x00005928                nvm_eeprom_erase_bytes_in_page
 .text.nvm_eeprom_erase_page
                0x00005964       0x14 src/ASF/xmega/drivers/nvm/nvm.o
                0x00005964                nvm_eeprom_erase_page
 .text.nvm_eeprom_erase_bytes_in_all_pages
                0x00005978       0x2e src/ASF/xmega/drivers/nvm/nvm.o
                0x00005978                nvm_eeprom_erase_bytes_in_all_pages
 .text.nvm_eeprom_erase_all
                0x000059a6        0xc src/ASF/xmega/drivers/nvm/nvm.o
                0x000059a6                nvm_eeprom_erase_all
 .text.nvm_issue_flash_range_crc
                0x000059b2       0x5a src/ASF/xmega/drivers/nvm/nvm.o
                0x000059b2                nvm_issue_flash_range_crc
 .text.nvm_flash_read_buffer
                0x00005a0c       0x34 src/ASF/xmega/drivers/nvm/nvm.o
                0x00005a0c                nvm_flash_read_buffer
 .text.nvm_user_sig_read_buffer
                0x00005a40       0x3c src/ASF/xmega/drivers/nvm/nvm.o
                0x00005a40                nvm_user_sig_read_buffer
 .text.nvm_user_sig_write_buffer
                0x00005a7c      0x14e src/ASF/xmega/drivers/nvm/nvm.o
                0x00005a7c                nvm_user_sig_write_buffer
 .text.nvm_flash_erase_and_write_buffer
                0x00005bca      0x192 src/ASF/xmega/drivers/nvm/nvm.o
                0x00005bca                nvm_flash_erase_and_write_buffer
 .text.nvm_fuses_read
                0x00005d5c       0x32 src/ASF/xmega/drivers/nvm/nvm.o
                0x00005d5c                nvm_fuses_read
 .text.nvm_read_byte
                0x00005d8e       0x14 src/ASF/xmega/drivers/nvm/nvm_asm.o
                0x00005d8e                nvm_read_byte
 .text.ccp_write_io
                0x00005da2        0xc src/ASF/xmega/drivers/cpu/ccp.o
                0x00005da2                ccp_write_io
 .text.board_init
                0x00005dae       0x40 src/ASF/common/boards/user_board/init.o
                0x00005dae                board_init
 .text.libgcc.mul
                0x00005dee       0x20 c:/program files (x86)/atmel/studio/7.0/toolchain/avr8/avr8-gnu-toolchain/bin/../lib/gcc/avr/5.4.0/avrxmega7\libgcc.a(_mulsi3.o)
                0x00005dee                __mulsi3
 .text.libgcc.div
                0x00005e0e        0x0 c:/program files (x86)/atmel/studio/7.0/toolchain/avr8/avr8-gnu-toolchain/bin/../lib/gcc/avr/5.4.0/avrxmega7\libgcc.a(_mulsi3.o)
 .text.libgcc   0x00005e0e        0x0 c:/program files (x86)/atmel/studio/7.0/toolchain/avr8/avr8-gnu-toolchain/bin/../lib/gcc/avr/5.4.0/avrxmega7\libgcc.a(_mulsi3.o)
 .text.libgcc.prologue
                0x00005e0e        0x0 c:/program files (x86)/atmel/studio/7.0/toolchain/avr8/avr8-gnu-toolchain/bin/../lib/gcc/avr/5.4.0/avrxmega7\libgcc.a(_mulsi3.o)
 .text.libgcc.builtins
                0x00005e0e        0x0 c:/program files (x86)/atmel/studio/7.0/toolchain/avr8/avr8-gnu-toolchain/bin/../lib/gcc/avr/5.4.0/avrxmega7\libgcc.a(_mulsi3.o)
 .text.libgcc.fmul
                0x00005e0e        0x0 c:/program files (x86)/atmel/studio/7.0/toolchain/avr8/avr8-gnu-toolchain/bin/../lib/gcc/avr/5.4.0/avrxmega7\libgcc.a(_mulsi3.o)
 .text.libgcc.fixed
                0x00005e0e        0x0 c:/program files (x86)/atmel/studio/7.0/toolchain/avr8/avr8-gnu-toolchain/bin/../lib/gcc/avr/5.4.0/avrxmega7\libgcc.a(_mulsi3.o)
 .text.libgcc.mul
                0x00005e0e        0x0 c:/program files (x86)/atmel/studio/7.0/toolchain/avr8/avr8-gnu-toolchain/bin/../lib/gcc/avr/5.4.0/avrxmega7\libgcc.a(_udivmodhi4.o)
 .text.libgcc.div
                0x00005e0e       0x28 c:/program files (x86)/atmel/studio/7.0/toolchain/avr8/avr8-gnu-toolchain/bin/../lib/gcc/avr/5.4.0/avrxmega7\libgcc.a(_udivmodhi4.o)
                0x00005e0e                __udivmodhi4
 .text.libgcc   0x00005e36        0x0 c:/program files (x86)/atmel/studio/7.0/toolchain/avr8/avr8-gnu-toolchain/bin/../lib/gcc/avr/5.4.0/avrxmega7\libgcc.a(_udivmodhi4.o)
 .text.libgcc.prologue
                0x00005e36        0x0 c:/program files (x86)/atmel/studio/7.0/toolchain/avr8/avr8-gnu-toolchain/bin/../lib/gcc/avr/5.4.0/avrxmega7\libgcc.a(_udivmodhi4.o)
 .text.libgcc.builtins
                0x00005e36        0x0 c:/program files (x86)/atmel/studio/7.0/toolchain/avr8/avr8-gnu-toolchain/bin/../lib/gcc/avr/5.4.0/avrxmega7\libgcc.a(_udivmodhi4.o)
 .text.libgcc.fmul
                0x00005e36        0x0 c:/program files (x86)/atmel/studio/7.0/toolchain/avr8/avr8-gnu-toolchain/bin/../lib/gcc/avr/5.4.0/avrxmega7\libgcc.a(_udivmodhi4.o)
 .text.libgcc.fixed
                0x00005e36        0x0 c:/program files (x86)/atmel/studio/7.0/toolchain/avr8/avr8-gnu-toolchain/bin/../lib/gcc/avr/5.4.0/avrxmega7\libgcc.a(_udivmodhi4.o)
 .text.libgcc.mul
                0x00005e36        0x0 c:/program files (x86)/atmel/studio/7.0/toolchain/avr8/avr8-gnu-toolchain/bin/../lib/gcc/avr/5.4.0/avrxmega7\libgcc.a(_divmodhi4.o)
 .text.libgcc.div
                0x00005e36       0x28 c:/program files (x86)/atmel/studio/7.0/toolchain/avr8/avr8-gnu-toolchain/bin/../lib/gcc/avr/5.4.0/avrxmega7\libgcc.a(_divmodhi4.o)
                0x00005e36                _div
                0x00005e36                __divmodhi4
 .text.libgcc   0x00005e5e        0x0 c:/program files (x86)/atmel/studio/7.0/toolchain/avr8/avr8-gnu-toolchain/bin/../lib/gcc/avr/5.4.0/avrxmega7\libgcc.a(_divmodhi4.o)
 .text.libgcc.prologue
                0x00005e5e        0x0 c:/program files (x86)/atmel/studio/7.0/toolchain/avr8/avr8-gnu-toolchain/bin/../lib/gcc/avr/5.4.0/avrxmega7\libgcc.a(_divmodhi4.o)
 .text.libgcc.builtins
                0x00005e5e        0x0 c:/program files (x86)/atmel/studio/7.0/toolchain/avr8/avr8-gnu-toolchain/bin/../lib/gcc/avr/5.4.0/avrxmega7\libgcc.a(_divmodhi4.o)
 .text.libgcc.fmul
                0x00005e5e        0x0 c:/program files (x86)/atmel/studio/7.0/toolchain/avr8/avr8-gnu-toolchain/bin/../lib/gcc/avr/5.4.0/avrxmega7\libgcc.a(_divmodhi4.o)
 .text.libgcc.fixed
                0x00005e5e        0x0 c:/program files (x86)/atmel/studio/7.0/toolchain/avr8/avr8-gnu-toolchain/bin/../lib/gcc/avr/5.4.0/avrxmega7\libgcc.a(_divmodhi4.o)
 .text.libgcc.mul
                0x00005e5e        0x0 c:/program files (x86)/atmel/studio/7.0/toolchain/avr8/avr8-gnu-toolchain/bin/../lib/gcc/avr/5.4.0/avrxmega7\libgcc.a(_udivmodsi4.o)
 .text.libgcc.div
                0x00005e5e       0x44 c:/program files (x86)/atmel/studio/7.0/toolchain/avr8/avr8-gnu-toolchain/bin/../lib/gcc/avr/5.4.0/avrxmega7\libgcc.a(_udivmodsi4.o)
                0x00005e5e                __udivmodsi4
 .text.libgcc   0x00005ea2        0x0 c:/program files (x86)/atmel/studio/7.0/toolchain/avr8/avr8-gnu-toolchain/bin/../lib/gcc/avr/5.4.0/avrxmega7\libgcc.a(_udivmodsi4.o)
 .text.libgcc.prologue
                0x00005ea2        0x0 c:/program files (x86)/atmel/studio/7.0/toolchain/avr8/avr8-gnu-toolchain/bin/../lib/gcc/avr/5.4.0/avrxmega7\libgcc.a(_udivmodsi4.o)
 .text.libgcc.builtins
                0x00005ea2        0x0 c:/program files (x86)/atmel/studio/7.0/toolchain/avr8/avr8-gnu-toolchain/bin/../lib/gcc/avr/5.4.0/avrxmega7\libgcc.a(_udivmodsi4.o)
 .text.libgcc.fmul
                0x00005ea2        0x0 c:/program files (x86)/atmel/studio/7.0/toolchain/avr8/avr8-gnu-toolchain/bin/../lib/gcc/avr/5.4.0/avrxmega7\libgcc.a(_udivmodsi4.o)
 .text.libgcc.fixed
                0x00005ea2        0x0 c:/program files (x86)/atmel/studio/7.0/toolchain/avr8/avr8-gnu-toolchain/bin/../lib/gcc/avr/5.4.0/avrxmega7\libgcc.a(_udivmodsi4.o)
 .text.libgcc.mul
                0x00005ea2        0x0 c:/program files (x86)/atmel/studio/7.0/toolchain/avr8/avr8-gnu-toolchain/bin/../lib/gcc/avr/5.4.0/avrxmega7\libgcc.a(_divmodsi4.o)
 .text.libgcc.div
                0x00005ea2       0x2e c:/program files (x86)/atmel/studio/7.0/toolchain/avr8/avr8-gnu-toolchain/bin/../lib/gcc/avr/5.4.0/avrxmega7\libgcc.a(_divmodsi4.o)
                0x00005ea2                __divmodsi4
 .text.libgcc   0x00005ed0        0x0 c:/program files (x86)/atmel/studio/7.0/toolchain/avr8/avr8-gnu-toolchain/bin/../lib/gcc/avr/5.4.0/avrxmega7\libgcc.a(_divmodsi4.o)
 .text.libgcc.prologue
                0x00005ed0        0x0 c:/program files (x86)/atmel/studio/7.0/toolchain/avr8/avr8-gnu-toolchain/bin/../lib/gcc/avr/5.4.0/avrxmega7\libgcc.a(_divmodsi4.o)
 .text.libgcc.builtins
                0x00005ed0        0x0 c:/program files (x86)/atmel/studio/7.0/toolchain/avr8/avr8-gnu-toolchain/bin/../lib/gcc/avr/5.4.0/avrxmega7\libgcc.a(_divmodsi4.o)
 .text.libgcc.fmul
                0x00005ed0        0x0 c:/program files (x86)/atmel/studio/7.0/toolchain/avr8/avr8-gnu-toolchain/bin/../lib/gcc/avr/5.4.0/avrxmega7\libgcc.a(_divmodsi4.o)
 .text.libgcc.fixed
                0x00005ed0        0x0 c:/program files (x86)/atmel/studio/7.0/toolchain/avr8/avr8-gnu-toolchain/bin/../lib/gcc/avr/5.4.0/avrxmega7\libgcc.a(_divmodsi4.o)
 .text.libgcc.mul
                0x00005ed0        0x0 c:/program files (x86)/atmel/studio/7.0/toolchain/avr8/avr8-gnu-toolchain/bin/../lib/gcc/avr/5.4.0/avrxmega7\libgcc.a(_negsi2.o)
 .text.libgcc.div
                0x00005ed0       0x10 c:/program files (x86)/atmel/studio/7.0/toolchain/avr8/avr8-gnu-toolchain/bin/../lib/gcc/avr/5.4.0/avrxmega7\libgcc.a(_negsi2.o)
                0x00005ed0                __negsi2
 .text.libgcc   0x00005ee0        0x0 c:/program files (x86)/atmel/studio/7.0/toolchain/avr8/avr8-gnu-toolchain/bin/../lib/gcc/avr/5.4.0/avrxmega7\libgcc.a(_negsi2.o)
 .text.libgcc.prologue
                0x00005ee0        0x0 c:/program files (x86)/atmel/studio/7.0/toolchain/avr8/avr8-gnu-toolchain/bin/../lib/gcc/avr/5.4.0/avrxmega7\libgcc.a(_negsi2.o)
 .text.libgcc.builtins
                0x00005ee0        0x0 c:/program files (x86)/atmel/studio/7.0/toolchain/avr8/avr8-gnu-toolchain/bin/../lib/gcc/avr/5.4.0/avrxmega7\libgcc.a(_negsi2.o)
 .text.libgcc.fmul
                0x00005ee0        0x0 c:/program files (x86)/atmel/studio/7.0/toolchain/avr8/avr8-gnu-toolchain/bin/../lib/gcc/avr/5.4.0/avrxmega7\libgcc.a(_negsi2.o)
 .text.libgcc.fixed
                0x00005ee0        0x0 c:/program files (x86)/atmel/studio/7.0/toolchain/avr8/avr8-gnu-toolchain/bin/../lib/gcc/avr/5.4.0/avrxmega7\libgcc.a(_negsi2.o)
 .text.libgcc.mul
                0x00005ee0        0x0 c:/program files (x86)/atmel/studio/7.0/toolchain/avr8/avr8-gnu-toolchain/bin/../lib/gcc/avr/5.4.0/avrxmega7\libgcc.a(_exit.o)
 .text.libgcc.div
                0x00005ee0        0x0 c:/program files (x86)/atmel/studio/7.0/toolchain/avr8/avr8-gnu-toolchain/bin/../lib/gcc/avr/5.4.0/avrxmega7\libgcc.a(_exit.o)
 .text.libgcc   0x00005ee0        0x0 c:/program files (x86)/atmel/studio/7.0/toolchain/avr8/avr8-gnu-toolchain/bin/../lib/gcc/avr/5.4.0/avrxmega7\libgcc.a(_exit.o)
 .text.libgcc.prologue
                0x00005ee0        0x0 c:/program files (x86)/atmel/studio/7.0/toolchain/avr8/avr8-gnu-toolchain/bin/../lib/gcc/avr/5.4.0/avrxmega7\libgcc.a(_exit.o)
 .text.libgcc.builtins
                0x00005ee0        0x0 c:/program files (x86)/atmel/studio/7.0/toolchain/avr8/avr8-gnu-toolchain/bin/../lib/gcc/avr/5.4.0/avrxmega7\libgcc.a(_exit.o)
 .text.libgcc.fmul
                0x00005ee0        0x0 c:/program files (x86)/atmel/studio/7.0/toolchain/avr8/avr8-gnu-toolchain/bin/../lib/gcc/avr/5.4.0/avrxmega7\libgcc.a(_exit.o)
 .text.libgcc.fixed
                0x00005ee0        0x0 c:/program files (x86)/atmel/studio/7.0/toolchain/avr8/avr8-gnu-toolchain/bin/../lib/gcc/avr/5.4.0/avrxmega7\libgcc.a(_exit.o)
 .text.libgcc.mul
                0x00005ee0        0x0 c:/program files (x86)/atmel/studio/7.0/toolchain/avr8/avr8-gnu-toolchain/bin/../lib/gcc/avr/5.4.0/avrxmega7\libgcc.a(_tablejump2.o)
 .text.libgcc.div
                0x00005ee0        0x0 c:/program files (x86)/atmel/studio/7.0/toolchain/avr8/avr8-gnu-toolchain/bin/../lib/gcc/avr/5.4.0/avrxmega7\libgcc.a(_tablejump2.o)
 .text.libgcc   0x00005ee0       0x12 c:/program files (x86)/atmel/studio/7.0/toolchain/avr8/avr8-gnu-toolchain/bin/../lib/gcc/avr/5.4.0/avrxmega7\libgcc.a(_tablejump2.o)
                0x00005ee0                __tablejump2__
 .text.libgcc.prologue
                0x00005ef2        0x0 c:/program files (x86)/atmel/studio/7.0/toolchain/avr8/avr8-gnu-toolchain/bin/../lib/gcc/avr/5.4.0/avrxmega7\libgcc.a(_tablejump2.o)
 .text.libgcc.builtins
                0x00005ef2        0x0 c:/program files (x86)/atmel/studio/7.0/toolchain/avr8/avr8-gnu-toolchain/bin/../lib/gcc/avr/5.4.0/avrxmega7\libgcc.a(_tablejump2.o)
 .text.libgcc.fmul
                0x00005ef2        0x0 c:/program files (x86)/atmel/studio/7.0/toolchain/avr8/avr8-gnu-toolchain/bin/../lib/gcc/avr/5.4.0/avrxmega7\libgcc.a(_tablejump2.o)
 .text.libgcc.fixed
                0x00005ef2        0x0 c:/program files (x86)/atmel/studio/7.0/toolchain/avr8/avr8-gnu-toolchain/bin/../lib/gcc/avr/5.4.0/avrxmega7\libgcc.a(_tablejump2.o)
 .text.libgcc.mul
                0x00005ef2        0x0 c:/program files (x86)/atmel/studio/7.0/toolchain/avr8/avr8-gnu-toolchain/bin/../lib/gcc/avr/5.4.0/avrxmega7\libgcc.a(_copy_data.o)
 .text.libgcc.div
                0x00005ef2        0x0 c:/program files (x86)/atmel/studio/7.0/toolchain/avr8/avr8-gnu-toolchain/bin/../lib/gcc/avr/5.4.0/avrxmega7\libgcc.a(_copy_data.o)
 .text.libgcc   0x00005ef2        0x0 c:/program files (x86)/atmel/studio/7.0/toolchain/avr8/avr8-gnu-toolchain/bin/../lib/gcc/avr/5.4.0/avrxmega7\libgcc.a(_copy_data.o)
 .text.libgcc.prologue
                0x00005ef2        0x0 c:/program files (x86)/atmel/studio/7.0/toolchain/avr8/avr8-gnu-toolchain/bin/../lib/gcc/avr/5.4.0/avrxmega7\libgcc.a(_copy_data.o)
 .text.libgcc.builtins
                0x00005ef2        0x0 c:/program files (x86)/atmel/studio/7.0/toolchain/avr8/avr8-gnu-toolchain/bin/../lib/gcc/avr/5.4.0/avrxmega7\libgcc.a(_copy_data.o)
 .text.libgcc.fmul
                0x00005ef2        0x0 c:/program files (x86)/atmel/studio/7.0/toolchain/avr8/avr8-gnu-toolchain/bin/../lib/gcc/avr/5.4.0/avrxmega7\libgcc.a(_copy_data.o)
 .text.libgcc.fixed
                0x00005ef2        0x0 c:/program files (x86)/atmel/studio/7.0/toolchain/avr8/avr8-gnu-toolchain/bin/../lib/gcc/avr/5.4.0/avrxmega7\libgcc.a(_copy_data.o)
 .text.libgcc.mul
                0x00005ef2        0x0 c:/program files (x86)/atmel/studio/7.0/toolchain/avr8/avr8-gnu-toolchain/bin/../lib/gcc/avr/5.4.0/avrxmega7\libgcc.a(_clear_bss.o)
 .text.libgcc.div
                0x00005ef2        0x0 c:/program files (x86)/atmel/studio/7.0/toolchain/avr8/avr8-gnu-toolchain/bin/../lib/gcc/avr/5.4.0/avrxmega7\libgcc.a(_clear_bss.o)
 .text.libgcc   0x00005ef2        0x0 c:/program files (x86)/atmel/studio/7.0/toolchain/avr8/avr8-gnu-toolchain/bin/../lib/gcc/avr/5.4.0/avrxmega7\libgcc.a(_clear_bss.o)
 .text.libgcc.prologue
                0x00005ef2        0x0 c:/program files (x86)/atmel/studio/7.0/toolchain/avr8/avr8-gnu-toolchain/bin/../lib/gcc/avr/5.4.0/avrxmega7\libgcc.a(_clear_bss.o)
 .text.libgcc.builtins
                0x00005ef2        0x0 c:/program files (x86)/atmel/studio/7.0/toolchain/avr8/avr8-gnu-toolchain/bin/../lib/gcc/avr/5.4.0/avrxmega7\libgcc.a(_clear_bss.o)
 .text.libgcc.fmul
                0x00005ef2        0x0 c:/program files (x86)/atmel/studio/7.0/toolchain/avr8/avr8-gnu-toolchain/bin/../lib/gcc/avr/5.4.0/avrxmega7\libgcc.a(_clear_bss.o)
 .text.libgcc.fixed
                0x00005ef2        0x0 c:/program files (x86)/atmel/studio/7.0/toolchain/avr8/avr8-gnu-toolchain/bin/../lib/gcc/avr/5.4.0/avrxmega7\libgcc.a(_clear_bss.o)
 .text.libgcc.mul
                0x00005ef2       0x10 c:/program files (x86)/atmel/studio/7.0/toolchain/avr8/avr8-gnu-toolchain/bin/../lib/gcc/avr/5.4.0/avrxmega7\libgcc.a(_mulhisi3.o)
                0x00005ef2                __mulhisi3
 .text.libgcc.div
                0x00005f02        0x0 c:/program files (x86)/atmel/studio/7.0/toolchain/avr8/avr8-gnu-toolchain/bin/../lib/gcc/avr/5.4.0/avrxmega7\libgcc.a(_mulhisi3.o)
 .text.libgcc   0x00005f02        0x0 c:/program files (x86)/atmel/studio/7.0/toolchain/avr8/avr8-gnu-toolchain/bin/../lib/gcc/avr/5.4.0/avrxmega7\libgcc.a(_mulhisi3.o)
 .text.libgcc.prologue
                0x00005f02        0x0 c:/program files (x86)/atmel/studio/7.0/toolchain/avr8/avr8-gnu-toolchain/bin/../lib/gcc/avr/5.4.0/avrxmega7\libgcc.a(_mulhisi3.o)
 .text.libgcc.builtins
                0x00005f02        0x0 c:/program files (x86)/atmel/studio/7.0/toolchain/avr8/avr8-gnu-toolchain/bin/../lib/gcc/avr/5.4.0/avrxmega7\libgcc.a(_mulhisi3.o)
 .text.libgcc.fmul
                0x00005f02        0x0 c:/program files (x86)/atmel/studio/7.0/toolchain/avr8/avr8-gnu-toolchain/bin/../lib/gcc/avr/5.4.0/avrxmega7\libgcc.a(_mulhisi3.o)
 .text.libgcc.fixed
                0x00005f02        0x0 c:/program files (x86)/atmel/studio/7.0/toolchain/avr8/avr8-gnu-toolchain/bin/../lib/gcc/avr/5.4.0/avrxmega7\libgcc.a(_mulhisi3.o)
 .text.libgcc.mul
                0x00005f02       0x1e c:/program files (x86)/atmel/studio/7.0/toolchain/avr8/avr8-gnu-toolchain/bin/../lib/gcc/avr/5.4.0/avrxmega7\libgcc.a(_umulhisi3.o)
                0x00005f02                __umulhisi3
 .text.libgcc.div
                0x00005f20        0x0 c:/program files (x86)/atmel/studio/7.0/toolchain/avr8/avr8-gnu-toolchain/bin/../lib/gcc/avr/5.4.0/avrxmega7\libgcc.a(_umulhisi3.o)
 .text.libgcc   0x00005f20        0x0 c:/program files (x86)/atmel/studio/7.0/toolchain/avr8/avr8-gnu-toolchain/bin/../lib/gcc/avr/5.4.0/avrxmega7\libgcc.a(_umulhisi3.o)
 .text.libgcc.prologue
                0x00005f20        0x0 c:/program files (x86)/atmel/studio/7.0/toolchain/avr8/avr8-gnu-toolchain/bin/../lib/gcc/avr/5.4.0/avrxmega7\libgcc.a(_umulhisi3.o)
 .text.libgcc.builtins
                0x00005f20        0x0 c:/program files (x86)/atmel/studio/7.0/toolchain/avr8/avr8-gnu-toolchain/bin/../lib/gcc/avr/5.4.0/avrxmega7\libgcc.a(_umulhisi3.o)
 .text.libgcc.fmul
                0x00005f20        0x0 c:/program files (x86)/atmel/studio/7.0/toolchain/avr8/avr8-gnu-toolchain/bin/../lib/gcc/avr/5.4.0/avrxmega7\libgcc.a(_umulhisi3.o)
 .text.libgcc.fixed
                0x00005f20        0x0 c:/program files (x86)/atmel/studio/7.0/toolchain/avr8/avr8-gnu-toolchain/bin/../lib/gcc/avr/5.4.0/avrxmega7\libgcc.a(_umulhisi3.o)
 .text.libgcc.mul
                0x00005f20        0xe c:/program files (x86)/atmel/studio/7.0/toolchain/avr8/avr8-gnu-toolchain/bin/../lib/gcc/avr/5.4.0/avrxmega7\libgcc.a(_usmulhisi3.o)
                0x00005f20                __usmulhisi3
                0x00005f24                __usmulhisi3_tail
 .text.libgcc.div
                0x00005f2e        0x0 c:/program files (x86)/atmel/studio/7.0/toolchain/avr8/avr8-gnu-toolchain/bin/../lib/gcc/avr/5.4.0/avrxmega7\libgcc.a(_usmulhisi3.o)
 .text.libgcc   0x00005f2e        0x0 c:/program files (x86)/atmel/studio/7.0/toolchain/avr8/avr8-gnu-toolchain/bin/../lib/gcc/avr/5.4.0/avrxmega7\libgcc.a(_usmulhisi3.o)
 .text.libgcc.prologue
                0x00005f2e        0x0 c:/program files (x86)/atmel/studio/7.0/toolchain/avr8/avr8-gnu-toolchain/bin/../lib/gcc/avr/5.4.0/avrxmega7\libgcc.a(_usmulhisi3.o)
 .text.libgcc.builtins
                0x00005f2e        0x0 c:/program files (x86)/atmel/studio/7.0/toolchain/avr8/avr8-gnu-toolchain/bin/../lib/gcc/avr/5.4.0/avrxmega7\libgcc.a(_usmulhisi3.o)
 .text.libgcc.fmul
                0x00005f2e        0x0 c:/program files (x86)/atmel/studio/7.0/toolchain/avr8/avr8-gnu-toolchain/bin/../lib/gcc/avr/5.4.0/avrxmega7\libgcc.a(_usmulhisi3.o)
 .text.libgcc.fixed
                0x00005f2e        0x0 c:/program files (x86)/atmel/studio/7.0/toolchain/avr8/avr8-gnu-toolchain/bin/../lib/gcc/avr/5.4.0/avrxmega7\libgcc.a(_usmulhisi3.o)
 .text.libgcc.mul
                0x00005f2e       0x16 c:/program files (x86)/atmel/studio/7.0/toolchain/avr8/avr8-gnu-toolchain/bin/../lib/gcc/avr/5.4.0/avrxmega7\libgcc.a(_muluhisi3.o)
                0x00005f2e                __muluhisi3
 .text.libgcc.div
                0x00005f44        0x0 c:/program files (x86)/atmel/studio/7.0/toolchain/avr8/avr8-gnu-toolchain/bin/../lib/gcc/avr/5.4.0/avrxmega7\libgcc.a(_muluhisi3.o)
 .text.libgcc   0x00005f44        0x0 c:/program files (x86)/atmel/studio/7.0/toolchain/avr8/avr8-gnu-toolchain/bin/../lib/gcc/avr/5.4.0/avrxmega7\libgcc.a(_muluhisi3.o)
 .text.libgcc.prologue
                0x00005f44        0x0 c:/program files (x86)/atmel/studio/7.0/toolchain/avr8/avr8-gnu-toolchain/bin/../lib/gcc/avr/5.4.0/avrxmega7\libgcc.a(_muluhisi3.o)
 .text.libgcc.builtins
                0x00005f44        0x0 c:/program files (x86)/atmel/studio/7.0/toolchain/avr8/avr8-gnu-toolchain/bin/../lib/gcc/avr/5.4.0/avrxmega7\libgcc.a(_muluhisi3.o)
 .text.libgcc.fmul
                0x00005f44        0x0 c:/program files (x86)/atmel/studio/7.0/toolchain/avr8/avr8-gnu-toolchain/bin/../lib/gcc/avr/5.4.0/avrxmega7\libgcc.a(_muluhisi3.o)
 .text.libgcc.fixed
                0x00005f44        0x0 c:/program files (x86)/atmel/studio/7.0/toolchain/avr8/avr8-gnu-toolchain/bin/../lib/gcc/avr/5.4.0/avrxmega7\libgcc.a(_muluhisi3.o)
 .text.libgcc.mul
                0x00005f44       0x10 c:/program files (x86)/atmel/studio/7.0/toolchain/avr8/avr8-gnu-toolchain/bin/../lib/gcc/avr/5.4.0/avrxmega7\libgcc.a(_mulshisi3.o)
                0x00005f44                __mulshisi3
                0x00005f4a                __mulohisi3
 .text.libgcc.div
                0x00005f54        0x0 c:/program files (x86)/atmel/studio/7.0/toolchain/avr8/avr8-gnu-toolchain/bin/../lib/gcc/avr/5.4.0/avrxmega7\libgcc.a(_mulshisi3.o)
 .text.libgcc   0x00005f54        0x0 c:/program files (x86)/atmel/studio/7.0/toolchain/avr8/avr8-gnu-toolchain/bin/../lib/gcc/avr/5.4.0/avrxmega7\libgcc.a(_mulshisi3.o)
 .text.libgcc.prologue
                0x00005f54        0x0 c:/program files (x86)/atmel/studio/7.0/toolchain/avr8/avr8-gnu-toolchain/bin/../lib/gcc/avr/5.4.0/avrxmega7\libgcc.a(_mulshisi3.o)
 .text.libgcc.builtins
                0x00005f54        0x0 c:/program files (x86)/atmel/studio/7.0/toolchain/avr8/avr8-gnu-toolchain/bin/../lib/gcc/avr/5.4.0/avrxmega7\libgcc.a(_mulshisi3.o)
 .text.libgcc.fmul
                0x00005f54        0x0 c:/program files (x86)/atmel/studio/7.0/toolchain/avr8/avr8-gnu-toolchain/bin/../lib/gcc/avr/5.4.0/avrxmega7\libgcc.a(_mulshisi3.o)
 .text.libgcc.fixed
                0x00005f54        0x0 c:/program files (x86)/atmel/studio/7.0/toolchain/avr8/avr8-gnu-toolchain/bin/../lib/gcc/avr/5.4.0/avrxmega7\libgcc.a(_mulshisi3.o)
 .text.avr-libc
                0x00005f54       0x12 c:/program files (x86)/atmel/studio/7.0/toolchain/avr8/avr8-gnu-toolchain/bin/../lib/gcc/avr/5.4.0/../../../../avr/lib/avrxmega7\libc.a(memcpy.o)
                0x00005f54                memcpy
                0x00005f66                . = ALIGN (0x2)
 *(.fini9)
 .fini9         0x00005f66        0x0 c:/program files (x86)/atmel/studio/7.0/toolchain/avr8/avr8-gnu-toolchain/bin/../lib/gcc/avr/5.4.0/avrxmega7\libgcc.a(_exit.o)
                0x00005f66                _exit
                0x00005f66                exit
 *(.fini9)
 *(.fini8)
 *(.fini8)
 *(.fini7)
 *(.fini7)
 *(.fini6)
 *(.fini6)
 *(.fini5)
 *(.fini5)
 *(.fini4)
 *(.fini4)
 *(.fini3)
 *(.fini3)
 *(.fini2)
 *(.fini2)
 *(.fini1)
 *(.fini1)
 *(.fini0)
 .fini0         0x00005f66        0x4 c:/program files (x86)/atmel/studio/7.0/toolchain/avr8/avr8-gnu-toolchain/bin/../lib/gcc/avr/5.4.0/avrxmega7\libgcc.a(_exit.o)
 *(.fini0)
                0x00005f6a                _etext = .

.data           0x00802000      0x3e2 load address 0x00005f6a
                0x00802000                PROVIDE (__data_start, .)
 *(.data)
 .data          0x00802000        0x0 C:/Program Files (x86)/Atmel/Studio/7.0/Packs/Atmel/XMEGAA_DFP/1.1.68/gcc/dev/atxmega128a1u/avrxmega7/crtatxmega128a1u.o
 .data          0x00802000        0x0 Blockly_Funtions.o
 .data          0x00802000        0x0 Bootloader/Convert.o
 .data          0x00802000        0x0 Bootloader/Programming.o
 .data          0x00802000        0x0 Bootloader/sp_driver.o
 .data          0x00802000        0x0 Communication/SPI.o
 .data          0x00802000        0x0 Communication/TWI.o
 .data          0x00802000        0x0 Communication/UART.o
 .data          0x00802000        0x0 Communication/USB_Functions.o
 .data          0x00802000        0x0 FactoryControl/Elevator.o
 .data          0x00802000        0x0 FactoryControl/IO_mappings.o
 .data          0x00802000        0x0 FactoryControl/Kleursensor.o
 .data          0x00802000        0x0 FactoryControl/pulseIn.o
 .data          0x00802000        0x0 FactoryControl/SorterArm.o
 .data          0x00802000        0x0 FactoryControl/Stepperdriver.o
 .data          0x00802000        0x0 main.o
 .data          0x00802000        0x0 src/ASF/common/services/usb/class/cdc/device/udi_cdc.o
 .data          0x00802000        0x0 src/ASF/common/services/usb/udc/udc.o
 .data          0x00802000        0x0 src/ASF/xmega/drivers/usb/usb_device.o
 .data          0x00802000        0x0 src/ASF/common/services/usb/class/cdc/device/udi_cdc_desc.o
 .data          0x00802000        0x0 src/ASF/common/services/sleepmgr/xmega/sleepmgr.o
 .data          0x00802000        0x0 src/ASF/common/services/clock/xmega/sysclk.o
 .data          0x00802000        0x0 src/ASF/xmega/drivers/nvm/nvm.o
 .data          0x00802000        0x0 src/ASF/xmega/drivers/nvm/nvm_asm.o
 .data          0x00802000        0x0 src/ASF/xmega/drivers/cpu/ccp.o
 .data          0x00802000        0x0 src/ASF/common/boards/user_board/init.o
 .data          0x00802000        0x0 src/main.o
 .data          0x00802000        0x0 c:/program files (x86)/atmel/studio/7.0/toolchain/avr8/avr8-gnu-toolchain/bin/../lib/gcc/avr/5.4.0/avrxmega7\libgcc.a(_mulsi3.o)
 .data          0x00802000        0x0 c:/program files (x86)/atmel/studio/7.0/toolchain/avr8/avr8-gnu-toolchain/bin/../lib/gcc/avr/5.4.0/avrxmega7\libgcc.a(_udivmodhi4.o)
 .data          0x00802000        0x0 c:/program files (x86)/atmel/studio/7.0/toolchain/avr8/avr8-gnu-toolchain/bin/../lib/gcc/avr/5.4.0/avrxmega7\libgcc.a(_divmodhi4.o)
 .data          0x00802000        0x0 c:/program files (x86)/atmel/studio/7.0/toolchain/avr8/avr8-gnu-toolchain/bin/../lib/gcc/avr/5.4.0/avrxmega7\libgcc.a(_udivmodsi4.o)
 .data          0x00802000        0x0 c:/program files (x86)/atmel/studio/7.0/toolchain/avr8/avr8-gnu-toolchain/bin/../lib/gcc/avr/5.4.0/avrxmega7\libgcc.a(_divmodsi4.o)
 .data          0x00802000        0x0 c:/program files (x86)/atmel/studio/7.0/toolchain/avr8/avr8-gnu-toolchain/bin/../lib/gcc/avr/5.4.0/avrxmega7\libgcc.a(_negsi2.o)
 .data          0x00802000        0x0 c:/program files (x86)/atmel/studio/7.0/toolchain/avr8/avr8-gnu-toolchain/bin/../lib/gcc/avr/5.4.0/avrxmega7\libgcc.a(_exit.o)
 .data          0x00802000        0x0 c:/program files (x86)/atmel/studio/7.0/toolchain/avr8/avr8-gnu-toolchain/bin/../lib/gcc/avr/5.4.0/avrxmega7\libgcc.a(_tablejump2.o)
 .data          0x00802000        0x0 c:/program files (x86)/atmel/studio/7.0/toolchain/avr8/avr8-gnu-toolchain/bin/../lib/gcc/avr/5.4.0/avrxmega7\libgcc.a(_copy_data.o)
 .data          0x00802000        0x0 c:/program files (x86)/atmel/studio/7.0/toolchain/avr8/avr8-gnu-toolchain/bin/../lib/gcc/avr/5.4.0/avrxmega7\libgcc.a(_clear_bss.o)
 .data          0x00802000        0x0 c:/program files (x86)/atmel/studio/7.0/toolchain/avr8/avr8-gnu-toolchain/bin/../lib/gcc/avr/5.4.0/avrxmega7\libgcc.a(_mulhisi3.o)
 .data          0x00802000        0x0 c:/program files (x86)/atmel/studio/7.0/toolchain/avr8/avr8-gnu-toolchain/bin/../lib/gcc/avr/5.4.0/avrxmega7\libgcc.a(_umulhisi3.o)
 .data          0x00802000        0x0 c:/program files (x86)/atmel/studio/7.0/toolchain/avr8/avr8-gnu-toolchain/bin/../lib/gcc/avr/5.4.0/avrxmega7\libgcc.a(_usmulhisi3.o)
 .data          0x00802000        0x0 c:/program files (x86)/atmel/studio/7.0/toolchain/avr8/avr8-gnu-toolchain/bin/../lib/gcc/avr/5.4.0/avrxmega7\libgcc.a(_muluhisi3.o)
 .data          0x00802000        0x0 c:/program files (x86)/atmel/studio/7.0/toolchain/avr8/avr8-gnu-toolchain/bin/../lib/gcc/avr/5.4.0/avrxmega7\libgcc.a(_mulshisi3.o)
 .data          0x00802000        0x0 c:/program files (x86)/atmel/studio/7.0/toolchain/avr8/avr8-gnu-toolchain/bin/../lib/gcc/avr/5.4.0/../../../../avr/lib/avrxmega7\libc.a(memcpy.o)
 *(.data*)
 .data._ZZ12programFlashhjhPhE15previousAddress
                0x00802000        0x2 Bootloader/Programming.o
 .data._ZZ12programFlashhjhPhE9firstByte
                0x00802002        0x1 Bootloader/Programming.o
 .data.udi_api_cdc_data
                0x00802003        0xa src/ASF/common/services/usb/class/cdc/device/udi_cdc.o
                0x00802003                udi_api_cdc_data
 .data.udi_api_cdc_comm
                0x0080200d        0xa src/ASF/common/services/usb/class/cdc/device/udi_cdc.o
                0x0080200d                udi_api_cdc_comm
 *fill*         0x00802017        0x1 
 .data.udc_string_desc
                0x00802018       0x1c src/ASF/common/services/usb/udc/udc.o
 .data.udc_string_product_name
                0x00802034        0xe src/ASF/common/services/usb/udc/udc.o
 .data.udc_string_manufacturer_name
                0x00802042        0x6 src/ASF/common/services/usb/udc/udc.o
 .data.udc_string_desc_languageid
                0x00802048        0x4 src/ASF/common/services/usb/udc/udc.o
 .data.udc_config
                0x0080204c        0x6 src/ASF/common/services/usb/class/cdc/device/udi_cdc_desc.o
                0x0080204c                udc_config
 .data.udc_config_fs
                0x00802052        0x4 src/ASF/common/services/usb/class/cdc/device/udi_cdc_desc.o
                0x00802052                udc_config_fs
 .data.udi_apis
                0x00802056        0x4 src/ASF/common/services/usb/class/cdc/device/udi_cdc_desc.o
                0x00802056                udi_apis
 .data.udc_desc_fs
                0x0080205a       0x44 src/ASF/common/services/usb/class/cdc/device/udi_cdc_desc.o
                0x0080205a                udc_desc_fs
 .data.udc_device_desc
                0x0080209e       0x12 src/ASF/common/services/usb/class/cdc/device/udi_cdc_desc.o
                0x0080209e                udc_device_desc
 .data.sleepmgr_configs
                0x008020b0        0x6 src/ASF/common/services/sleepmgr/xmega/sleepmgr.o
                0x008020b0                sleepmgr_configs
 *(.gnu.linkonce.d*)
 *(.rodata)
 *(.rodata*)
 .rodata.str1.1
                0x008020b6        0x0 Blockly_Funtions.o
                                  0x3 (size before relaxing)
 .rodata.str1.1
                0x008020b6       0xba Bootloader/Programming.o
 .rodata.str1.1
                0x00802170        0x3 Communication/UART.o
 .rodata.str1.1
                0x00802173        0x3 Communication/USB_Functions.o
 .rodata.str1.1
                0x00802173       0x6c FactoryControl/Elevator.o
 .rodata.str1.1
                0x008021df       0x3d FactoryControl/Kleursensor.o
                                 0x42 (size before relaxing)
 .rodata.str1.1
                0x0080221c       0x68 FactoryControl/SorterArm.o
 .rodata.str1.1
                0x00802284      0x15c main.o
 .rodata.str1.1
                0x008023e0        0x2 src/ASF/common/services/usb/udc/udc.o
 *(.gnu.linkonce.r*)
                0x008023e2                . = ALIGN (0x2)
                0x008023e2                _edata = .
                0x008023e2                PROVIDE (__data_end, .)

.bss            0x008023e2      0x2a5
                0x008023e2                PROVIDE (__bss_start, .)
 *(.bss)
 .bss           0x008023e2        0x0 C:/Program Files (x86)/Atmel/Studio/7.0/Packs/Atmel/XMEGAA_DFP/1.1.68/gcc/dev/atxmega128a1u/avrxmega7/crtatxmega128a1u.o
 .bss           0x008023e2        0x0 Blockly_Funtions.o
 .bss           0x008023e2        0x0 Bootloader/Convert.o
 .bss           0x008023e2        0x0 Bootloader/Programming.o
 .bss           0x008023e2        0x0 Bootloader/sp_driver.o
 .bss           0x008023e2        0x0 Communication/SPI.o
 .bss           0x008023e2        0x0 Communication/TWI.o
 .bss           0x008023e2        0x0 Communication/UART.o
 .bss           0x008023e2        0x0 Communication/USB_Functions.o
 .bss           0x008023e2        0x0 FactoryControl/Elevator.o
 .bss           0x008023e2        0x0 FactoryControl/IO_mappings.o
 .bss           0x008023e2        0x0 FactoryControl/Kleursensor.o
 .bss           0x008023e2        0x0 FactoryControl/pulseIn.o
 .bss           0x008023e2        0x0 FactoryControl/SorterArm.o
 .bss           0x008023e2        0x0 FactoryControl/Stepperdriver.o
 .bss           0x008023e2        0x0 main.o
 .bss           0x008023e2        0x0 src/ASF/common/services/usb/class/cdc/device/udi_cdc.o
 .bss           0x008023e2        0x0 src/ASF/common/services/usb/udc/udc.o
 .bss           0x008023e2        0x0 src/ASF/xmega/drivers/usb/usb_device.o
 .bss           0x008023e2        0x0 src/ASF/common/services/usb/class/cdc/device/udi_cdc_desc.o
 .bss           0x008023e2        0x0 src/ASF/common/services/sleepmgr/xmega/sleepmgr.o
 .bss           0x008023e2        0x0 src/ASF/common/services/clock/xmega/sysclk.o
 .bss           0x008023e2        0x0 src/ASF/xmega/drivers/nvm/nvm.o
 .bss           0x008023e2        0x0 src/ASF/xmega/drivers/nvm/nvm_asm.o
 .bss           0x008023e2        0x0 src/ASF/xmega/drivers/cpu/ccp.o
 .bss           0x008023e2        0x0 src/ASF/common/boards/user_board/init.o
 .bss           0x008023e2        0x0 src/main.o
 .bss           0x008023e2        0x0 c:/program files (x86)/atmel/studio/7.0/toolchain/avr8/avr8-gnu-toolchain/bin/../lib/gcc/avr/5.4.0/avrxmega7\libgcc.a(_mulsi3.o)
 .bss           0x008023e2        0x0 c:/program files (x86)/atmel/studio/7.0/toolchain/avr8/avr8-gnu-toolchain/bin/../lib/gcc/avr/5.4.0/avrxmega7\libgcc.a(_udivmodhi4.o)
 .bss           0x008023e2        0x0 c:/program files (x86)/atmel/studio/7.0/toolchain/avr8/avr8-gnu-toolchain/bin/../lib/gcc/avr/5.4.0/avrxmega7\libgcc.a(_divmodhi4.o)
 .bss           0x008023e2        0x0 c:/program files (x86)/atmel/studio/7.0/toolchain/avr8/avr8-gnu-toolchain/bin/../lib/gcc/avr/5.4.0/avrxmega7\libgcc.a(_udivmodsi4.o)
 .bss           0x008023e2        0x0 c:/program files (x86)/atmel/studio/7.0/toolchain/avr8/avr8-gnu-toolchain/bin/../lib/gcc/avr/5.4.0/avrxmega7\libgcc.a(_divmodsi4.o)
 .bss           0x008023e2        0x0 c:/program files (x86)/atmel/studio/7.0/toolchain/avr8/avr8-gnu-toolchain/bin/../lib/gcc/avr/5.4.0/avrxmega7\libgcc.a(_negsi2.o)
 .bss           0x008023e2        0x0 c:/program files (x86)/atmel/studio/7.0/toolchain/avr8/avr8-gnu-toolchain/bin/../lib/gcc/avr/5.4.0/avrxmega7\libgcc.a(_exit.o)
 .bss           0x008023e2        0x0 c:/program files (x86)/atmel/studio/7.0/toolchain/avr8/avr8-gnu-toolchain/bin/../lib/gcc/avr/5.4.0/avrxmega7\libgcc.a(_tablejump2.o)
 .bss           0x008023e2        0x0 c:/program files (x86)/atmel/studio/7.0/toolchain/avr8/avr8-gnu-toolchain/bin/../lib/gcc/avr/5.4.0/avrxmega7\libgcc.a(_copy_data.o)
 .bss           0x008023e2        0x0 c:/program files (x86)/atmel/studio/7.0/toolchain/avr8/avr8-gnu-toolchain/bin/../lib/gcc/avr/5.4.0/avrxmega7\libgcc.a(_clear_bss.o)
 .bss           0x008023e2        0x0 c:/program files (x86)/atmel/studio/7.0/toolchain/avr8/avr8-gnu-toolchain/bin/../lib/gcc/avr/5.4.0/avrxmega7\libgcc.a(_mulhisi3.o)
 .bss           0x008023e2        0x0 c:/program files (x86)/atmel/studio/7.0/toolchain/avr8/avr8-gnu-toolchain/bin/../lib/gcc/avr/5.4.0/avrxmega7\libgcc.a(_umulhisi3.o)
 .bss           0x008023e2        0x0 c:/program files (x86)/atmel/studio/7.0/toolchain/avr8/avr8-gnu-toolchain/bin/../lib/gcc/avr/5.4.0/avrxmega7\libgcc.a(_usmulhisi3.o)
 .bss           0x008023e2        0x0 c:/program files (x86)/atmel/studio/7.0/toolchain/avr8/avr8-gnu-toolchain/bin/../lib/gcc/avr/5.4.0/avrxmega7\libgcc.a(_muluhisi3.o)
 .bss           0x008023e2        0x0 c:/program files (x86)/atmel/studio/7.0/toolchain/avr8/avr8-gnu-toolchain/bin/../lib/gcc/avr/5.4.0/avrxmega7\libgcc.a(_mulshisi3.o)
 .bss           0x008023e2        0x0 c:/program files (x86)/atmel/studio/7.0/toolchain/avr8/avr8-gnu-toolchain/bin/../lib/gcc/avr/5.4.0/../../../../avr/lib/avrxmega7\libc.a(memcpy.o)
 *(.bss*)
 .bss._ZZ17TWI_ReceivePacketR10TWI_structPhhE7bResult
                0x008023e2        0x1 Communication/TWI.o
 .bss._ZZ17TWI_ReceivePacketR10TWI_structPhhE1i
                0x008023e3        0x2 Communication/TWI.o
 .bss.TWIF_RxCallback
                0x008023e5        0x2 Communication/TWI.o
                0x008023e5                TWIF_RxCallback
 .bss.TWIE_RxCallback
                0x008023e7        0x2 Communication/TWI.o
                0x008023e7                TWIE_RxCallback
 .bss.TWID_RxCallback
                0x008023e9        0x2 Communication/TWI.o
                0x008023e9                TWID_RxCallback
 .bss.TWIC_RxCallback
                0x008023eb        0x2 Communication/TWI.o
                0x008023eb                TWIC_RxCallback
 .bss.TWIF_TxCallback
                0x008023ed        0x2 Communication/TWI.o
                0x008023ed                TWIF_TxCallback
 .bss.TWIE_TxCallback
                0x008023ef        0x2 Communication/TWI.o
                0x008023ef                TWIE_TxCallback
 .bss.TWID_TxCallback
                0x008023f1        0x2 Communication/TWI.o
                0x008023f1                TWID_TxCallback
 .bss.TWIC_TxCallback
                0x008023f3        0x2 Communication/TWI.o
                0x008023f3                TWIC_TxCallback
 .bss.elevatorIsDown
                0x008023f5        0x1 FactoryControl/Elevator.o
                0x008023f5                elevatorIsDown
 .bss.elevatorIsUp
                0x008023f6        0x1 FactoryControl/Elevator.o
                0x008023f6                elevatorIsUp
 .bss.elevatorDirection
                0x008023f7        0x1 FactoryControl/Elevator.o
                0x008023f7                elevatorDirection
 .bss.saIsRight
                0x008023f8        0x1 FactoryControl/SorterArm.o
                0x008023f8                saIsRight
 .bss.saIsLeft  0x008023f9        0x1 FactoryControl/SorterArm.o
                0x008023f9                saIsLeft
 .bss.saDirection
                0x008023fa        0x1 FactoryControl/SorterArm.o
                0x008023fa                saDirection
 .bss.Result    0x008023fb        0x1 main.o
                0x008023fb                Result
 .bss.Started   0x008023fc        0x1 main.o
                0x008023fc                Started
 .bss.sof_zlp_counter.5229
                0x008023fd        0x2 src/ASF/common/services/usb/class/cdc/device/udi_cdc.o
 .bss.udi_cdc_tx_both_buf_to_send
                0x008023ff        0x1 src/ASF/common/services/usb/class/cdc/device/udi_cdc.o
 .bss.udi_cdc_tx_trans_ongoing
                0x00802400        0x1 src/ASF/common/services/usb/class/cdc/device/udi_cdc.o
 .bss.udi_cdc_tx_sof_num
                0x00802401        0x2 src/ASF/common/services/usb/class/cdc/device/udi_cdc.o
 .bss.udi_cdc_tx_buf_sel
                0x00802403        0x1 src/ASF/common/services/usb/class/cdc/device/udi_cdc.o
 .bss.udi_cdc_tx_buf_nb
                0x00802404        0x4 src/ASF/common/services/usb/class/cdc/device/udi_cdc.o
 .bss.udi_cdc_tx_buf
                0x00802408       0x80 src/ASF/common/services/usb/class/cdc/device/udi_cdc.o
 .bss.udi_cdc_rx_trans_ongoing