Archive member included to satisfy reference by file (symbol)

c:/program files (x86)/atmel/studio/7.0/toolchain/avr8/avr8-gnu-toolchain/bin/../lib/gcc/avr/5.4.0/avrxmega7\libgcc.a(_mulsi3.o)
                              FactoryControl/Kleursensor.o (__mulsi3)
c:/program files (x86)/atmel/studio/7.0/toolchain/avr8/avr8-gnu-toolchain/bin/../lib/gcc/avr/5.4.0/avrxmega7\libgcc.a(_udivmodhi4.o)
                              src/ASF/xmega/drivers/usb/usb_device.o (__udivmodhi4)
c:/program files (x86)/atmel/studio/7.0/toolchain/avr8/avr8-gnu-toolchain/bin/../lib/gcc/avr/5.4.0/avrxmega7\libgcc.a(_divmodhi4.o)
                              Blockly_Funtions.o (__divmodhi4)
c:/program files (x86)/atmel/studio/7.0/toolchain/avr8/avr8-gnu-toolchain/bin/../lib/gcc/avr/5.4.0/avrxmega7\libgcc.a(_udivmodsi4.o)
                              Communication/UART.o (__udivmodsi4)
c:/program files (x86)/atmel/studio/7.0/toolchain/avr8/avr8-gnu-toolchain/bin/../lib/gcc/avr/5.4.0/avrxmega7\libgcc.a(_divmodsi4.o)
                              FactoryControl/Kleursensor.o (__divmodsi4)
c:/program files (x86)/atmel/studio/7.0/toolchain/avr8/avr8-gnu-toolchain/bin/../lib/gcc/avr/5.4.0/avrxmega7\libgcc.a(_negsi2.o)
                              c:/program files (x86)/atmel/studio/7.0/toolchain/avr8/avr8-gnu-toolchain/bin/../lib/gcc/avr/5.4.0/avrxmega7\libgcc.a(_divmodsi4.o) (__negsi2)
c:/program files (x86)/atmel/studio/7.0/toolchain/avr8/avr8-gnu-toolchain/bin/../lib/gcc/avr/5.4.0/avrxmega7\libgcc.a(_exit.o)
                              C:/Program Files (x86)/Atmel/Studio/7.0/Packs/Atmel/XMEGAA_DFP/1.1.68/gcc/dev/atxmega128a1u/avrxmega7/crtatxmega128a1u.o (exit)
c:/program files (x86)/atmel/studio/7.0/toolchain/avr8/avr8-gnu-toolchain/bin/../lib/gcc/avr/5.4.0/avrxmega7\libgcc.a(_tablejump2.o)
                              FactoryControl/Kleursensor.o (__tablejump2__)
c:/program files (x86)/atmel/studio/7.0/toolchain/avr8/avr8-gnu-toolchain/bin/../lib/gcc/avr/5.4.0/avrxmega7\libgcc.a(_copy_data.o)
                              Blockly_Funtions.o (__do_copy_data)
c:/program files (x86)/atmel/studio/7.0/toolchain/avr8/avr8-gnu-toolchain/bin/../lib/gcc/avr/5.4.0/avrxmega7\libgcc.a(_clear_bss.o)
                              Communication/TWI.o (__do_clear_bss)
c:/program files (x86)/atmel/studio/7.0/toolchain/avr8/avr8-gnu-toolchain/bin/../lib/gcc/avr/5.4.0/avrxmega7\libgcc.a(_mulhisi3.o)
                              Blockly_Funtions.o (__mulhisi3)
c:/program files (x86)/atmel/studio/7.0/toolchain/avr8/avr8-gnu-toolchain/bin/../lib/gcc/avr/5.4.0/avrxmega7\libgcc.a(_umulhisi3.o)
                              c:/program files (x86)/atmel/studio/7.0/toolchain/avr8/avr8-gnu-toolchain/bin/../lib/gcc/avr/5.4.0/avrxmega7\libgcc.a(_mulhisi3.o) (__umulhisi3)
c:/program files (x86)/atmel/studio/7.0/toolchain/avr8/avr8-gnu-toolchain/bin/../lib/gcc/avr/5.4.0/avrxmega7\libgcc.a(_usmulhisi3.o)
                              c:/program files (x86)/atmel/studio/7.0/toolchain/avr8/avr8-gnu-toolchain/bin/../lib/gcc/avr/5.4.0/avrxmega7\libgcc.a(_mulhisi3.o) (__usmulhisi3_tail)
c:/program files (x86)/atmel/studio/7.0/toolchain/avr8/avr8-gnu-toolchain/bin/../lib/gcc/avr/5.4.0/avrxmega7\libgcc.a(_muluhisi3.o)
                              FactoryControl/Kleursensor.o (__muluhisi3)
c:/program files (x86)/atmel/studio/7.0/toolchain/avr8/avr8-gnu-toolchain/bin/../lib/gcc/avr/5.4.0/../../../../avr/lib/avrxmega7\libc.a(memcpy.o)
                              src/ASF/common/services/usb/class/cdc/device/udi_cdc.o (memcpy)

Allocating common symbols
Common symbol       size              file

udd_g_ctrlreq       0x10              src/ASF/xmega/drivers/usb/usb_device.o
sleepmgr_locks      0x6               src/ASF/common/services/sleepmgr/xmega/sleepmgr.o

Discarded input sections

 .group         0x00000000        0x8 src/ASF/common/services/usb/class/cdc/device/udi_cdc.o
 .group         0x00000000        0x8 src/ASF/common/services/usb/class/cdc/device/udi_cdc.o
 .group         0x00000000        0x8 src/ASF/common/services/usb/class/cdc/device/udi_cdc.o
 .group         0x00000000        0x8 src/ASF/common/services/usb/class/cdc/device/udi_cdc.o
 .group         0x00000000        0x8 src/ASF/common/services/usb/class/cdc/device/udi_cdc.o
 .group         0x00000000        0x8 src/ASF/common/services/usb/class/cdc/device/udi_cdc.o
 .group         0x00000000        0x8 src/ASF/common/services/usb/class/cdc/device/udi_cdc.o
 .group         0x00000000        0x8 src/ASF/common/services/usb/class/cdc/device/udi_cdc.o
 .group         0x00000000        0x8 src/ASF/common/services/usb/class/cdc/device/udi_cdc.o
 .group         0x00000000        0x8 src/ASF/common/services/usb/class/cdc/device/udi_cdc.o
 .group         0x00000000        0x8 src/ASF/common/services/usb/class/cdc/device/udi_cdc.o
 .group         0x00000000        0x8 src/ASF/common/services/usb/class/cdc/device/udi_cdc.o
[...]
Memory Configuration

Name             Origin             Length             Attributes
text             0x00000000         0x00100000         xr
data             0x00802000         0x0000ffa0         rw !x
eeprom           0x00810000         0x00010000         rw !x
fuse             0x00820000         0x00000006         rw !x
lock             0x00830000         0x00000400         rw !x
signature        0x00840000         0x00000400         rw !x
user_signatures  0x00850000         0x00000400         rw !x
*default*        0x00000000         0xffffffff

Linker script and memory map

LOAD C:/Program Files (x86)/Atmel/Studio/7.0/Packs/Atmel/XMEGAA_DFP/1.1.68/gcc/dev/atxmega128a1u/avrxmega7/crtatxmega128a1u.o
LOAD Blockly_Funtions.o
LOAD Bootloader/Convert.o
LOAD Bootloader/Programming.o
LOAD Bootloader/sp_driver.o
LOAD Communication/SPI.o
LOAD Communication/TWI.o
LOAD Communication/UART.o
LOAD Communication/USB_Functions.o
LOAD FactoryControl/Elevator.o
LOAD FactoryControl/IO_mappings.o
LOAD FactoryControl/Kleursensor.o
LOAD FactoryControl/pulseIn.o
LOAD FactoryControl/SorterArm.o
LOAD FactoryControl/Stepperdriver.o
LOAD main.o
LOAD src/ASF/common/services/usb/class/cdc/device/udi_cdc.o
LOAD src/ASF/common/services/usb/udc/udc.o
LOAD src/ASF/xmega/drivers/usb/usb_device.o
LOAD src/ASF/common/services/usb/class/cdc/device/udi_cdc_desc.o
LOAD src/ASF/common/services/sleepmgr/xmega/sleepmgr.o
LOAD src/ASF/common/services/clock/xmega/sysclk.o
LOAD src/ASF/xmega/drivers/nvm/nvm.o
LOAD src/ASF/xmega/drivers/nvm/nvm_asm.o
LOAD src/ASF/xmega/drivers/cpu/ccp.o
LOAD src/ASF/common/boards/user_board/init.o
LOAD src/main.o
START GROUP
LOAD c:/program files (x86)/atmel/studio/7.0/toolchain/avr8/avr8-gnu-toolchain/bin/../lib/gcc/avr/5.4.0/../../../../avr/lib/avrxmega7\libm.a
END GROUP
Address of section .BOOT set to 0x20000
Address of section .jmp_table set to 0x7e00
Address of section .application set to 0x8000
LOAD c:/program files (x86)/atmel/studio/7.0/toolchain/avr8/avr8-gnu-toolchain/bin/../lib/gcc/avr/5.4.0/avrxmega7\libgcc.a
LOAD c:/program files (x86)/atmel/studio/7.0/toolchain/avr8/avr8-gnu-toolchain/bin/../lib/gcc/avr/5.4.0/../../../../avr/lib/avrxmega7\libm.a
START GROUP
LOAD c:/program files (x86)/atmel/studio/7.0/toolchain/avr8/avr8-gnu-toolchain/bin/../lib/gcc/avr/5.4.0/avrxmega7\libgcc.a
LOAD c:/program files (x86)/atmel/studio/7.0/toolchain/avr8/avr8-gnu-toolchain/bin/../lib/gcc/avr/5.4.0/../../../../avr/lib/avrxmega7\libm.a
LOAD c:/program files (x86)/atmel/studio/7.0/toolchain/avr8/avr8-gnu-toolchain/bin/../lib/gcc/avr/5.4.0/../../../../avr/lib/avrxmega7\libc.a
LOAD C:/Program Files (x86)/Atmel/Studio/7.0/Packs/Atmel/XMEGAA_DFP/1.1.68/gcc/dev/atxmega128a1u/avrxmega7\libatxmega128a1u.a
END GROUP
                0x00000000                __TEXT_REGION_ORIGIN__ = DEFINED (__TEXT_REGION_ORIGIN__)?__TEXT_REGION_ORIGIN__:0x0
                0x00802000                __DATA_REGION_ORIGIN__ = DEFINED (__DATA_REGION_ORIGIN__)?__DATA_REGION_ORIGIN__:0x802000
                0x00100000                __TEXT_REGION_LENGTH__ = DEFINED (__TEXT_REGION_LENGTH__)?__TEXT_REGION_LENGTH__:0x100000
                0x0000ffa0                __DATA_REGION_LENGTH__ = DEFINED (__DATA_REGION_LENGTH__)?__DATA_REGION_LENGTH__:0xffa0
                0x00010000                __EEPROM_REGION_LENGTH__ = DEFINED (__EEPROM_REGION_LENGTH__)?__EEPROM_REGION_LENGTH__:0x10000
                [0x00000006]                __FUSE_REGION_LENGTH__ = DEFINED (__FUSE_REGION_LENGTH__)?__FUSE_REGION_LENGTH__:0x400
                0x00000400                __LOCK_REGION_LENGTH__ = DEFINED (__LOCK_REGION_LENGTH__)?__LOCK_REGION_LENGTH__:0x400
                0x00000400                __SIGNATURE_REGION_LENGTH__ = DEFINED (__SIGNATURE_REGION_LENGTH__)?__SIGNATURE_REGION_LENGTH__:0x400
                0x00000400                __USER_SIGNATURE_REGION_LENGTH__ = DEFINED (__USER_SIGNATURE_REGION_LENGTH__)?__USER_SIGNATURE_REGION_LENGTH__:0x400

.hash
 *(.hash)

.dynsym
 *(.dynsym)

.dynstr
 *(.dynstr)

.gnu.version
 *(.gnu.version)

.gnu.version_d
 *(.gnu.version_d)

.gnu.version_r
 *(.gnu.version_r)

.rel.init
 *(.rel.init)

.rela.init
 *(.rela.init)

.rel.text
 *(.rel.text)
 *(.rel.text.*)
 *(.rel.gnu.linkonce.t*)

.rela.text
 *(.rela.text)
 *(.rela.text.*)
 *(.rela.gnu.linkonce.t*)

.rel.fini
 *(.rel.fini)

.rela.fini
 *(.rela.fini)

.rel.rodata
 *(.rel.rodata)
 *(.rel.rodata.*)
 *(.rel.gnu.linkonce.r*)

.rela.rodata
 *(.rela.rodata)
 *(.rela.rodata.*)
 *(.rela.gnu.linkonce.r*)

.rel.data
 *(.rel.data)
 *(.rel.data.*)
 *(.rel.gnu.linkonce.d*)

.rela.data
 *(.rela.data)
 *(.rela.data.*)
 *(.rela.gnu.linkonce.d*)

.rel.ctors
 *(.rel.ctors)

.rela.ctors
 *(.rela.ctors)

.rel.dtors
 *(.rel.dtors)

.rela.dtors
 *(.rela.dtors)

.rel.got
 *(.rel.got)

.rela.got
 *(.rela.got)

.rel.bss
 *(.rel.bss)

.rela.bss
 *(.rela.bss)

.rel.plt
 *(.rel.plt)

.rela.plt
 *(.rela.plt)

.text           0x00000000     0x6238
 *(.vectors)
 .vectors       0x00000000      0x1fc C:/Program Files (x86)/Atmel/Studio/7.0/Packs/Atmel/XMEGAA_DFP/1.1.68/gcc/dev/atxmega128a1u/avrxmega7/crtatxmega128a1u.o
                0x00000000                __vector_default
                0x00000000                __vectors
 *(.vectors)
 *(.progmem.gcc*)
 .progmem.gcc_sw_table.IO_ReadWrite
                0x000001fc       0x18 FactoryControl/Kleursensor.o
 .progmem.gcc_sw_table._Z12IO_ReadWritebh
                0x00000214       0x18 main.o
 .progmem.gcc_sw_table._Z15ReadSharpSensorh
                0x0000022c      0x188 main.o
 .progmem.gcc_sw_table.udd_ep_get_size
                0x000003b4        0xe src/ASF/xmega/drivers/usb/usb_device.o
                0x000003c2                . = ALIGN (0x2)
                0x000003c2                __trampolines_start = .
 *(.trampolines)
 .trampolines   0x000003c2      0x19c linker stubs
 *(.trampolines*)
                0x0000055e                __trampolines_end = .
 *libprintf_flt.a:*(.progmem.data)
 *libc.a:*(.progmem.data)
 *(.progmem*)
                0x0000055e                . = ALIGN (0x2)
 *(.jumptables)
 *(.jumptables*)
 *(.lowtext)
 *(.lowtext*)
                0x0000055e                __ctors_start = .
 *(.ctors)
                0x0000055e                __ctors_end = .
                0x0000055e                __dtors_start = .
 *(.dtors)
                0x0000055e                __dtors_end = .
 SORT(*)(.ctors)
 SORT(*)(.dtors)
 *(.init0)
 .init0         0x0000055e        0x0 C:/Program Files (x86)/Atmel/Studio/7.0/Packs/Atmel/XMEGAA_DFP/1.1.68/gcc/dev/atxmega128a1u/avrxmega7/crtatxmega128a1u.o
                0x0000055e                __init
 *(.init0)
 *(.init1)
 *(.init1)
 *(.init2)
 .init2         0x0000055e       0x18 C:/Program Files (x86)/Atmel/Studio/7.0/Packs/Atmel/XMEGAA_DFP/1.1.68/gcc/dev/atxmega128a1u/avrxmega7/crtatxmega128a1u.o
 *(.init2)
 *(.init3)
 *(.init3)
 *(.init4)
 .init4         0x00000576       0x1c c:/program files (x86)/atmel/studio/7.0/toolchain/avr8/avr8-gnu-toolchain/bin/../lib/gcc/avr/5.4.0/avrxmega7\libgcc.a(_copy_data.o)
                0x00000576                __do_copy_data
 .init4         0x00000592       0x10 c:/program files (x86)/atmel/studio/7.0/toolchain/avr8/avr8-gnu-toolchain/bin/../lib/gcc/avr/5.4.0/avrxmega7\libgcc.a(_clear_bss.o)
                0x00000592                __do_clear_bss
 *(.init4)
 *(.init5)
 *(.init5)
 *(.init6)
 *(.init6)
 *(.init7)
 *(.init7)
 *(.init8)
 *(.init8)
 *(.init9)
 .init9         0x000005a2        0x8 C:/Program Files (x86)/Atmel/Studio/7.0/Packs/Atmel/XMEGAA_DFP/1.1.68/gcc/dev/atxmega128a1u/avrxmega7/crtatxmega128a1u.o
 *(.init9)
 *(.text)
 .text          0x000005aa        0x4 C:/Program Files (x86)/Atmel/Studio/7.0/Packs/Atmel/XMEGAA_DFP/1.1.68/gcc/dev/atxmega128a1u/avrxmega7/crtatxmega128a1u.o
                0x000005aa                __vector_38
                0x000005aa                __vector_104
                0x000005aa                __vector_22
                0x000005aa                __vector_63
                0x000005aa                __vector_28
                0x000005aa                __vector_67
                0x000005aa                __vector_1
                0x000005aa                __vector_119
                0x000005aa                __vector_32
                0x000005aa                __vector_71
                0x000005aa                __vector_91
                0x000005aa                __vector_34
                0x000005aa                __vector_62
                0x000005aa                __vector_77
                0x000005aa                __vector_102
                0x000005aa                __vector_24
                0x000005aa                __vector_55
                0x000005aa                __vector_69
                0x000005aa                __vector_81
                0x000005aa                __vector_90
                0x000005aa                __vector_46
                0x000005aa                __bad_interrupt
                0x000005aa                __vector_122
                0x000005aa                __vector_72
                0x000005aa                __vector_114
                0x000005aa                __vector_6
                0x000005aa                __vector_110
                0x000005aa                __vector_31
                0x000005aa                __vector_92
                0x000005aa                __vector_35
                0x000005aa                __vector_78
                0x000005aa                __vector_74
                0x000005aa                __vector_117
                0x000005aa                __vector_39
                0x000005aa                __vector_107
                0x000005aa                __vector_3
                0x000005aa                __vector_105
                0x000005aa                __vector_98
                0x000005aa                __vector_23
                0x000005aa                __vector_68
                0x000005aa                __vector_30
                0x000005aa                __vector_73
                0x000005aa                __vector_25
                0x000005aa                __vector_93
                0x000005aa                __vector_61
                0x000005aa                __vector_11
                0x000005aa                __vector_54
                0x000005aa                __vector_99
                0x000005aa                __vector_13
                0x000005aa                __vector_17
                0x000005aa                __vector_19
                0x000005aa                __vector_56
                0x000005aa                __vector_7
                0x000005aa                __vector_49
                0x000005aa                __vector_123
                0x000005aa                __vector_41
                0x000005aa                __vector_86
                0x000005aa                __vector_64
                0x000005aa                __vector_88
                0x000005aa                __vector_109
                0x000005aa                __vector_43
                0x000005aa                __vector_27
                0x000005aa                __vector_5
                0x000005aa                __vector_113
                0x000005aa                __vector_33
                0x000005aa                __vector_76
                0x000005aa                __vector_115
                0x000005aa                __vector_47
                0x000005aa                __vector_52
                0x000005aa                __vector_37
                0x000005aa                __vector_95
                0x000005aa                __vector_103
                0x000005aa                __vector_96
                0x000005aa                __vector_89
                0x000005aa                __vector_108
                0x000005aa                __vector_4
                0x000005aa                __vector_44
                0x000005aa                __vector_82
                0x000005aa                __vector_118
                0x000005aa                __vector_51
                0x000005aa                __vector_9
                0x000005aa                __vector_2
                0x000005aa                __vector_21
                0x000005aa                __vector_15
                0x000005aa                __vector_66
                0x000005aa                __vector_36
                0x000005aa                __vector_79
                0x000005aa                __vector_58
                0x000005aa                __vector_70
                0x000005aa                __vector_83
                0x000005aa                __vector_29
                0x000005aa                __vector_60
                0x000005aa                __vector_121
                0x000005aa                __vector_40
                0x000005aa                __vector_85
                0x000005aa                __vector_94
                0x000005aa                __vector_8
                0x000005aa                __vector_26
                0x000005aa                __vector_48
                0x000005aa                __vector_124
                0x000005aa                __vector_116
                0x000005aa                __vector_112
                0x000005aa                __vector_111
                0x000005aa                __vector_80
                0x000005aa                __vector_14
                0x000005aa                __vector_84
                0x000005aa                __vector_57
                0x000005aa                __vector_53
                0x000005aa                __vector_10
                0x000005aa                __vector_50
                0x000005aa                __vector_16
                0x000005aa                __vector_59
                0x000005aa                __vector_18
                0x000005aa                __vector_97
                0x000005aa                __vector_20
                0x000005aa                __vector_42
                0x000005aa                __vector_87
                0x000005aa                __vector_65
                0x000005aa                __vector_120
 .text          0x000005ae        0x0 Blockly_Funtions.o
 .text          0x000005ae        0x0 Bootloader/Convert.o
 .text          0x000005ae        0x0 Bootloader/Programming.o
 .text          0x000005ae      0x108 Bootloader/sp_driver.o
                0x000005ae                SP_ReadByte
                0x000005ba                SP_ReadWord
                0x000005c8                SP_ReadCalibrationByte
                0x000005cc                SP_ReadUserSignatureByte
                0x000005d0                SP_ReadFuseByte
                0x000005e6                SP_WriteLockBits
                0x000005ee                SP_ReadLockBits
                0x000005f4                SP_EraseUserSignatureRow
                0x000005fc                SP_WriteUserSignatureRow
                0x00000604                SP_EraseApplicationSection
                0x0000060c                SP_EraseApplicationPage
                0x00000618                SP_LoadFlashWord
                0x00000622                SP_WriteApplicationPage
                0x0000062e                SP_EraseWriteApplicationPage
                0x0000063a                SP_EraseFlashBuffer
                0x00000642                SP_EraseBootPage
                0x0000064e                SP_WriteBootPage
                0x0000065a                SP_EraseWriteBootPage
                0x00000666                SP_ApplicationCRC
                0x0000066a                SP_BootCRC
                0x0000066e                SP_LockSPM
                0x0000067c                SP_WaitForSPM
 .text          0x000006b6        0x0 Communication/SPI.o
 .text          0x000006b6        0x0 Communication/TWI.o
 .text          0x000006b6        0x0 Communication/UART.o
 .text          0x000006b6        0x0 Communication/USB_Functions.o
 .text          0x000006b6        0x0 FactoryControl/Elevator.o
 .text          0x000006b6        0x0 FactoryControl/IO_mappings.o
 .text          0x000006b6        0x0 FactoryControl/Kleursensor.o
 .text          0x000006b6        0x0 FactoryControl/pulseIn.o
 .text          0x000006b6        0x0 FactoryControl/SorterArm.o
 .text          0x000006b6        0x0 FactoryControl/Stepperdriver.o
 .text          0x000006b6        0x0 main.o
 .text          0x000006b6        0x0 src/ASF/common/services/usb/class/cdc/device/udi_cdc.o
 .text          0x000006b6        0x0 src/ASF/common/services/usb/udc/udc.o
 .text          0x000006b6        0x0 src/ASF/xmega/drivers/usb/usb_device.o
 .text          0x000006b6        0x0 src/ASF/common/services/usb/class/cdc/device/udi_cdc_desc.o
 .text          0x000006b6        0x0 src/ASF/common/services/sleepmgr/xmega/sleepmgr.o
 .text          0x000006b6        0x0 src/ASF/common/services/clock/xmega/sysclk.o
 .text          0x000006b6        0x0 src/ASF/xmega/drivers/nvm/nvm.o
 .text          0x000006b6        0x0 src/ASF/xmega/drivers/nvm/nvm_asm.o
 .text          0x000006b6        0x0 src/ASF/xmega/drivers/cpu/ccp.o
 .text          0x000006b6        0x0 src/ASF/common/boards/user_board/init.o
 .text          0x000006b6        0x0 src/main.o
 .text          0x000006b6        0x0 c:/program files (x86)/atmel/studio/7.0/toolchain/avr8/avr8-gnu-toolchain/bin/../lib/gcc/avr/5.4.0/avrxmega7\libgcc.a(_mulsi3.o)
 .text          0x000006b6        0x0 c:/program files (x86)/atmel/studio/7.0/toolchain/avr8/avr8-gnu-toolchain/bin/../lib/gcc/avr/5.4.0/avrxmega7\libgcc.a(_udivmodhi4.o)
 .text          0x000006b6        0x0 c:/program files (x86)/atmel/studio/7.0/toolchain/avr8/avr8-gnu-toolchain/bin/../lib/gcc/avr/5.4.0/avrxmega7\libgcc.a(_divmodhi4.o)
 .text          0x000006b6        0x0 c:/program files (x86)/atmel/studio/7.0/toolchain/avr8/avr8-gnu-toolchain/bin/../lib/gcc/avr/5.4.0/avrxmega7\libgcc.a(_udivmodsi4.o)
 .text          0x000006b6        0x0 c:/program files (x86)/atmel/studio/7.0/toolchain/avr8/avr8-gnu-toolchain/bin/../lib/gcc/avr/5.4.0/avrxmega7\libgcc.a(_divmodsi4.o)
 .text          0x000006b6        0x0 c:/program files (x86)/atmel/studio/7.0/toolchain/avr8/avr8-gnu-toolchain/bin/../lib/gcc/avr/5.4.0/avrxmega7\libgcc.a(_negsi2.o)
 .text          0x000006b6        0x0 c:/program files (x86)/atmel/studio/7.0/toolchain/avr8/avr8-gnu-toolchain/bin/../lib/gcc/avr/5.4.0/avrxmega7\libgcc.a(_exit.o)
 .text          0x000006b6        0x0 c:/program files (x86)/atmel/studio/7.0/toolchain/avr8/avr8-gnu-toolchain/bin/../lib/gcc/avr/5.4.0/avrxmega7\libgcc.a(_tablejump2.o)
 .text          0x000006b6        0x0 c:/program files (x86)/atmel/studio/7.0/toolchain/avr8/avr8-gnu-toolchain/bin/../lib/gcc/avr/5.4.0/avrxmega7\libgcc.a(_copy_data.o)
 .text          0x000006b6        0x0 c:/program files (x86)/atmel/studio/7.0/toolchain/avr8/avr8-gnu-toolchain/bin/../lib/gcc/avr/5.4.0/avrxmega7\libgcc.a(_clear_bss.o)
 .text          0x000006b6        0x0 c:/program files (x86)/atmel/studio/7.0/toolchain/avr8/avr8-gnu-toolchain/bin/../lib/gcc/avr/5.4.0/avrxmega7\libgcc.a(_mulhisi3.o)
 .text          0x000006b6        0x0 c:/program files (x86)/atmel/studio/7.0/toolchain/avr8/avr8-gnu-toolchain/bin/../lib/gcc/avr/5.4.0/avrxmega7\libgcc.a(_umulhisi3.o)
 .text          0x000006b6        0x0 c:/program files (x86)/atmel/studio/7.0/toolchain/avr8/avr8-gnu-toolchain/bin/../lib/gcc/avr/5.4.0/avrxmega7\libgcc.a(_usmulhisi3.o)
 .text          0x000006b6        0x0 c:/program files (x86)/atmel/studio/7.0/toolchain/avr8/avr8-gnu-toolchain/bin/../lib/gcc/avr/5.4.0/avrxmega7\libgcc.a(_muluhisi3.o)
 .text          0x000006b6        0x0 c:/program files (x86)/atmel/studio/7.0/toolchain/avr8/avr8-gnu-toolchain/bin/../lib/gcc/avr/5.4.0/../../../../avr/lib/avrxmega7\libc.a(memcpy.o)
                0x000006b6                . = ALIGN (0x2)
 *(.text.*)
 .text._Z9delay1secv
                0x000006b6       0x14 Blockly_Funtions.o
                0x000006b6                _Z9delay1secv
 .text._Z8delay_msj
                0x000006ca       0x20 Blockly_Funtions.o
                0x000006ca                _Z8delay_msj
 .text._Z11printNumberj
                0x000006ea       0x18 Blockly_Funtions.o
                0x000006ea                _Z11printNumberj
 .text._Z6invertj
                0x00000702        0x8 Blockly_Funtions.o
                0x00000702                _Z6invertj
 .text._Z3addii
                0x0000070a       0x54 Blockly_Funtions.o
                0x0000070a                _Z3addii
 .text._Z8subtractii
                0x0000075e       0x56 Blockly_Funtions.o
                0x0000075e                _Z8subtractii
 .text._Z8multiplyii
                0x000007b4       0x32 Blockly_Funtions.o
                0x000007b4                _Z8multiplyii
 .text._Z6divideii
                0x000007e6        0x8 Blockly_Funtions.o
                0x000007e6                _Z6divideii
 .text._Z7isEqualii
                0x000007ee        0xe Blockly_Funtions.o
                0x000007ee                _Z7isEqualii
 .text._Z8isBiggerii
                0x000007fc        0xe Blockly_Funtions.o
                0x000007fc                _Z8isBiggerii
 .text._Z9isSmallerii
                0x0000080a        0xe Blockly_Funtions.o
                0x0000080a                _Z9isSmallerii
 .text._Z15isBiggerOrEqualii
                0x00000818        0xe Blockly_Funtions.o
                0x00000818                _Z15isBiggerOrEqualii
 .text._Z16isSmallerOrEqualii
                0x00000826        0xe Blockly_Funtions.o
                0x00000826                _Z16isSmallerOrEqualii
 .text._Z8logic_orbb
                0x00000834        0xc Blockly_Funtions.o
                0x00000834                _Z8logic_orbb
 .text._Z9logic_andbb
                0x00000840        0x6 Blockly_Funtions.o
                0x00000840                _Z9logic_andbb
 .text._Z9logic_xorbb
                0x00000846        0x4 Blockly_Funtions.o
                0x00000846                _Z9logic_xorbb
 .text._Z11hexToNibblec
                0x0000084a       0x28 Bootloader/Convert.o
                0x0000084a                _Z11hexToNibblec
 .text._Z9hexToBytecc
                0x00000872       0x22 Bootloader/Convert.o
                0x00000872                _Z9hexToBytecc
 .text._Z11resetDevicev
                0x00000894        0xe Bootloader/Programming.o
                0x00000894                _Z11resetDevicev
 .text._Z12programFlashhjhPh
                0x000008a2      0x130 Bootloader/Programming.o
                0x000008a2                _Z12programFlashhjhPh
 .text._Z14programHexLinePc
                0x000009d2      0x12a Bootloader/Programming.o
                0x000009d2                _Z14programHexLinePc
 .text._Z17receiveHexFileUSBv
                0x00000afc       0x54 Bootloader/Programming.o
                0x00000afc                _Z17receiveHexFileUSBv
 .text._Z10getUsbBootv
                0x00000b50       0x72 Bootloader/Programming.o
                0x00000b50                _Z10getUsbBootv
 .text._Z17receiveHexFileI2CPFvvE
                0x00000bc2       0x74 Bootloader/Programming.o
                0x00000bc2                _Z17receiveHexFileI2CPFvvE
 .text._Z8SPI_InitR10SPI_struct
                0x00000c36        0x8 Communication/SPI.o
                0x00000c36                _Z8SPI_InitR10SPI_struct
 .text._Z14SPI_TrancieverR10SPI_structh
                0x00000c3e        0xe Communication/SPI.o
                0x00000c3e                _Z14SPI_TrancieverR10SPI_structh
 .text._Z11SS_set_highR11PORT_structh
                0x00000c4c       0x1c Communication/SPI.o
                0x00000c4c                _Z11SS_set_highR11PORT_structh
 .text._Z10SS_set_lowR11PORT_structh
                0x00000c68       0x1c Communication/SPI.o
                0x00000c68                _Z10SS_set_lowR11PORT_structh
 .text._Z12SPI_CAN_ReadR10SPI_structhh
                0x00000c84       0x28 Communication/SPI.o
                0x00000c84                _Z12SPI_CAN_ReadR10SPI_structhh
 .text._Z13SPI_CAN_writeR10SPI_structhhh
                0x00000cac       0x2e Communication/SPI.o
                0x00000cac                _Z13SPI_CAN_writeR10SPI_structhhh
 .text._Z13TWI_HandleISRPFvvEPFvhER10TWI_struct
                0x00000cda       0x24 Communication/TWI.o
                0x00000cda                _Z13TWI_HandleISRPFvvEPFvhER10TWI_struct
 .text.__vector_12
                0x00000cfe       0x7a Communication/TWI.o
                0x00000cfe                __vector_12
 .text.__vector_75
                0x00000d78       0x7a Communication/TWI.o
                0x00000d78                __vector_75
 .text.__vector_45
                0x00000df2       0x7a Communication/TWI.o
                0x00000df2                __vector_45
 .text.__vector_106
                0x00000e6c       0x7a Communication/TWI.o
                0x00000e6c                __vector_106
 .text._Z8TWI_initR10TWI_struct
                0x00000ee6       0x14 Communication/TWI.o
                0x00000ee6                _Z8TWI_initR10TWI_struct
 .text._Z19TWI_RecievedAddressR10TWI_struct
                0x00000efa       0x18 Communication/TWI.o
                0x00000efa                _Z19TWI_RecievedAddressR10TWI_struct
 .text._Z17TWI_ReceivePacketR10TWI_structPhh
                0x00000f12       0x60 Communication/TWI.o
                0x00000f12                _Z17TWI_ReceivePacketR10TWI_structPhh
 .text._Z9TWI_WriteR10TWI_structh
                0x00000f72       0x66 Communication/TWI.o
                0x00000f72                _Z9TWI_WriteR10TWI_structh
 .text._Z13TWI_onRequestPFvvER10TWI_struct
                0x00000fd8       0x4c Communication/TWI.o
                0x00000fd8                _Z13TWI_onRequestPFvvER10TWI_struct
 .text._Z13TWI_onReceivePFvhER10TWI_struct
                0x00001024       0x4c Communication/TWI.o
                0x00001024                _Z13TWI_onReceivePFvhER10TWI_struct
 .text._Z10HexToASCIIh
                0x00001070        0xe Communication/UART.o
                0x00001070                _Z10HexToASCIIh
 .text._Z18USART_Set_BaudrateR12USART_structmm
                0x0000107e      0x226 Communication/UART.o
                0x0000107e                _Z18USART_Set_BaudrateR12USART_structmm
 .text._Z10USART_InitR12USART_structmmb
                0x000012a4       0x28 Communication/UART.o
                0x000012a4                _Z10USART_InitR12USART_structmmb
 .text._Z14USART_TransmitR12USART_structc
                0x000012cc        0xc Communication/UART.o
                0x000012cc                _Z14USART_TransmitR12USART_structc
 .text._Z13USART_ReceiveR12USART_struct
                0x000012d8        0xc Communication/UART.o
                0x000012d8                _Z13USART_ReceiveR12USART_struct
 .text._Z13USART_ReceiveR12USART_structjRb
                0x000012e4       0x38 Communication/UART.o
                0x000012e4                _Z13USART_ReceiveR12USART_structjRb
 .text._Z15USART_AvailableR12USART_struct
                0x0000131c        0xc Communication/UART.o
                0x0000131c                _Z15USART_AvailableR12USART_struct
 .text._Z20USART_TransmitStringR12USART_structPKc
                0x00001328       0x38 Communication/UART.o
                0x00001328                _Z20USART_TransmitStringR12USART_structPKc
 .text._Z14USART_TransmitR12USART_structPKch
                0x00001360       0x3e Communication/UART.o
                0x00001360                _Z14USART_TransmitR12USART_structPKch
 .text._Z18USART_Transmit_HexR12USART_structc
                0x0000139e       0x3a Communication/UART.o
                0x0000139e                _Z18USART_Transmit_HexR12USART_structc
 .text._Z21USART_Transmit_NumberR12USART_structi
                0x000013d8       0xee Communication/UART.o
                0x000013d8                _Z21USART_Transmit_NumberR12USART_structi
 .text._Z18USART_TransmitDoneR12USART_struct
                0x000014c6        0xc Communication/UART.o
                0x000014c6                _Z18USART_TransmitDoneR12USART_struct
 .text._Z12USB_Transmitc
                0x000014d2        0x8 Communication/USB_Functions.o
                0x000014d2                _Z12USB_Transmitc
 .text._Z11USB_Receivev
                0x000014da        0xe Communication/USB_Functions.o
                0x000014da                _Z11USB_Receivev
 .text._Z11USB_ReceivejRb
                0x000014e8       0x4a Communication/USB_Functions.o
                0x000014e8                _Z11USB_ReceivejRb
 .text._Z13USB_Availablev
                0x00001532        0x6 Communication/USB_Functions.o
                0x00001532                _Z13USB_Availablev
 .text._Z18USB_TransmitStringPKc
                0x00001538       0x2e Communication/USB_Functions.o
                0x00001538                _Z18USB_TransmitStringPKc
 .text._Z12USB_TransmitPKch
                0x00001566       0x34 Communication/USB_Functions.o
                0x00001566                _Z12USB_TransmitPKch
 .text._Z16USB_Transmit_Hexc
                0x0000159a       0x2c Communication/USB_Functions.o
                0x0000159a                _Z16USB_Transmit_Hexc
 .text._Z19USB_Transmit_Numberi
                0x000015c6       0xe0 Communication/USB_Functions.o
                0x000015c6                _Z19USB_Transmit_Numberi
 .text.StopElevator
                0x000016a6       0x3c FactoryControl/Elevator.o
                0x000016a6                StopElevator
 .text.ElevatorIsReady
                0x000016e2       0x2e FactoryControl/Elevator.o
                0x000016e2                ElevatorIsReady
 .text.ElevatorButtonInISR
                0x00001710       0x28 FactoryControl/Elevator.o
                0x00001710                ElevatorButtonInISR
 .text.ElevatorInit
                0x00001738       0x60 FactoryControl/Elevator.o
                0x00001738                ElevatorInit
 .text.ElevatorInterruptSetup
                0x00001798       0x30 FactoryControl/Elevator.o
                0x00001798                ElevatorInterruptSetup
 .text.ConfigElevator
                0x000017c8       0xb2 FactoryControl/Elevator.o
                0x000017c8                ConfigElevator
 .text.MoveElevator
                0x0000187a       0x90 FactoryControl/Elevator.o
                0x0000187a                MoveElevator
 .text._Z11gpioSetModeh9gpioModes
                0x0000190a       0x14 FactoryControl/IO_mappings.o
                0x0000190a                _Z11gpioSetModeh9gpioModes
 .text._Z12gpioSetLevelhb
                0x0000191e       0x10 FactoryControl/IO_mappings.o
                0x0000191e                _Z12gpioSetLevelhb
 .text._Z12gpioGetLevelh
                0x0000192e        0xe FactoryControl/IO_mappings.o
                0x0000192e                _Z12gpioGetLevelh
 .text.IO_ReadWrite
                0x0000193c      0x182 FactoryControl/Kleursensor.o
                0x0000193c                IO_ReadWrite
 .text.SelectColour
                0x00001abe        0x2 FactoryControl/Kleursensor.o
                0x00001abe                SelectColour
 .text.CompareColours
                0x00001ac0        0xe FactoryControl/Kleursensor.o
                0x00001ac0                CompareColours
 .text.ReadOneColour
                0x00001ace       0x68 FactoryControl/Kleursensor.o
                0x00001ace                ReadOneColour
 .text.ValToColour
                0x00001b36       0x68 FactoryControl/Kleursensor.o
                0x00001b36                ValToColour
 .text.RoundColourVal
                0x00001b9e        0xc FactoryControl/Kleursensor.o
                0x00001b9e                RoundColourVal
 .text.FrequencyToColourVal
                0x00001baa       0x62 FactoryControl/Kleursensor.o
                0x00001baa                FrequencyToColourVal
 .text.ArrAvg   0x00001c0c       0x4a FactoryControl/Kleursensor.o
                0x00001c0c                ArrAvg
 .text.CompareStrings
                0x00001c56       0x1e FactoryControl/Kleursensor.o
                0x00001c56                CompareStrings
 .text.hex2int  0x00001c74       0x72 FactoryControl/Kleursensor.o
                0x00001c74                hex2int
 .text.ColourToRed
                0x00001ce6       0x2c FactoryControl/Kleursensor.o
                0x00001ce6                ColourToRed
 .text.ColourToGreen
                0x00001d12       0x2c FactoryControl/Kleursensor.o
                0x00001d12                ColourToGreen
 .text.ColourToBlue
                0x00001d3e       0x2c FactoryControl/Kleursensor.o
                0x00001d3e                ColourToBlue
 .text.ColourToIndex
                0x00001d6a       0x34 FactoryControl/Kleursensor.o
                0x00001d6a                ColourToIndex
 .text.ReadColourSensor
                0x00001d9e       0xc0 FactoryControl/Kleursensor.o
                0x00001d9e                ReadColourSensor
 .text.map      0x00001e5e       0x82 FactoryControl/Kleursensor.o
                0x00001e5e                map
 .text.pulseIn  0x00001ee0      0x16e FactoryControl/pulseIn.o
                0x00001ee0                pulseIn
 .text.SorterarmIsFinnished
                0x0000204e        0x4 FactoryControl/SorterArm.o
                0x0000204e                SorterarmIsFinnished
 .text.StopSorterArm
                0x00002052       0x30 FactoryControl/SorterArm.o
                0x00002052                StopSorterArm
 .text.SorterArmISR
                0x00002082       0x5e FactoryControl/SorterArm.o
                0x00002082                SorterArmISR
 .text._Z17SorterarmLinksISRv
                0x000020e0       0x10 FactoryControl/SorterArm.o
                0x000020e0                _Z17SorterarmLinksISRv
 .text._Z18SorterArmRechtsISRv
                0x000020f0       0x10 FactoryControl/SorterArm.o
                0x000020f0                _Z18SorterArmRechtsISRv
 .text.SaSetInput
                0x00002100      0x12a FactoryControl/SorterArm.o
                0x00002100                SaSetInput
 .text.SaSetInterrupt
                0x0000222a       0xa2 FactoryControl/SorterArm.o
                0x0000222a                SaSetInterrupt
 .text.ConfigSorterArm
                0x000022cc       0xc8 FactoryControl/SorterArm.o
                0x000022cc                ConfigSorterArm
 .text.MoveSorterArm
                0x00002394       0x78 FactoryControl/SorterArm.o
                0x00002394                MoveSorterArm
 .text.HomeSorterArm
                0x0000240c       0x32 FactoryControl/SorterArm.o
                0x0000240c                HomeSorterArm
 .text.MoveSorterArmTo
                0x0000243e       0x92 FactoryControl/SorterArm.o
                0x0000243e                MoveSorterArmTo
 .text.MoveSorterArmDistance
                0x000024d0       0x7c FactoryControl/SorterArm.o
                0x000024d0                MoveSorterArmDistance
 .text._Z20stepperWriteRegisterhPKchhR12USART_struct
                0x0000254c       0xaa FactoryControl/Stepperdriver.o
                0x0000254c                _Z20stepperWriteRegisterhPKchhR12USART_struct
 .text._Z22ChangeDirectionStepperbh
                0x000025f6       0x30 FactoryControl/Stepperdriver.o
                0x000025f6                _Z22ChangeDirectionStepperbh
 .text._Z8MoveBeltbji
                0x00002626       0xb4 FactoryControl/Stepperdriver.o
                0x00002626                _Z8MoveBeltbji
 .text._Z8StopBeltj
                0x000026da       0x56 FactoryControl/Stepperdriver.o
                0x000026da                _Z8StopBeltj
 .text._Z13MoveTurntablebji
                0x00002730       0x9a FactoryControl/Stepperdriver.o
                0x00002730                _Z13MoveTurntablebji
 .text._Z13StopTurntablej
                0x000027ca       0x3e FactoryControl/Stepperdriver.o
                0x000027ca                _Z13StopTurntablej
 .text._Z13DemoTestBlockv
                0x00002808       0x64 FactoryControl/Stepperdriver.o
                0x00002808                _Z13DemoTestBlockv
 .text._Z17StopDemoTestBlockv
                0x0000286c       0x30 FactoryControl/Stepperdriver.o
                0x0000286c                _Z17StopDemoTestBlockv
 .text._Z10SetAddresshh
                0x0000289c       0x30 FactoryControl/Stepperdriver.o
                0x0000289c                _Z10SetAddresshh
 .text._Z9ToggleLEDv
                0x000028cc        0xc main.o
                0x000028cc                _Z9ToggleLEDv
 .text._Z3LEDb  0x000028d8       0x1c main.o
                0x000028d8                _Z3LEDb
 .text._Z9set_relaybh
                0x000028f4       0xaa main.o
                0x000028f4                _Z9set_relaybh
 .text._Z8Solenoidhb
                0x0000299e        0xc main.o
                0x0000299e                _Z8Solenoidhb
 .text._Z13PulseSolenoidh
                0x000029aa       0x2a main.o
                0x000029aa                _Z13PulseSolenoidh
 .text._Z14requestStartedv
                0x000029d4        0xe main.o
                0x000029d4                _Z14requestStartedv
 .text._Z13requestResultv
                0x000029e2        0xe main.o
                0x000029e2                _Z13requestResultv
 .text.sysclk_enable_peripheral_clock
                0x000029f0      0x2c0 main.o
 .text._Z12IO_ReadWritebh
                0x00002cb0      0x182 main.o
                0x00002cb0                _Z12IO_ReadWritebh
 .text._Z11DigitalReadi
                0x00002e32        0xa main.o
                0x00002e32                _Z11DigitalReadi
 .text._Z17ReadSignatureBytej
                0x00002e3c       0x10 main.o
                0x00002e3c                _Z17ReadSignatureBytej
 .text._Z12I_AnalogReadR13ADC_CH_structh
                0x00002e4c       0x50 main.o
                0x00002e4c                _Z12I_AnalogReadR13ADC_CH_structh
 .text._Z12I_AnalogReadR10ADC_structh
                0x00002e9c        0x8 main.o
                0x00002e9c                _Z12I_AnalogReadR10ADC_structh
 .text._Z8ADC_InitR10ADC_struct
                0x00002ea4       0x8e main.o
                0x00002ea4                _Z8ADC_InitR10ADC_struct
 .text._Z15ReadSharpSensorh
                0x00002f32       0x5a main.o
                0x00002f32                _Z15ReadSharpSensorh
 .text._Z10AnalogReadi
                0x00002f8c        0xe main.o
                0x00002f8c                _Z10AnalogReadi
 .text._Z15passthrough_TWIv
                0x00002f9a       0xec main.o
                0x00002f9a                _Z15passthrough_TWIv
 .text._Z16initOptocouplersv
                0x00003086        0x8 main.o
                0x00003086                _Z16initOptocouplersv
 .text._Z17I_OptocouplerReadh
                0x0000308e       0x60 main.o
                0x0000308e                _Z17I_OptocouplerReadh
 .text._Z15OptocouplerReadi
                0x000030ee        0x6 main.o
                0x000030ee                _Z15OptocouplerReadi
 .text.__vector_100
                0x000030f4       0x9c main.o
                0x000030f4                __vector_100
 .text.__vector_101
                0x00003190       0xb2 main.o
                0x00003190                __vector_101
 .text._Z8initLEDsv
                0x00003242        0xc main.o
                0x00003242                _Z8initLEDsv
 .text.main     0x0000324e      0x1c6 main.o
                0x0000324e                main
 .text._Z10ToggleLED1v
                0x00003414        0xc main.o
                0x00003414                _Z10ToggleLED1v
 .text._Z10ToggleLED2v
                0x00003420        0xc main.o
                0x00003420                _Z10ToggleLED2v
 .text.udi_cdc_comm_enable
                0x0000342c       0x56 src/ASF/common/services/usb/class/cdc/device/udi_cdc.o
                0x0000342c                udi_cdc_comm_enable
 .text.udi_cdc_comm_disable
                0x00003482        0xc src/ASF/common/services/usb/class/cdc/device/udi_cdc.o
                0x00003482                udi_cdc_comm_disable
 .text.udi_cdc_data_disable
                0x0000348e       0x14 src/ASF/common/services/usb/class/cdc/device/udi_cdc.o
                0x0000348e                udi_cdc_data_disable
 .text.udi_cdc_data_setup
                0x000034a2        0x4 src/ASF/common/services/usb/class/cdc/device/udi_cdc.o
                0x000034a2                udi_cdc_data_setup
 .text.udi_cdc_getsetting
                0x000034a6        0x4 src/ASF/common/services/usb/class/cdc/device/udi_cdc.o
                0x000034a6                udi_cdc_getsetting
 .text.udi_cdc_comm_setup
                0x000034aa       0x94 src/ASF/common/services/usb/class/cdc/device/udi_cdc.o
                0x000034aa                udi_cdc_comm_setup
 .text.udi_cdc_line_coding_received
                0x0000353e        0x2 src/ASF/common/services/usb/class/cdc/device/udi_cdc.o
 .text.udi_cdc_tx_send
                0x00003540      0x164 src/ASF/common/services/usb/class/cdc/device/udi_cdc.o
 .text.udi_cdc_data_sent
                0x000036a4       0x32 src/ASF/common/services/usb/class/cdc/device/udi_cdc.o
 .text.udi_cdc_data_sof_notify
                0x000036d6        0x8 src/ASF/common/services/usb/class/cdc/device/udi_cdc.o
                0x000036d6                udi_cdc_data_sof_notify
 .text.udi_cdc_ctrl_state_notify
                0x000036de       0x50 src/ASF/common/services/usb/class/cdc/device/udi_cdc.o
 .text.udi_cdc_ctrl_state_change
                0x0000372e       0x56 src/ASF/common/services/usb/class/cdc/device/udi_cdc.o
 .text.udi_cdc_serial_state_msg_sent
                0x00003784       0x2e src/ASF/common/services/usb/class/cdc/device/udi_cdc.o
 .text.udi_cdc_ctrl_signal_dcd
                0x000037b2        0xe src/ASF/common/services/usb/class/cdc/device/udi_cdc.o
                0x000037b2                udi_cdc_ctrl_signal_dcd
 .text.udi_cdc_ctrl_signal_dsr
                0x000037c0        0xe src/ASF/common/services/usb/class/cdc/device/udi_cdc.o
                0x000037c0                udi_cdc_ctrl_signal_dsr
 .text.udi_cdc_signal_framing_error
                0x000037ce        0xe src/ASF/common/services/usb/class/cdc/device/udi_cdc.o
                0x000037ce                udi_cdc_signal_framing_error
 .text.udi_cdc_signal_parity_error
                0x000037dc        0xe src/ASF/common/services/usb/class/cdc/device/udi_cdc.o
                0x000037dc                udi_cdc_signal_parity_error
 .text.udi_cdc_signal_overrun
                0x000037ea        0xe src/ASF/common/services/usb/class/cdc/device/udi_cdc.o
                0x000037ea                udi_cdc_signal_overrun
 .text.udi_cdc_multi_ctrl_signal_dcd
                0x000037f8        0xa src/ASF/common/services/usb/class/cdc/device/udi_cdc.o
                0x000037f8                udi_cdc_multi_ctrl_signal_dcd
 .text.udi_cdc_multi_ctrl_signal_dsr
                0x00003802        0xa src/ASF/common/services/usb/class/cdc/device/udi_cdc.o
                0x00003802                udi_cdc_multi_ctrl_signal_dsr
 .text.udi_cdc_multi_signal_framing_error
                0x0000380c        0xc src/ASF/common/services/usb/class/cdc/device/udi_cdc.o
                0x0000380c                udi_cdc_multi_signal_framing_error
 .text.udi_cdc_multi_signal_parity_error
                0x00003818        0xc src/ASF/common/services/usb/class/cdc/device/udi_cdc.o
                0x00003818                udi_cdc_multi_signal_parity_error
 .text.udi_cdc_multi_signal_overrun
                0x00003824        0xc src/ASF/common/services/usb/class/cdc/device/udi_cdc.o
                0x00003824                udi_cdc_multi_signal_overrun
 .text.udi_cdc_multi_get_nb_received_data
                0x00003830       0x3a src/ASF/common/services/usb/class/cdc/device/udi_cdc.o
                0x00003830                udi_cdc_multi_get_nb_received_data
 .text.udi_cdc_get_nb_received_data
                0x0000386a        0x8 src/ASF/common/services/usb/class/cdc/device/udi_cdc.o
                0x0000386a                udi_cdc_get_nb_received_data
 .text.udi_cdc_multi_is_rx_ready
                0x00003872       0x10 src/ASF/common/services/usb/class/cdc/device/udi_cdc.o
                0x00003872                udi_cdc_multi_is_rx_ready
 .text.udi_cdc_rx_start
                0x00003882       0x9c src/ASF/common/services/usb/class/cdc/device/udi_cdc.o
 .text.udi_cdc_data_enable
                0x0000391e       0x68 src/ASF/common/services/usb/class/cdc/device/udi_cdc.o
                0x0000391e                udi_cdc_data_enable
 .text.udi_cdc_data_received
                0x00003986       0x62 src/ASF/common/services/usb/class/cdc/device/udi_cdc.o
 .text.udi_cdc_is_rx_ready
                0x000039e8        0x8 src/ASF/common/services/usb/class/cdc/device/udi_cdc.o
                0x000039e8                udi_cdc_is_rx_ready
 .text.udi_cdc_multi_getc
                0x000039f0       0xaa src/ASF/common/services/usb/class/cdc/device/udi_cdc.o
                0x000039f0                udi_cdc_multi_getc
 .text.udi_cdc_getc
                0x00003a9a        0x8 src/ASF/common/services/usb/class/cdc/device/udi_cdc.o
                0x00003a9a                udi_cdc_getc
 .text.udi_cdc_multi_read_buf
                0x00003aa2       0xd4 src/ASF/common/services/usb/class/cdc/device/udi_cdc.o
                0x00003aa2                udi_cdc_multi_read_buf
 .text.udi_cdc_read_no_polling
                0x00003b76       0xc6 src/ASF/common/services/usb/class/cdc/device/udi_cdc.o
                0x00003b76                udi_cdc_read_no_polling
 .text.udi_cdc_read_buf
                0x00003c3c        0xc src/ASF/common/services/usb/class/cdc/device/udi_cdc.o
                0x00003c3c                udi_cdc_read_buf
 .text.udi_cdc_multi_get_free_tx_buffer
                0x00003c48       0x60 src/ASF/common/services/usb/class/cdc/device/udi_cdc.o
                0x00003c48                udi_cdc_multi_get_free_tx_buffer
 .text.udi_cdc_get_free_tx_buffer
                0x00003ca8        0x8 src/ASF/common/services/usb/class/cdc/device/udi_cdc.o
                0x00003ca8                udi_cdc_get_free_tx_buffer
 .text.udi_cdc_multi_is_tx_ready
                0x00003cb0       0x10 src/ASF/common/services/usb/class/cdc/device/udi_cdc.o
                0x00003cb0                udi_cdc_multi_is_tx_ready
 .text.udi_cdc_is_tx_ready
                0x00003cc0        0x8 src/ASF/common/services/usb/class/cdc/device/udi_cdc.o
                0x00003cc0                udi_cdc_is_tx_ready
 .text.udi_cdc_multi_putc
                0x00003cc8       0x9e src/ASF/common/services/usb/class/cdc/device/udi_cdc.o
                0x00003cc8                udi_cdc_multi_putc
 .text.udi_cdc_putc
                0x00003d66        0xa src/ASF/common/services/usb/class/cdc/device/udi_cdc.o
                0x00003d66                udi_cdc_putc
 .text.udi_cdc_multi_write_buf
                0x00003d70       0xea src/ASF/common/services/usb/class/cdc/device/udi_cdc.o
                0x00003d70                udi_cdc_multi_write_buf
 .text.udi_cdc_write_buf
                0x00003e5a        0xc src/ASF/common/services/usb/class/cdc/device/udi_cdc.o
                0x00003e5a                udi_cdc_write_buf
 .text.udc_next_desc_in_iface
                0x00003e66       0x6a src/ASF/common/services/usb/udc/udc.o
 .text.udc_valid_address
                0x00003ed0        0xc src/ASF/common/services/usb/udc/udc.o
 .text.udc_update_iface_desc
                0x00003edc       0x74 src/ASF/common/services/usb/udc/udc.o
 .text.udc_iface_disable
                0x00003f50       0x8a src/ASF/common/services/usb/udc/udc.o
 .text.udc_iface_enable
                0x00003fda       0x6a src/ASF/common/services/usb/udc/udc.o
 .text.udc_get_interface_desc
                0x00004044        0xa src/ASF/common/services/usb/udc/udc.o
                0x00004044                udc_get_interface_desc
 .text.udc_start
                0x0000404e        0x6 src/ASF/common/services/usb/udc/udc.o
                0x0000404e                udc_start
 .text.udc_reset
                0x00004054       0x50 src/ASF/common/services/usb/udc/udc.o
                0x00004054                udc_reset
 .text.udc_stop
                0x000040a4        0xa src/ASF/common/services/usb/udc/udc.o
                0x000040a4                udc_stop
 .text.udc_sof_notify
                0x000040ae       0x60 src/ASF/common/services/usb/udc/udc.o
                0x000040ae                udc_sof_notify
 .text.udc_process_setup
                0x0000410e      0x540 src/ASF/common/services/usb/udc/udc.o
                0x0000410e                udc_process_setup
 .text.udd_sleep_mode
                0x0000464e       0x70 src/ASF/xmega/drivers/usb/usb_device.o
 .text.udd_ctrl_init
                0x000046be       0x4a src/ASF/xmega/drivers/usb/usb_device.o
 .text.udd_ctrl_stall_data
                0x00004708       0x1c src/ASF/xmega/drivers/usb/usb_device.o
 .text.udd_ctrl_send_zlp_in
                0x00004724       0x1c src/ASF/xmega/drivers/usb/usb_device.o
 .text.udd_ctrl_endofrequest
                0x00004740       0x10 src/ASF/xmega/drivers/usb/usb_device.o
 .text.udd_ctrl_in_sent
                0x00004750       0xdc src/ASF/xmega/drivers/usb/usb_device.o
 .text.udd_ep_get_size
                0x0000482c       0x52 src/ASF/xmega/drivers/usb/usb_device.o
 .text.udd_ep_get_job
                0x0000487e       0x36 src/ASF/xmega/drivers/usb/usb_device.o
 .text.udd_ctrl_interrupt_tc_setup
                0x000048b4       0xee src/ASF/xmega/drivers/usb/usb_device.o
 .text.udd_ep_trans_complet
                0x000049a2      0x2c6 src/ASF/xmega/drivers/usb/usb_device.o
 .text.udd_disable
                0x00004c68       0x5c src/ASF/xmega/drivers/usb/usb_device.o
                0x00004c68                udd_disable
 .text.udd_include_vbus_monitoring
                0x00004cc4        0x4 src/ASF/xmega/drivers/usb/usb_device.o
                0x00004cc4                udd_include_vbus_monitoring
 .text.udd_attach
                0x00004cc8       0x5c src/ASF/xmega/drivers/usb/usb_device.o
                0x00004cc8                udd_attach
 .text.udd_enable
                0x00004d24      0x10c src/ASF/xmega/drivers/usb/usb_device.o
                0x00004d24                udd_enable
 .text.udd_detach
                0x00004e30        0xc src/ASF/xmega/drivers/usb/usb_device.o
                0x00004e30                udd_detach
 .text.udd_is_high_speed
                0x00004e3c        0x4 src/ASF/xmega/drivers/usb/usb_device.o
                0x00004e3c                udd_is_high_speed
 .text.udd_set_address
                0x00004e40        0x6 src/ASF/xmega/drivers/usb/usb_device.o
                0x00004e40                udd_set_address
 .text.udd_getaddress
                0x00004e46        0x6 src/ASF/xmega/drivers/usb/usb_device.o
                0x00004e46                udd_getaddress
 .text.udd_get_frame_number
                0x00004e4c        0xa src/ASF/xmega/drivers/usb/usb_device.o
                0x00004e4c                udd_get_frame_number
 .text.udd_get_micro_frame_number
                0x00004e56        0x6 src/ASF/xmega/drivers/usb/usb_device.o
                0x00004e56                udd_get_micro_frame_number
 .text.udd_send_remotewakeup
                0x00004e5c       0x20 src/ASF/xmega/drivers/usb/usb_device.o
                0x00004e5c                udd_send_remotewakeup
 .text.udd_set_setup_payload
                0x00004e7c        0xe src/ASF/xmega/drivers/usb/usb_device.o
                0x00004e7c                udd_set_setup_payload
 .text.udd_ep_alloc
                0x00004e8a      0x122 src/ASF/xmega/drivers/usb/usb_device.o
                0x00004e8a                udd_ep_alloc
 .text.udd_ep_is_halted
                0x00004fac       0x36 src/ASF/xmega/drivers/usb/usb_device.o
                0x00004fac                udd_ep_is_halted
 .text.udd_ep_clear_halt
                0x00004fe2       0x86 src/ASF/xmega/drivers/usb/usb_device.o
                0x00004fe2                udd_ep_clear_halt
 .text.udd_ep_run
                0x00005068      0x19c src/ASF/xmega/drivers/usb/usb_device.o
                0x00005068                udd_ep_run
 .text.udd_ep_abort
                0x00005204       0xa0 src/ASF/xmega/drivers/usb/usb_device.o
                0x00005204                udd_ep_abort
 .text.udd_ep_free
                0x000052a4       0x3a src/ASF/xmega/drivers/usb/usb_device.o
                0x000052a4                udd_ep_free
 .text.udd_ep_set_halt
                0x000052de       0x3c src/ASF/xmega/drivers/usb/usb_device.o
                0x000052de                udd_ep_set_halt
 .text.udd_ep_wait_stall_clear
                0x0000531a       0x6a src/ASF/xmega/drivers/usb/usb_device.o
                0x0000531a                udd_ep_wait_stall_clear
 .text.__vector_125
                0x00005384      0x19a src/ASF/xmega/drivers/usb/usb_device.o
                0x00005384                __vector_125
 .text.__vector_126
                0x0000551e      0x214 src/ASF/xmega/drivers/usb/usb_device.o
                0x0000551e                __vector_126
 .text.udd_ep_is_valid
                0x00005732       0x14 src/ASF/xmega/drivers/usb/usb_device.o
                0x00005732                udd_ep_is_valid
 .text.sysclk_init
                0x00005746       0xf6 src/ASF/common/services/clock/xmega/sysclk.o
                0x00005746                sysclk_init
 .text.sysclk_enable_module
                0x0000583c       0x2c src/ASF/common/services/clock/xmega/sysclk.o
                0x0000583c                sysclk_enable_module
 .text.sysclk_disable_module
                0x00005868       0x2a src/ASF/common/services/clock/xmega/sysclk.o
                0x00005868                sysclk_disable_module
 .text.sysclk_enable_usb
                0x00005892       0x8e src/ASF/common/services/clock/xmega/sysclk.o
                0x00005892                sysclk_enable_usb
 .text.sysclk_disable_usb
                0x00005920       0x14 src/ASF/common/services/clock/xmega/sysclk.o
                0x00005920                sysclk_disable_usb
 .text.nvm_read_device_serial
                0x00005934       0x90 src/ASF/xmega/drivers/nvm/nvm.o
                0x00005934                nvm_read_device_serial
 .text.nvm_eeprom_read_byte
                0x000059c4       0x22 src/ASF/xmega/drivers/nvm/nvm.o
                0x000059c4                nvm_eeprom_read_byte
 .text.nvm_eeprom_read_buffer
                0x000059e6       0x32 src/ASF/xmega/drivers/nvm/nvm.o
                0x000059e6                nvm_eeprom_read_buffer
 .text.nvm_eeprom_flush_buffer
                0x00005a18       0x24 src/ASF/xmega/drivers/nvm/nvm.o
                0x00005a18                nvm_eeprom_flush_buffer
 .text.nvm_eeprom_load_byte_to_buffer
                0x00005a3c       0x24 src/ASF/xmega/drivers/nvm/nvm.o
                0x00005a3c                nvm_eeprom_load_byte_to_buffer
 .text.nvm_eeprom_write_byte
                0x00005a60       0x50 src/ASF/xmega/drivers/nvm/nvm.o
                0x00005a60                nvm_eeprom_write_byte
 .text.nvm_eeprom_load_page_to_buffer
                0x00005ab0       0x2e src/ASF/xmega/drivers/nvm/nvm.o
                0x00005ab0                nvm_eeprom_load_page_to_buffer
 .text.nvm_eeprom_atomic_write_page
                0x00005ade       0x3c src/ASF/xmega/drivers/nvm/nvm.o
                0x00005ade                nvm_eeprom_atomic_write_page
 .text.nvm_eeprom_erase_and_write_buffer
                0x00005b1a       0x86 src/ASF/xmega/drivers/nvm/nvm.o
                0x00005b1a                nvm_eeprom_erase_and_write_buffer
 .text.nvm_eeprom_split_write_page
                0x00005ba0       0x3c src/ASF/xmega/drivers/nvm/nvm.o
                0x00005ba0                nvm_eeprom_split_write_page
 .text.nvm_eeprom_fill_buffer_with_value
                0x00005bdc       0x2a src/ASF/xmega/drivers/nvm/nvm.o
                0x00005bdc                nvm_eeprom_fill_buffer_with_value
 .text.nvm_eeprom_erase_bytes_in_page
                0x00005c06       0x3c src/ASF/xmega/drivers/nvm/nvm.o
                0x00005c06                nvm_eeprom_erase_bytes_in_page
 .text.nvm_eeprom_erase_page
                0x00005c42       0x14 src/ASF/xmega/drivers/nvm/nvm.o
                0x00005c42                nvm_eeprom_erase_page
 .text.nvm_eeprom_erase_bytes_in_all_pages
                0x00005c56       0x2e src/ASF/xmega/drivers/nvm/nvm.o
                0x00005c56                nvm_eeprom_erase_bytes_in_all_pages
 .text.nvm_eeprom_erase_all
                0x00005c84        0xc src/ASF/xmega/drivers/nvm/nvm.o
                0x00005c84                nvm_eeprom_erase_all
 .text.nvm_issue_flash_range_crc
                0x00005c90       0x5a src/ASF/xmega/drivers/nvm/nvm.o
                0x00005c90                nvm_issue_flash_range_crc
 .text.nvm_flash_read_buffer
                0x00005cea       0x34 src/ASF/xmega/drivers/nvm/nvm.o
                0x00005cea                nvm_flash_read_buffer
 .text.nvm_user_sig_read_buffer
                0x00005d1e       0x3c src/ASF/xmega/drivers/nvm/nvm.o
                0x00005d1e                nvm_user_sig_read_buffer
 .text.nvm_user_sig_write_buffer
                0x00005d5a      0x14e src/ASF/xmega/drivers/nvm/nvm.o
                0x00005d5a                nvm_user_sig_write_buffer
 .text.nvm_flash_erase_and_write_buffer
                0x00005ea8      0x192 src/ASF/xmega/drivers/nvm/nvm.o
                0x00005ea8                nvm_flash_erase_and_write_buffer
 .text.nvm_fuses_read
                0x0000603a       0x32 src/ASF/xmega/drivers/nvm/nvm.o
                0x0000603a                nvm_fuses_read
 .text.nvm_read_byte
                0x0000606c       0x14 src/ASF/xmega/drivers/nvm/nvm_asm.o
                0x0000606c                nvm_read_byte
 .text.ccp_write_io
                0x00006080        0xc src/ASF/xmega/drivers/cpu/ccp.o
                0x00006080                ccp_write_io
 .text.board_init
                0x0000608c       0x40 src/ASF/common/boards/user_board/init.o
                0x0000608c                board_init
 .text.libgcc.mul
                0x000060cc       0x20 c:/program files (x86)/atmel/studio/7.0/toolchain/avr8/avr8-gnu-toolchain/bin/../lib/gcc/avr/5.4.0/avrxmega7\libgcc.a(_mulsi3.o)
                0x000060cc                __mulsi3
 .text.libgcc.div
                0x000060ec        0x0 c:/program files (x86)/atmel/studio/7.0/toolchain/avr8/avr8-gnu-toolchain/bin/../lib/gcc/avr/5.4.0/avrxmega7\libgcc.a(_mulsi3.o)
 .text.libgcc   0x000060ec        0x0 c:/program files (x86)/atmel/studio/7.0/toolchain/avr8/avr8-gnu-toolchain/bin/../lib/gcc/avr/5.4.0/avrxmega7\libgcc.a(_mulsi3.o)
 .text.libgcc.prologue
                0x000060ec        0x0 c:/program files (x86)/atmel/studio/7.0/toolchain/avr8/avr8-gnu-toolchain/bin/../lib/gcc/avr/5.4.0/avrxmega7\libgcc.a(_mulsi3.o)
 .text.libgcc.builtins
                0x000060ec        0x0 c:/program files (x86)/atmel/studio/7.0/toolchain/avr8/avr8-gnu-toolchain/bin/../lib/gcc/avr/5.4.0/avrxmega7\libgcc.a(_mulsi3.o)
 .text.libgcc.fmul
                0x000060ec        0x0 c:/program files (x86)/atmel/studio/7.0/toolchain/avr8/avr8-gnu-toolchain/bin/../lib/gcc/avr/5.4.0/avrxmega7\libgcc.a(_mulsi3.o)
 .text.libgcc.fixed
                0x000060ec        0x0 c:/program files (x86)/atmel/studio/7.0/toolchain/avr8/avr8-gnu-toolchain/bin/../lib/gcc/avr/5.4.0/avrxmega7\libgcc.a(_mulsi3.o)
 .text.libgcc.mul
                0x000060ec        0x0 c:/program files (x86)/atmel/studio/7.0/toolchain/avr8/avr8-gnu-toolchain/bin/../lib/gcc/avr/5.4.0/avrxmega7\libgcc.a(_udivmodhi4.o)
 .text.libgcc.div
                0x000060ec       0x28 c:/program files (x86)/atmel/studio/7.0/toolchain/avr8/avr8-gnu-toolchain/bin/../lib/gcc/avr/5.4.0/avrxmega7\libgcc.a(_udivmodhi4.o)
                0x000060ec                __udivmodhi4
 .text.libgcc   0x00006114        0x0 c:/program files (x86)/atmel/studio/7.0/toolchain/avr8/avr8-gnu-toolchain/bin/../lib/gcc/avr/5.4.0/avrxmega7\libgcc.a(_udivmodhi4.o)
 .text.libgcc.prologue
                0x00006114        0x0 c:/program files (x86)/atmel/studio/7.0/toolchain/avr8/avr8-gnu-toolchain/bin/../lib/gcc/avr/5.4.0/avrxmega7\libgcc.a(_udivmodhi4.o)
 .text.libgcc.builtins
                0x00006114        0x0 c:/program files (x86)/atmel/studio/7.0/toolchain/avr8/avr8-gnu-toolchain/bin/../lib/gcc/avr/5.4.0/avrxmega7\libgcc.a(_udivmodhi4.o)
 .text.libgcc.fmul
                0x00006114        0x0 c:/program files (x86)/atmel/studio/7.0/toolchain/avr8/avr8-gnu-toolchain/bin/../lib/gcc/avr/5.4.0/avrxmega7\libgcc.a(_udivmodhi4.o)
 .text.libgcc.fixed
                0x00006114        0x0 c:/program files (x86)/atmel/studio/7.0/toolchain/avr8/avr8-gnu-toolchain/bin/../lib/gcc/avr/5.4.0/avrxmega7\libgcc.a(_udivmodhi4.o)
 .text.libgcc.mul
                0x00006114        0x0 c:/program files (x86)/atmel/studio/7.0/toolchain/avr8/avr8-gnu-toolchain/bin/../lib/gcc/avr/5.4.0/avrxmega7\libgcc.a(_divmodhi4.o)
 .text.libgcc.div
                0x00006114       0x28 c:/program files (x86)/atmel/studio/7.0/toolchain/avr8/avr8-gnu-toolchain/bin/../lib/gcc/avr/5.4.0/avrxmega7\libgcc.a(_divmodhi4.o)
                0x00006114                _div
                0x00006114                __divmodhi4
 .text.libgcc   0x0000613c        0x0 c:/program files (x86)/atmel/studio/7.0/toolchain/avr8/avr8-gnu-toolchain/bin/../lib/gcc/avr/5.4.0/avrxmega7\libgcc.a(_divmodhi4.o)
 .text.libgcc.prologue
                0x0000613c        0x0 c:/program files (x86)/atmel/studio/7.0/toolchain/avr8/avr8-gnu-toolchain/bin/../lib/gcc/avr/5.4.0/avrxmega7\libgcc.a(_divmodhi4.o)
 .text.libgcc.builtins
                0x0000613c        0x0 c:/program files (x86)/atmel/studio/7.0/toolchain/avr8/avr8-gnu-toolchain/bin/../lib/gcc/avr/5.4.0/avrxmega7\libgcc.a(_divmodhi4.o)
 .text.libgcc.fmul
                0x0000613c        0x0 c:/program files (x86)/atmel/studio/7.0/toolchain/avr8/avr8-gnu-toolchain/bin/../lib/gcc/avr/5.4.0/avrxmega7\libgcc.a(_divmodhi4.o)
 .text.libgcc.fixed
                0x0000613c        0x0 c:/program files (x86)/atmel/studio/7.0/toolchain/avr8/avr8-gnu-toolchain/bin/../lib/gcc/avr/5.4.0/avrxmega7\libgcc.a(_divmodhi4.o)
 .text.libgcc.mul
                0x0000613c        0x0 c:/program files (x86)/atmel/studio/7.0/toolchain/avr8/avr8-gnu-toolchain/bin/../lib/gcc/avr/5.4.0/avrxmega7\libgcc.a(_udivmodsi4.o)
 .text.libgcc.div
                0x0000613c       0x44 c:/program files (x86)/atmel/studio/7.0/toolchain/avr8/avr8-gnu-toolchain/bin/../lib/gcc/avr/5.4.0/avrxmega7\libgcc.a(_udivmodsi4.o)
                0x0000613c                __udivmodsi4
 .text.libgcc   0x00006180        0x0 c:/program files (x86)/atmel/studio/7.0/toolchain/avr8/avr8-gnu-toolchain/bin/../lib/gcc/avr/5.4.0/avrxmega7\libgcc.a(_udivmodsi4.o)
 .text.libgcc.prologue
                0x00006180        0x0 c:/program files (x86)/atmel/studio/7.0/toolchain/avr8/avr8-gnu-toolchain/bin/../lib/gcc/avr/5.4.0/avrxmega7\libgcc.a(_udivmodsi4.o)
 .text.libgcc.builtins
                0x00006180        0x0 c:/program files (x86)/atmel/studio/7.0/toolchain/avr8/avr8-gnu-toolchain/bin/../lib/gcc/avr/5.4.0/avrxmega7\libgcc.a(_udivmodsi4.o)
 .text.libgcc.fmul
                0x00006180        0x0 c:/program files (x86)/atmel/studio/7.0/toolchain/avr8/avr8-gnu-toolchain/bin/../lib/gcc/avr/5.4.0/avrxmega7\libgcc.a(_udivmodsi4.o)
 .text.libgcc.fixed
                0x00006180        0x0 c:/program files (x86)/atmel/studio/7.0/toolchain/avr8/avr8-gnu-toolchain/bin/../lib/gcc/avr/5.4.0/avrxmega7\libgcc.a(_udivmodsi4.o)
 .text.libgcc.mul
                0x00006180        0x0 c:/program files (x86)/atmel/studio/7.0/toolchain/avr8/avr8-gnu-toolchain/bin/../lib/gcc/avr/5.4.0/avrxmega7\libgcc.a(_divmodsi4.o)
 .text.libgcc.div
                0x00006180       0x2e c:/program files (x86)/atmel/studio/7.0/toolchain/avr8/avr8-gnu-toolchain/bin/../lib/gcc/avr/5.4.0/avrxmega7\libgcc.a(_divmodsi4.o)
                0x00006180                __divmodsi4
 .text.libgcc   0x000061ae        0x0 c:/program files (x86)/atmel/studio/7.0/toolchain/avr8/avr8-gnu-toolchain/bin/../lib/gcc/avr/5.4.0/avrxmega7\libgcc.a(_divmodsi4.o)
 .text.libgcc.prologue
                0x000061ae        0x0 c:/program files (x86)/atmel/studio/7.0/toolchain/avr8/avr8-gnu-toolchain/bin/../lib/gcc/avr/5.4.0/avrxmega7\libgcc.a(_divmodsi4.o)
 .text.libgcc.builtins
                0x000061ae        0x0 c:/program files (x86)/atmel/studio/7.0/toolchain/avr8/avr8-gnu-toolchain/bin/../lib/gcc/avr/5.4.0/avrxmega7\libgcc.a(_divmodsi4.o)
 .text.libgcc.fmul
                0x000061ae        0x0 c:/program files (x86)/atmel/studio/7.0/toolchain/avr8/avr8-gnu-toolchain/bin/../lib/gcc/avr/5.4.0/avrxmega7\libgcc.a(_divmodsi4.o)
 .text.libgcc.fixed
                0x000061ae        0x0 c:/program files (x86)/atmel/studio/7.0/toolchain/avr8/avr8-gnu-toolchain/bin/../lib/gcc/avr/5.4.0/avrxmega7\libgcc.a(_divmodsi4.o)
 .text.libgcc.mul
                0x000061ae        0x0 c:/program files (x86)/atmel/studio/7.0/toolchain/avr8/avr8-gnu-toolchain/bin/../lib/gcc/avr/5.4.0/avrxmega7\libgcc.a(_negsi2.o)
 .text.libgcc.div
                0x000061ae       0x10 c:/program files (x86)/atmel/studio/7.0/toolchain/avr8/avr8-gnu-toolchain/bin/../lib/gcc/avr/5.4.0/avrxmega7\libgcc.a(_negsi2.o)
                0x000061ae                __negsi2
 .text.libgcc   0x000061be        0x0 c:/program files (x86)/atmel/studio/7.0/toolchain/avr8/avr8-gnu-toolchain/bin/../lib/gcc/avr/5.4.0/avrxmega7\libgcc.a(_negsi2.o)
 .text.libgcc.prologue
                0x000061be        0x0 c:/program files (x86)/atmel/studio/7.0/toolchain/avr8/avr8-gnu-toolchain/bin/../lib/gcc/avr/5.4.0/avrxmega7\libgcc.a(_negsi2.o)
 .text.libgcc.builtins
                0x000061be        0x0 c:/program files (x86)/atmel/studio/7.0/toolchain/avr8/avr8-gnu-toolchain/bin/../lib/gcc/avr/5.4.0/avrxmega7\libgcc.a(_negsi2.o)
 .text.libgcc.fmul
                0x000061be        0x0 c:/program files (x86)/atmel/studio/7.0/toolchain/avr8/avr8-gnu-toolchain/bin/../lib/gcc/avr/5.4.0/avrxmega7\libgcc.a(_negsi2.o)
 .text.libgcc.fixed
                0x000061be        0x0 c:/program files (x86)/atmel/studio/7.0/toolchain/avr8/avr8-gnu-toolchain/bin/../lib/gcc/avr/5.4.0/avrxmega7\libgcc.a(_negsi2.o)
 .text.libgcc.mul
                0x000061be        0x0 c:/program files (x86)/atmel/studio/7.0/toolchain/avr8/avr8-gnu-toolchain/bin/../lib/gcc/avr/5.4.0/avrxmega7\libgcc.a(_exit.o)
 .text.libgcc.div
                0x000061be        0x0 c:/program files (x86)/atmel/studio/7.0/toolchain/avr8/avr8-gnu-toolchain/bin/../lib/gcc/avr/5.4.0/avrxmega7\libgcc.a(_exit.o)
 .text.libgcc   0x000061be        0x0 c:/program files (x86)/atmel/studio/7.0/toolchain/avr8/avr8-gnu-toolchain/bin/../lib/gcc/avr/5.4.0/avrxmega7\libgcc.a(_exit.o)
 .text.libgcc.prologue
                0x000061be        0x0 c:/program files (x86)/atmel/studio/7.0/toolchain/avr8/avr8-gnu-toolchain/bin/../lib/gcc/avr/5.4.0/avrxmega7\libgcc.a(_exit.o)
 .text.libgcc.builtins
                0x000061be        0x0 c:/program files (x86)/atmel/studio/7.0/toolchain/avr8/avr8-gnu-toolchain/bin/../lib/gcc/avr/5.4.0/avrxmega7\libgcc.a(_exit.o)
 .text.libgcc.fmul
                0x000061be        0x0 c:/program files (x86)/atmel/studio/7.0/toolchain/avr8/avr8-gnu-toolchain/bin/../lib/gcc/avr/5.4.0/avrxmega7\libgcc.a(_exit.o)
 .text.libgcc.fixed
                0x000061be        0x0 c:/program files (x86)/atmel/studio/7.0/toolchain/avr8/avr8-gnu-toolchain/bin/../lib/gcc/avr/5.4.0/avrxmega7\libgcc.a(_exit.o)
 .text.libgcc.mul
                0x000061be        0x0 c:/program files (x86)/atmel/studio/7.0/toolchain/avr8/avr8-gnu-toolchain/bin/../lib/gcc/avr/5.4.0/avrxmega7\libgcc.a(_tablejump2.o)
 .text.libgcc.div
                0x000061be        0x0 c:/program files (x86)/atmel/studio/7.0/toolchain/avr8/avr8-gnu-toolchain/bin/../lib/gcc/avr/5.4.0/avrxmega7\libgcc.a(_tablejump2.o)
 .text.libgcc   0x000061be       0x12 c:/program files (x86)/atmel/studio/7.0/toolchain/avr8/avr8-gnu-toolchain/bin/../lib/gcc/avr/5.4.0/avrxmega7\libgcc.a(_tablejump2.o)
                0x000061be                __tablejump2__
 .text.libgcc.prologue
                0x000061d0        0x0 c:/program files (x86)/atmel/studio/7.0/toolchain/avr8/avr8-gnu-toolchain/bin/../lib/gcc/avr/5.4.0/avrxmega7\libgcc.a(_tablejump2.o)
 .text.libgcc.builtins
                0x000061d0        0x0 c:/program files (x86)/atmel/studio/7.0/toolchain/avr8/avr8-gnu-toolchain/bin/../lib/gcc/avr/5.4.0/avrxmega7\libgcc.a(_tablejump2.o)
 .text.libgcc.fmul
                0x000061d0        0x0 c:/program files (x86)/atmel/studio/7.0/toolchain/avr8/avr8-gnu-toolchain/bin/../lib/gcc/avr/5.4.0/avrxmega7\libgcc.a(_tablejump2.o)
 .text.libgcc.fixed
                0x000061d0        0x0 c:/program files (x86)/atmel/studio/7.0/toolchain/avr8/avr8-gnu-toolchain/bin/../lib/gcc/avr/5.4.0/avrxmega7\libgcc.a(_tablejump2.o)
 .text.libgcc.mul
                0x000061d0        0x0 c:/program files (x86)/atmel/studio/7.0/toolchain/avr8/avr8-gnu-toolchain/bin/../lib/gcc/avr/5.4.0/avrxmega7\libgcc.a(_copy_data.o)
 .text.libgcc.div
                0x000061d0        0x0 c:/program files (x86)/atmel/studio/7.0/toolchain/avr8/avr8-gnu-toolchain/bin/../lib/gcc/avr/5.4.0/avrxmega7\libgcc.a(_copy_data.o)
 .text.libgcc   0x000061d0        0x0 c:/program files (x86)/atmel/studio/7.0/toolchain/avr8/avr8-gnu-toolchain/bin/../lib/gcc/avr/5.4.0/avrxmega7\libgcc.a(_copy_data.o)
 .text.libgcc.prologue
                0x000061d0        0x0 c:/program files (x86)/atmel/studio/7.0/toolchain/avr8/avr8-gnu-toolchain/bin/../lib/gcc/avr/5.4.0/avrxmega7\libgcc.a(_copy_data.o)
 .text.libgcc.builtins
                0x000061d0        0x0 c:/program files (x86)/atmel/studio/7.0/toolchain/avr8/avr8-gnu-toolchain/bin/../lib/gcc/avr/5.4.0/avrxmega7\libgcc.a(_copy_data.o)
 .text.libgcc.fmul
                0x000061d0        0x0 c:/program files (x86)/atmel/studio/7.0/toolchain/avr8/avr8-gnu-toolchain/bin/../lib/gcc/avr/5.4.0/avrxmega7\libgcc.a(_copy_data.o)
 .text.libgcc.fixed
                0x000061d0        0x0 c:/program files (x86)/atmel/studio/7.0/toolchain/avr8/avr8-gnu-toolchain/bin/../lib/gcc/avr/5.4.0/avrxmega7\libgcc.a(_copy_data.o)
 .text.libgcc.mul
                0x000061d0        0x0 c:/program files (x86)/atmel/studio/7.0/toolchain/avr8/avr8-gnu-toolchain/bin/../lib/gcc/avr/5.4.0/avrxmega7\libgcc.a(_clear_bss.o)
 .text.libgcc.div
                0x000061d0        0x0 c:/program files (x86)/atmel/studio/7.0/toolchain/avr8/avr8-gnu-toolchain/bin/../lib/gcc/avr/5.4.0/avrxmega7\libgcc.a(_clear_bss.o)
 .text.libgcc   0x000061d0        0x0 c:/program files (x86)/atmel/studio/7.0/toolchain/avr8/avr8-gnu-toolchain/bin/../lib/gcc/avr/5.4.0/avrxmega7\libgcc.a(_clear_bss.o)
 .text.libgcc.prologue
                0x000061d0        0x0 c:/program files (x86)/atmel/studio/7.0/toolchain/avr8/avr8-gnu-toolchain/bin/../lib/gcc/avr/5.4.0/avrxmega7\libgcc.a(_clear_bss.o)
 .text.libgcc.builtins
                0x000061d0        0x0 c:/program files (x86)/atmel/studio/7.0/toolchain/avr8/avr8-gnu-toolchain/bin/../lib/gcc/avr/5.4.0/avrxmega7\libgcc.a(_clear_bss.o)
 .text.libgcc.fmul
                0x000061d0        0x0 c:/program files (x86)/atmel/studio/7.0/toolchain/avr8/avr8-gnu-toolchain/bin/../lib/gcc/avr/5.4.0/avrxmega7\libgcc.a(_clear_bss.o)
 .text.libgcc.fixed
                0x000061d0        0x0 c:/program files (x86)/atmel/studio/7.0/toolchain/avr8/avr8-gnu-toolchain/bin/../lib/gcc/avr/5.4.0/avrxmega7\libgcc.a(_clear_bss.o)
 .text.libgcc.mul
                0x000061d0       0x10 c:/program files (x86)/atmel/studio/7.0/toolchain/avr8/avr8-gnu-toolchain/bin/../lib/gcc/avr/5.4.0/avrxmega7\libgcc.a(_mulhisi3.o)
                0x000061d0                __mulhisi3
 .text.libgcc.div
                0x000061e0        0x0 c:/program files (x86)/atmel/studio/7.0/toolchain/avr8/avr8-gnu-toolchain/bin/../lib/gcc/avr/5.4.0/avrxmega7\libgcc.a(_mulhisi3.o)
 .text.libgcc   0x000061e0        0x0 c:/program files (x86)/atmel/studio/7.0/toolchain/avr8/avr8-gnu-toolchain/bin/../lib/gcc/avr/5.4.0/avrxmega7\libgcc.a(_mulhisi3.o)
 .text.libgcc.prologue
                0x000061e0        0x0 c:/program files (x86)/atmel/studio/7.0/toolchain/avr8/avr8-gnu-toolchain/bin/../lib/gcc/avr/5.4.0/avrxmega7\libgcc.a(_mulhisi3.o)
 .text.libgcc.builtins
                0x000061e0        0x0 c:/program files (x86)/atmel/studio/7.0/toolchain/avr8/avr8-gnu-toolchain/bin/../lib/gcc/avr/5.4.0/avrxmega7\libgcc.a(_mulhisi3.o)
 .text.libgcc.fmul
                0x000061e0        0x0 c:/program files (x86)/atmel/studio/7.0/toolchain/avr8/avr8-gnu-toolchain/bin/../lib/gcc/avr/5.4.0/avrxmega7\libgcc.a(_mulhisi3.o)
 .text.libgcc.fixed
                0x000061e0        0x0 c:/program files (x86)/atmel/studio/7.0/toolchain/avr8/avr8-gnu-toolchain/bin/../lib/gcc/avr/5.4.0/avrxmega7\libgcc.a(_mulhisi3.o)
 .text.libgcc.mul
                0x000061e0       0x1e c:/program files (x86)/atmel/studio/7.0/toolchain/avr8/avr8-gnu-toolchain/bin/../lib/gcc/avr/5.4.0/avrxmega7\libgcc.a(_umulhisi3.o)
                0x000061e0                __umulhisi3
 .text.libgcc.div
                0x000061fe        0x0 c:/program files (x86)/atmel/studio/7.0/toolchain/avr8/avr8-gnu-toolchain/bin/../lib/gcc/avr/5.4.0/avrxmega7\libgcc.a(_umulhisi3.o)
 .text.libgcc   0x000061fe        0x0 c:/program files (x86)/atmel/studio/7.0/toolchain/avr8/avr8-gnu-toolchain/bin/../lib/gcc/avr/5.4.0/avrxmega7\libgcc.a(_umulhisi3.o)
 .text.libgcc.prologue
                0x000061fe        0x0 c:/program files (x86)/atmel/studio/7.0/toolchain/avr8/avr8-gnu-toolchain/bin/../lib/gcc/avr/5.4.0/avrxmega7\libgcc.a(_umulhisi3.o)
 .text.libgcc.builtins
                0x000061fe        0x0 c:/program files (x86)/atmel/studio/7.0/toolchain/avr8/avr8-gnu-toolchain/bin/../lib/gcc/avr/5.4.0/avrxmega7\libgcc.a(_umulhisi3.o)
 .text.libgcc.fmul
                0x000061fe        0x0 c:/program files (x86)/atmel/studio/7.0/toolchain/avr8/avr8-gnu-toolchain/bin/../lib/gcc/avr/5.4.0/avrxmega7\libgcc.a(_umulhisi3.o)
 .text.libgcc.fixed
                0x000061fe        0x0 c:/program files (x86)/atmel/studio/7.0/toolchain/avr8/avr8-gnu-toolchain/bin/../lib/gcc/avr/5.4.0/avrxmega7\libgcc.a(_umulhisi3.o)
 .text.libgcc.mul
                0x000061fe        0xe c:/program files (x86)/atmel/studio/7.0/toolchain/avr8/avr8-gnu-toolchain/bin/../lib/gcc/avr/5.4.0/avrxmega7\libgcc.a(_usmulhisi3.o)
                0x000061fe                __usmulhisi3
                0x00006202                __usmulhisi3_tail
 .text.libgcc.div
                0x0000620c        0x0 c:/program files (x86)/atmel/studio/7.0/toolchain/avr8/avr8-gnu-toolchain/bin/../lib/gcc/avr/5.4.0/avrxmega7\libgcc.a(_usmulhisi3.o)
 .text.libgcc   0x0000620c        0x0 c:/program files (x86)/atmel/studio/7.0/toolchain/avr8/avr8-gnu-toolchain/bin/../lib/gcc/avr/5.4.0/avrxmega7\libgcc.a(_usmulhisi3.o)
 .text.libgcc.prologue
                0x0000620c        0x0 c:/program files (x86)/atmel/studio/7.0/toolchain/avr8/avr8-gnu-toolchain/bin/../lib/gcc/avr/5.4.0/avrxmega7\libgcc.a(_usmulhisi3.o)
 .text.libgcc.builtins
                0x0000620c        0x0 c:/program files (x86)/atmel/studio/7.0/toolchain/avr8/avr8-gnu-toolchain/bin/../lib/gcc/avr/5.4.0/avrxmega7\libgcc.a(_usmulhisi3.o)
 .text.libgcc.fmul
                0x0000620c        0x0 c:/program files (x86)/atmel/studio/7.0/toolchain/avr8/avr8-gnu-toolchain/bin/../lib/gcc/avr/5.4.0/avrxmega7\libgcc.a(_usmulhisi3.o)
 .text.libgcc.fixed
                0x0000620c        0x0 c:/program files (x86)/atmel/studio/7.0/toolchain/avr8/avr8-gnu-toolchain/bin/../lib/gcc/avr/5.4.0/avrxmega7\libgcc.a(_usmulhisi3.o)
 .text.libgcc.mul
                0x0000620c       0x16 c:/program files (x86)/atmel/studio/7.0/toolchain/avr8/avr8-gnu-toolchain/bin/../lib/gcc/avr/5.4.0/avrxmega7\libgcc.a(_muluhisi3.o)
                0x0000620c                __muluhisi3
 .text.libgcc.div
                0x00006222        0x0 c:/program files (x86)/atmel/studio/7.0/toolchain/avr8/avr8-gnu-toolchain/bin/../lib/gcc/avr/5.4.0/avrxmega7\libgcc.a(_muluhisi3.o)
 .text.libgcc   0x00006222        0x0 c:/program files (x86)/atmel/studio/7.0/toolchain/avr8/avr8-gnu-toolchain/bin/../lib/gcc/avr/5.4.0/avrxmega7\libgcc.a(_muluhisi3.o)
 .text.libgcc.prologue
                0x00006222        0x0 c:/program files (x86)/atmel/studio/7.0/toolchain/avr8/avr8-gnu-toolchain/bin/../lib/gcc/avr/5.4.0/avrxmega7\libgcc.a(_muluhisi3.o)
 .text.libgcc.builtins
                0x00006222        0x0 c:/program files (x86)/atmel/studio/7.0/toolchain/avr8/avr8-gnu-toolchain/bin/../lib/gcc/avr/5.4.0/avrxmega7\libgcc.a(_muluhisi3.o)
 .text.libgcc.fmul
                0x00006222        0x0 c:/program files (x86)/atmel/studio/7.0/toolchain/avr8/avr8-gnu-toolchain/bin/../lib/gcc/avr/5.4.0/avrxmega7\libgcc.a(_muluhisi3.o)
 .text.libgcc.fixed
                0x00006222        0x0 c:/program files (x86)/atmel/studio/7.0/toolchain/avr8/avr8-gnu-toolchain/bin/../lib/gcc/avr/5.4.0/avrxmega7\libgcc.a(_muluhisi3.o)
 .text.avr-libc
                0x00006222       0x12 c:/program files (x86)/atmel/studio/7.0/toolchain/avr8/avr8-gnu-toolchain/bin/../lib/gcc/avr/5.4.0/../../../../avr/lib/avrxmega7\libc.a(memcpy.o)
                0x00006222                memcpy
                0x00006234                . = ALIGN (0x2)
 *(.fini9)
 .fini9         0x00006234        0x0 c:/program files (x86)/atmel/studio/7.0/toolchain/avr8/avr8-gnu-toolchain/bin/../lib/gcc/avr/5.4.0/avrxmega7\libgcc.a(_exit.o)
                0x00006234                _exit
                0x00006234                exit
 *(.fini9)
 *(.fini8)
 *(.fini8)
 *(.fini7)
 *(.fini7)
 *(.fini6)
 *(.fini6)
 *(.fini5)
 *(.fini5)
 *(.fini4)
 *(.fini4)
 *(.fini3)
 *(.fini3)
 *(.fini2)
 *(.fini2)
 *(.fini1)
 *(.fini1)
 *(.fini0)
 .fini0         0x00006234        0x4 c:/program files (x86)/atmel/studio/7.0/toolchain/avr8/avr8-gnu-toolchain/bin/../lib/gcc/avr/5.4.0/avrxmega7\libgcc.a(_exit.o)
 *(.fini0)
                0x00006238                _etext = .

.data           0x00802000      0x3b4 load address 0x00006238
                0x00802000                PROVIDE (__data_start, .)
 *(.data)
 .data          0x00802000        0x0 C:/Program Files (x86)/Atmel/Studio/7.0/Packs/Atmel/XMEGAA_DFP/1.1.68/gcc/dev/atxmega128a1u/avrxmega7/crtatxmega128a1u.o
 .data          0x00802000        0x0 Blockly_Funtions.o
 .data          0x00802000        0x0 Bootloader/Convert.o
 .data          0x00802000        0x0 Bootloader/Programming.o
 .data          0x00802000        0x0 Bootloader/sp_driver.o
 .data          0x00802000        0x0 Communication/SPI.o
 .data          0x00802000        0x0 Communication/TWI.o
 .data          0x00802000        0x0 Communication/UART.o
 .data          0x00802000        0x0 Communication/USB_Functions.o
 .data          0x00802000        0x0 FactoryControl/Elevator.o
 .data          0x00802000        0x0 FactoryControl/IO_mappings.o
 .data          0x00802000        0x0 FactoryControl/Kleursensor.o
 .data          0x00802000        0x0 FactoryControl/pulseIn.o
 .data          0x00802000        0x0 FactoryControl/SorterArm.o
 .data          0x00802000        0x0 FactoryControl/Stepperdriver.o
 .data          0x00802000        0x0 main.o
 .data          0x00802000        0x0 src/ASF/common/services/usb/class/cdc/device/udi_cdc.o
 .data          0x00802000        0x0 src/ASF/common/services/usb/udc/udc.o
 .data          0x00802000        0x0 src/ASF/xmega/drivers/usb/usb_device.o
 .data          0x00802000        0x0 src/ASF/common/services/usb/class/cdc/device/udi_cdc_desc.o
 .data          0x00802000        0x0 src/ASF/common/services/sleepmgr/xmega/sleepmgr.o
 .data          0x00802000        0x0 src/ASF/common/services/clock/xmega/sysclk.o
 .data          0x00802000        0x0 src/ASF/xmega/drivers/nvm/nvm.o
 .data          0x00802000        0x0 src/ASF/xmega/drivers/nvm/nvm_asm.o
 .data          0x00802000        0x0 src/ASF/xmega/drivers/cpu/ccp.o
 .data          0x00802000        0x0 src/ASF/common/boards/user_board/init.o
 .data          0x00802000        0x0 src/main.o
 .data          0x00802000        0x0 c:/program files (x86)/atmel/studio/7.0/toolchain/avr8/avr8-gnu-toolchain/bin/../lib/gcc/avr/5.4.0/avrxmega7\libgcc.a(_mulsi3.o)
 .data          0x00802000        0x0 c:/program files (x86)/atmel/studio/7.0/toolchain/avr8/avr8-gnu-toolchain/bin/../lib/gcc/avr/5.4.0/avrxmega7\libgcc.a(_udivmodhi4.o)
 .data          0x00802000        0x0 c:/program files (x86)/atmel/studio/7.0/toolchain/avr8/avr8-gnu-toolchain/bin/../lib/gcc/avr/5.4.0/avrxmega7\libgcc.a(_divmodhi4.o)
 .data          0x00802000        0x0 c:/program files (x86)/atmel/studio/7.0/toolchain/avr8/avr8-gnu-toolchain/bin/../lib/gcc/avr/5.4.0/avrxmega7\libgcc.a(_udivmodsi4.o)
 .data          0x00802000        0x0 c:/program files (x86)/atmel/studio/7.0/toolchain/avr8/avr8-gnu-toolchain/bin/../lib/gcc/avr/5.4.0/avrxmega7\libgcc.a(_divmodsi4.o)
 .data          0x00802000        0x0 c:/program files (x86)/atmel/studio/7.0/toolchain/avr8/avr8-gnu-toolchain/bin/../lib/gcc/avr/5.4.0/avrxmega7\libgcc.a(_negsi2.o)
 .data          0x00802000        0x0 c:/program files (x86)/atmel/studio/7.0/toolchain/avr8/avr8-gnu-toolchain/bin/../lib/gcc/avr/5.4.0/avrxmega7\libgcc.a(_exit.o)
 .data          0x00802000        0x0 c:/program files (x86)/atmel/studio/7.0/toolchain/avr8/avr8-gnu-toolchain/bin/../lib/gcc/avr/5.4.0/avrxmega7\libgcc.a(_tablejump2.o)
 .data          0x00802000        0x0 c:/program files (x86)/atmel/studio/7.0/toolchain/avr8/avr8-gnu-toolchain/bin/../lib/gcc/avr/5.4.0/avrxmega7\libgcc.a(_copy_data.o)
 .data          0x00802000        0x0 c:/program files (x86)/atmel/studio/7.0/toolchain/avr8/avr8-gnu-toolchain/bin/../lib/gcc/avr/5.4.0/avrxmega7\libgcc.a(_clear_bss.o)
 .data          0x00802000        0x0 c:/program files (x86)/atmel/studio/7.0/toolchain/avr8/avr8-gnu-toolchain/bin/../lib/gcc/avr/5.4.0/avrxmega7\libgcc.a(_mulhisi3.o)
 .data          0x00802000        0x0 c:/program files (x86)/atmel/studio/7.0/toolchain/avr8/avr8-gnu-toolchain/bin/../lib/gcc/avr/5.4.0/avrxmega7\libgcc.a(_umulhisi3.o)
 .data          0x00802000        0x0 c:/program files (x86)/atmel/studio/7.0/toolchain/avr8/avr8-gnu-toolchain/bin/../lib/gcc/avr/5.4.0/avrxmega7\libgcc.a(_usmulhisi3.o)
 .data          0x00802000        0x0 c:/program files (x86)/atmel/studio/7.0/toolchain/avr8/avr8-gnu-toolchain/bin/../lib/gcc/avr/5.4.0/avrxmega7\libgcc.a(_muluhisi3.o)
 .data          0x00802000        0x0 c:/program files (x86)/atmel/studio/7.0/toolchain/avr8/avr8-gnu-toolchain/bin/../lib/gcc/avr/5.4.0/../../../../avr/lib/avrxmega7\libc.a(memcpy.o)
 *(.data*)
 .data._ZZ12programFlashhjhPhE15previousAddress
                0x00802000        0x2 Bootloader/Programming.o
 .data._ZZ12programFlashhjhPhE9firstByte
                0x00802002        0x1 Bootloader/Programming.o
 .data.colour   0x00802003        0x7 FactoryControl/Kleursensor.o
                0x00802003                colour
 .data.udi_api_cdc_data
                0x0080200a        0xa src/ASF/common/services/usb/class/cdc/device/udi_cdc.o
                0x0080200a                udi_api_cdc_data
 .data.udi_api_cdc_comm
                0x00802014        0xa src/ASF/common/services/usb/class/cdc/device/udi_cdc.o
                0x00802014                udi_api_cdc_comm
 .data.udc_string_desc
                0x0080201e       0x1c src/ASF/common/services/usb/udc/udc.o
 .data.udc_string_product_name
                0x0080203a        0xe src/ASF/common/services/usb/udc/udc.o
 .data.udc_string_manufacturer_name
                0x00802048        0x6 src/ASF/common/services/usb/udc/udc.o
 .data.udc_string_desc_languageid
                0x0080204e        0x4 src/ASF/common/services/usb/udc/udc.o
 .data.udc_config
                0x00802052        0x6 src/ASF/common/services/usb/class/cdc/device/udi_cdc_desc.o
                0x00802052                udc_config
 .data.udc_config_fs
                0x00802058        0x4 src/ASF/common/services/usb/class/cdc/device/udi_cdc_desc.o
                0x00802058                udc_config_fs
 .data.udi_apis
                0x0080205c        0x4 src/ASF/common/services/usb/class/cdc/device/udi_cdc_desc.o
                0x0080205c                udi_apis
 .data.udc_desc_fs
                0x00802060       0x44 src/ASF/common/services/usb/class/cdc/device/udi_cdc_desc.o
                0x00802060                udc_desc_fs
 .data.udc_device_desc
                0x008020a4       0x12 src/ASF/common/services/usb/class/cdc/device/udi_cdc_desc.o
                0x008020a4                udc_device_desc
 .data.sleepmgr_configs
                0x008020b6        0x6 src/ASF/common/services/sleepmgr/xmega/sleepmgr.o
                0x008020b6                sleepmgr_configs
 *(.gnu.linkonce.d*)
 *(.rodata)
 *(.rodata*)
 .rodata.str1.1
                0x008020bc        0x0 Blockly_Funtions.o
                                  0x3 (size before relaxing)
 .rodata.str1.1
                0x008020bc       0xba Bootloader/Programming.o
 .rodata.str1.1
                0x00802176        0x3 Communication/UART.o
 .rodata.str1.1
                0x00802179        0x3 Communication/USB_Functions.o
 .rodata.str1.1
                0x00802179       0x6c FactoryControl/Elevator.o
 .rodata.str1.1
                0x008021e5        0x8 FactoryControl/Kleursensor.o
                                  0xa (size before relaxing)
 .rodata.str1.1
                0x008021ed       0x68 FactoryControl/SorterArm.o
 .rodata.str1.1
                0x00802255      0x15c main.o
 .rodata.str1.1
                0x008023b1        0x2 src/ASF/common/services/usb/udc/udc.o
 *(.gnu.linkonce.r*)
                0x008023b4                . = ALIGN (0x2)
 *fill*         0x008023b3        0x1 
                0x008023b4                _edata = .
                0x008023b4                PROVIDE (__data_end, .)

.bss            0x008023b4      0x2b3
                0x008023b4                PROVIDE (__bss_start, .)
 *(.bss)
 .bss           0x008023b4        0x0 C:/Program Files (x86)/Atmel/Studio/7.0/Packs/Atmel/XMEGAA_DFP/1.1.68/gcc/dev/atxmega128a1u/avrxmega7/crtatxmega128a1u.o
 .bss           0x008023b4        0x0 Blockly_Funtions.o
 .bss           0x008023b4        0x0 Bootloader/Convert.o
 .bss           0x008023b4        0x0 Bootloader/Programming.o
 .bss           0x008023b4        0x0 Bootloader/sp_driver.o
 .bss           0x008023b4        0x0 Communication/SPI.o
 .bss           0x008023b4        0x0 Communication/TWI.o
 .bss           0x008023b4        0x0 Communication/UART.o
 .bss           0x008023b4        0x0 Communication/USB_Functions.o
 .bss           0x008023b4        0x0 FactoryControl/Elevator.o
 .bss           0x008023b4        0x0 FactoryControl/IO_mappings.o
 .bss           0x008023b4        0x0 FactoryControl/Kleursensor.o
 .bss           0x008023b4        0x0 FactoryControl/pulseIn.o
 .bss           0x008023b4        0x0 FactoryControl/SorterArm.o
 .bss           0x008023b4        0x0 FactoryControl/Stepperdriver.o
 .bss           0x008023b4        0x0 main.o
 .bss           0x008023b4        0x0 src/ASF/common/services/usb/class/cdc/device/udi_cdc.o
 .bss           0x008023b4        0x0 src/ASF/common/services/usb/udc/udc.o
 .bss           0x008023b4        0x0 src/ASF/xmega/drivers/usb/usb_device.o
 .bss           0x008023b4        0x0 src/ASF/common/services/usb/class/cdc/device/udi_cdc_desc.o
 .bss           0x008023b4        0x0 src/ASF/common/services/sleepmgr/xmega/sleepmgr.o
 .bss           0x008023b4        0x0 src/ASF/common/services/clock/xmega/sysclk.o
 .bss           0x008023b4        0x0 src/ASF/xmega/drivers/nvm/nvm.o
 .bss           0x008023b4        0x0 src/ASF/xmega/drivers/nvm/nvm_asm.o
 .bss           0x008023b4        0x0 src/ASF/xmega/drivers/cpu/ccp.o
 .bss           0x008023b4        0x0 src/ASF/common/boards/user_board/init.o
 .bss           0x008023b4        0x0 src/main.o
 .bss           0x008023b4        0x0 c:/program files (x86)/atmel/studio/7.0/toolchain/avr8/avr8-gnu-toolchain/bin/../lib/gcc/avr/5.4.0/avrxmega7\libgcc.a(_mulsi3.o)
 .bss           0x008023b4        0x0 c:/program files (x86)/atmel/studio/7.0/toolchain/avr8/avr8-gnu-toolchain/bin/../lib/gcc/avr/5.4.0/avrxmega7\libgcc.a(_udivmodhi4.o)
 .bss           0x008023b4        0x0 c:/program files (x86)/atmel/studio/7.0/toolchain/avr8/avr8-gnu-toolchain/bin/../lib/gcc/avr/5.4.0/avrxmega7\libgcc.a(_divmodhi4.o)
 .bss           0x008023b4        0x0 c:/program files (x86)/atmel/studio/7.0/toolchain/avr8/avr8-gnu-toolchain/bin/../lib/gcc/avr/5.4.0/avrxmega7\libgcc.a(_udivmodsi4.o)
 .bss           0x008023b4        0x0 c:/program files (x86)/atmel/studio/7.0/toolchain/avr8/avr8-gnu-toolchain/bin/../lib/gcc/avr/5.4.0/avrxmega7\libgcc.a(_divmodsi4.o)
 .bss           0x008023b4        0x0 c:/program files (x86)/atmel/studio/7.0/toolchain/avr8/avr8-gnu-toolchain/bin/../lib/gcc/avr/5.4.0/avrxmega7\libgcc.a(_negsi2.o)
 .bss           0x008023b4        0x0 c:/program files (x86)/atmel/studio/7.0/toolchain/avr8/avr8-gnu-toolchain/bin/../lib/gcc/avr/5.4.0/avrxmega7\libgcc.a(_exit.o)
 .bss           0x008023b4        0x0 c:/program files (x86)/atmel/studio/7.0/toolchain/avr8/avr8-gnu-toolchain/bin/../lib/gcc/avr/5.4.0/avrxmega7\libgcc.a(_tablejump2.o)
 .bss           0x008023b4        0x0 c:/program files (x86)/atmel/studio/7.0/toolchain/avr8/avr8-gnu-toolchain/bin/../lib/gcc/avr/5.4.0/avrxmega7\libgcc.a(_copy_data.o)
 .bss           0x008023b4        0x0 c:/program files (x86)/atmel/studio/7.0/toolchain/avr8/avr8-gnu-toolchain/bin/../lib/gcc/avr/5.4.0/avrxmega7\libgcc.a(_clear_bss.o)
 .bss           0x008023b4        0x0 c:/program files (x86)/atmel/studio/7.0/toolchain/avr8/avr8-gnu-toolchain/bin/../lib/gcc/avr/5.4.0/avrxmega7\libgcc.a(_mulhisi3.o)
 .bss           0x008023b4        0x0 c:/program files (x86)/atmel/studio/7.0/toolchain/avr8/avr8-gnu-toolchain/bin/../lib/gcc/avr/5.4.0/avrxmega7\libgcc.a(_umulhisi3.o)
 .bss           0x008023b4        0x0 c:/program files (x86)/atmel/studio/7.0/toolchain/avr8/avr8-gnu-toolchain/bin/../lib/gcc/avr/5.4.0/avrxmega7\libgcc.a(_usmulhisi3.o)
 .bss           0x008023b4        0x0 c:/program files (x86)/atmel/studio/7.0/toolchain/avr8/avr8-gnu-toolchain/bin/../lib/gcc/avr/5.4.0/avrxmega7\libgcc.a(_muluhisi3.o)
 .bss           0x008023b4        0x0 c:/program files (x86)/atmel/studio/7.0/toolchain/avr8/avr8-gnu-toolchain/bin/../lib/gcc/avr/5.4.0/../../../../avr/lib/avrxmega7\libc.a(memcpy.o)
 *(.bss*)
 .bss._ZZ17TWI_ReceivePacketR10TWI_structPhhE7bResult
                0x008023b4        0x1 Communication/TWI.o
 .bss._ZZ17TWI_ReceivePacketR10TWI_structPhhE1i
                0x008023b5        0x2 Communication/TWI.o
 .bss.TWIF_RxCallback
                0x008023b7        0x2 Communication/TWI.o
                0x008023b7                TWIF_RxCallback
 .bss.TWIE_RxCallback
                0x008023b9        0x2 Communication/TWI.o
                0x008023b9                TWIE_RxCallback
 .bss.TWID_RxCallback
                0x008023bb        0x2 Communication/TWI.o
                0x008023bb                TWID_RxCallback
 .bss.TWIC_RxCallback
                0x008023bd        0x2 Communication/TWI.o
                0x008023bd                TWIC_RxCallback
 .bss.TWIF_TxCallback
                0x008023bf        0x2 Communication/TWI.o
                0x008023bf                TWIF_TxCallback
 .bss.TWIE_TxCallback
                0x008023c1        0x2 Communication/TWI.o
                0x008023c1                TWIE_TxCallback
 .bss.TWID_TxCallback
                0x008023c3        0x2 Communication/TWI.o
                0x008023c3                TWID_TxCallback
 .bss.TWIC_TxCallback
                0x008023c5        0x2 Communication/TWI.o
                0x008023c5                TWIC_TxCallback
 .bss.elevatorIsDown
                0x008023c7        0x1 FactoryControl/Elevator.o
                0x008023c7                elevatorIsDown
 .bss.elevatorIsUp
                0x008023c8        0x1 FactoryControl/Elevator.o
                0x008023c8                elevatorIsUp
 .bss.elevatorDirection
                0x008023c9        0x1 FactoryControl/Elevator.o
                0x008023c9                elevatorDirection
 .bss.saIsRight
                0x008023ca        0x1 FactoryControl/SorterArm.o
                0x008023ca                saIsRight
 .bss.saIsLeft  0x008023cb        0x1 FactoryControl/SorterArm.o
                0x008023cb                saIsLeft
 .bss.saDirection
                0x008023cc        0x1 FactoryControl/SorterArm.o
                0x008023cc                saDirection
 .bss.Result    0x008023cd        0x1 main.o
                0x008023cd                Result
 .bss.Started   0x008023ce        0x1 main.o
                0x008023ce                Started
 .bss.sof_zlp_counter.5229
                0x008023cf        0x2 src/ASF/common/services/usb/class/cdc/device/udi_cdc.o
 .bss.udi_cdc_tx_both_buf_to_send
                0x008023d1        0x1 src/ASF/common/services/usb/class/cdc/device/udi_cdc.o
 .bss.udi_cdc_tx_trans_ongoing
                0x008023d2        0x1 src/ASF/common/services/usb/class/cdc/device/udi_cdc.o
 .bss.udi_cdc_tx_sof_num
                0x008023d3        0x2 src/ASF/common/services/usb/class/cdc/device/udi_cdc.o
 .bss.udi_cdc_tx_buf_sel
                0x008023d5        0x1 src/ASF/common/services/usb/class/cdc/device/udi_cdc.o
 .bss.udi_cdc_tx_buf_nb
                0x008023d6        0x4 src/ASF/common/services/usb/class/cdc/device/udi_cdc.o
 .bss.udi_cdc_tx_buf
                0x008023da       0x80 src/ASF/common/services/usb/class/cdc/device/udi_cdc.o
 .bss.udi_cdc_rx_trans_ongoing
                0x0080245a        0x1 src/ASF/common/services/usb/class/cdc/device/udi_cdc.o
 .bss.udi_cdc_rx_pos
                0x0080245b        0x2 src/ASF/common/services/usb/class/cdc/device/udi_cdc.o
 .bss.udi_cdc_rx_buf_sel
                0x0080245d        0x1 src/ASF/common/services/usb/class/cdc/device/udi_cdc.o
 .bss.udi_cdc_rx_buf_nb
                0x0080245e        0x4 src/ASF/common/services/usb/class/cdc/device/udi_cdc.o
 .bss.udi_cdc_rx_buf
                0x00802462       0x80 src/ASF/common/services/usb/class/cdc/device/udi_cdc.o
 .bss.udi_cdc_data_running
                0x008024e2        0x1 src/ASF/common/services/usb/class/cdc/device/udi_cdc.o